Component: ARM Compiler 5.06 update 1 (build 61) Tool: armlink [4d35a8]

==============================================================================

Section Cross References

    main.o(i.main) refers to delay.o(i.delay_init) for delay_init
    main.o(i.main) refers to misc.o(i.NVIC_PriorityGroupConfig) for NVIC_PriorityGroupConfig
    main.o(i.main) refers to usart.o(i.uart_init) for uart_init
    main.o(i.main) refers to led.o(i.LED_Init) for LED_Init
    main.o(i.main) refers to pid.o(i.PID_init) for PID_init
    main.o(i.main) refers to lcd.o(i.LCD_Init) for LCD_Init
    main.o(i.main) refers to key.o(i.KEY_Init) for KEY_Init
    main.o(i.main) refers to 24c02.o(i.AT24CXX_Init) for AT24CXX_Init
    main.o(i.main) refers to pwm.o(i.TIM3_PWM_Init) for TIM3_PWM_Init
    main.o(i.main) refers to pwm.o(i.TIM5_Cap_Init) for TIM5_Cap_Init
    main.o(i.main) refers to lcd.o(i.LCD_dateInit) for LCD_dateInit
    main.o(i.main) refers to key.o(i.Key_Scan) for Key_Scan
    main.o(i.main) refers to pwm.o(i.TIM5CH1_CAPTURE_HIGHTIME) for TIM5CH1_CAPTURE_HIGHTIME
    main.o(i.main) refers to dflt_clz.o(x$fpl$dfltu) for __aeabi_ui2d
    main.o(i.main) refers to ddiv.o(x$fpl$ddiv) for __aeabi_ddiv
    main.o(i.main) refers to d2f.o(x$fpl$d2f) for __aeabi_d2f
    main.o(i.main) refers to pid.o(i.PID_realize) for PID_realize
    main.o(i.main) refers to ffixu.o(x$fpl$ffixu) for __aeabi_f2uiz
    main.o(i.main) refers to stm32f10x_tim.o(i.TIM_SetCompare2) for TIM_SetCompare2
    main.o(i.main) refers to lcd.o(i.LCD_Coor) for LCD_Coor
    main.o(i.main) refers to lcd.o(i.LCD_Angle) for LCD_Angle
    main.o(i.main) refers to lcd.o(.data) for POINT_COLOR
    main.o(i.main) refers to key.o(.data) for MODE
    system_stm32f10x.o(i.SetSysClock) refers to system_stm32f10x.o(i.SetSysClockTo72) for SetSysClockTo72
    system_stm32f10x.o(i.SystemCoreClockUpdate) refers to system_stm32f10x.o(.data) for SystemCoreClock
    system_stm32f10x.o(i.SystemInit) refers to system_stm32f10x.o(i.SetSysClock) for SetSysClock
    delay.o(i.delay_init) refers to misc.o(i.SysTick_CLKSourceConfig) for SysTick_CLKSourceConfig
    delay.o(i.delay_init) refers to system_stm32f10x.o(.data) for SystemCoreClock
    delay.o(i.delay_init) refers to delay.o(.data) for fac_us
    delay.o(i.delay_ms) refers to delay.o(.data) for fac_ms
    delay.o(i.delay_us) refers to delay.o(.data) for fac_us
    usart.o(i.USART1_IRQHandler) refers (Special) to use_no_semi_2.o(.text) for __use_no_semihosting
    usart.o(i.USART1_IRQHandler) refers to stm32f10x_usart.o(i.USART_GetITStatus) for USART_GetITStatus
    usart.o(i.USART1_IRQHandler) refers to stm32f10x_usart.o(i.USART_ReceiveData) for USART_ReceiveData
    usart.o(i.USART1_IRQHandler) refers to usart.o(.data) for USART_RX_STA
    usart.o(i.USART1_IRQHandler) refers to usart.o(.bss) for USART_RX_BUF
    usart.o(i._sys_exit) refers (Special) to use_no_semi_2.o(.text) for __use_no_semihosting
    usart.o(i.fputc) refers (Special) to use_no_semi_2.o(.text) for __use_no_semihosting
    usart.o(i.uart_init) refers (Special) to use_no_semi_2.o(.text) for __use_no_semihosting
    usart.o(i.uart_init) refers to stm32f10x_rcc.o(i.RCC_APB2PeriphClockCmd) for RCC_APB2PeriphClockCmd
    usart.o(i.uart_init) refers to stm32f10x_gpio.o(i.GPIO_Init) for GPIO_Init
    usart.o(i.uart_init) refers to misc.o(i.NVIC_Init) for NVIC_Init
    usart.o(i.uart_init) refers to stm32f10x_usart.o(i.USART_Init) for USART_Init
    usart.o(i.uart_init) refers to stm32f10x_usart.o(i.USART_ITConfig) for USART_ITConfig
    usart.o(i.uart_init) refers to stm32f10x_usart.o(i.USART_Cmd) for USART_Cmd
    usart.o(.bss) refers (Special) to use_no_semi_2.o(.text) for __use_no_semihosting
    usart.o(.data) refers (Special) to use_no_semi_2.o(.text) for __use_no_semihosting
    key.o(i.KEY_Init) refers to stm32f10x_rcc.o(i.RCC_APB2PeriphClockCmd) for RCC_APB2PeriphClockCmd
    key.o(i.KEY_Init) refers to stm32f10x_gpio.o(i.GPIO_Init) for GPIO_Init
    key.o(i.Key_Scan) refers to _printf_percent.o(.ARM.Collect$$_printf_percent$$00000000) for _printf_percent
    key.o(i.Key_Scan) refers to _printf_f.o(.ARM.Collect$$_printf_percent$$00000003) for _printf_f
    key.o(i.Key_Scan) refers to printf1.o(x$fpl$printf1) for _printf_fp_dec
    key.o(i.Key_Scan) refers to stm32f10x_gpio.o(i.GPIO_Write) for GPIO_Write
    key.o(i.Key_Scan) refers to delay.o(i.delay_ms) for delay_ms
    key.o(i.Key_Scan) refers to faddsub_clz.o(x$fpl$fadd) for __aeabi_fadd
    key.o(i.Key_Scan) refers to f2d.o(x$fpl$f2d) for __aeabi_f2d
    key.o(i.Key_Scan) refers to noretval__2sprintf.o(.text) for __2sprintf
    key.o(i.Key_Scan) refers to 24c02.o(i.AT24CXX_Write) for AT24CXX_Write
    key.o(i.Key_Scan) refers to lcd.o(i.LCD_ShowString) for LCD_ShowString
    key.o(i.Key_Scan) refers to faddsub_clz.o(x$fpl$fsub) for __aeabi_fsub
    key.o(i.Key_Scan) refers to daddsub_clz.o(x$fpl$dadd) for __aeabi_dadd
    key.o(i.Key_Scan) refers to d2f.o(x$fpl$d2f) for __aeabi_d2f
[...]
    i.__mathlib_narrow                       0x0800860c   Section        0  narrow.o(i.__mathlib_narrow)
    i.__mathlib_tofloat                      0x0800861c   Section        0  narrow.o(i.__mathlib_tofloat)
    i.__support_ldexp                        0x080086a4   Section        0  ldexp.o(i.__support_ldexp)
    i._is_digit                              0x080086ba   Section        0  __printf_wp.o(i._is_digit)
    i._sys_exit                              0x080086c8   Section        0  usart.o(i._sys_exit)
    i.atof                                   0x080086ce   Section        0  atof.o(i.atof)
    i.delay_init                             0x080086f8   Section        0  delay.o(i.delay_init)
    i.delay_ms                               0x0800873c   Section        0  delay.o(i.delay_ms)
    i.delay_us                               0x08008788   Section        0  delay.o(i.delay_us)
    i.fputc                                  0x080087d4   Section        0  usart.o(i.fputc)
    i.frexp                                  0x080087f0   Section        0  frexp.o(i.frexp)
    i.ldexp                                  0x08008848   Section        0  ldexp.o(i.ldexp)
    i.main                                   0x080088bc   Section        0  main.o(i.main)
    i.uart_init                              0x08008998   Section        0  usart.o(i.uart_init)
    locale$$code                             0x08008a38   Section       44  lc_numeric_c.o(locale$$code)
    locale$$code                             0x08008a64   Section       44  lc_ctype_c.o(locale$$code)
    x$fpl$d2f                                0x08008a90   Section       98  d2f.o(x$fpl$d2f)
    x$fpl$dadd                               0x08008af4   Section      336  daddsub_clz.o(x$fpl$dadd)
    _dadd1                                   0x08008b05   Thumb Code     0  daddsub_clz.o(x$fpl$dadd)
    x$fpl$dcheck1                            0x08008c44   Section       16  dcheck1.o(x$fpl$dcheck1)
    x$fpl$dcmpinf                            0x08008c54   Section       24  dcmpi.o(x$fpl$dcmpinf)
    x$fpl$ddiv                               0x08008c6c   Section      688  ddiv.o(x$fpl$ddiv)
    ddiv_entry                               0x08008c73   Thumb Code     0  ddiv.o(x$fpl$ddiv)
    x$fpl$deqf                               0x08008f1c   Section      120  deqf.o(x$fpl$deqf)
    x$fpl$dfixu                              0x08008f94   Section       90  dfixu.o(x$fpl$dfixu)
    x$fpl$dfltu                              0x08008fee   Section       38  dflt_clz.o(x$fpl$dfltu)
    x$fpl$dleqf                              0x08009014   Section      120  dleqf.o(x$fpl$dleqf)
    x$fpl$dmul                               0x0800908c   Section      340  dmul.o(x$fpl$dmul)
    x$fpl$dnaninf                            0x080091e0   Section      156  dnaninf.o(x$fpl$dnaninf)
    x$fpl$dretinf                            0x0800927c   Section       12  dretinf.o(x$fpl$dretinf)
    x$fpl$drleqf                             0x08009288   Section      108  drleqf.o(x$fpl$drleqf)
    x$fpl$dsub                               0x080092f4   Section      468  daddsub_clz.o(x$fpl$dsub)
    _dsub1                                   0x08009305   Thumb Code     0  daddsub_clz.o(x$fpl$dsub)
    x$fpl$f2d                                0x080094c8   Section       86  f2d.o(x$fpl$f2d)
    x$fpl$fadd                               0x08009520   Section      196  faddsub_clz.o(x$fpl$fadd)
    _fadd1                                   0x0800952f   Thumb Code     0  faddsub_clz.o(x$fpl$fadd)
    x$fpl$fcmpinf                            0x080095e4   Section       24  fcmpi.o(x$fpl$fcmpinf)
    x$fpl$fdiv                               0x080095fc   Section      388  fdiv.o(x$fpl$fdiv)
    _fdiv1                                   0x080095fd   Thumb Code     0  fdiv.o(x$fpl$fdiv)
    x$fpl$ffixu                              0x08009780   Section       62  ffixu.o(x$fpl$ffixu)
    x$fpl$ffltu                              0x080097c0   Section       38  fflt_clz.o(x$fpl$ffltu)
    x$fpl$fleqf                              0x080097e8   Section      104  fleqf.o(x$fpl$fleqf)
    x$fpl$fmul                               0x08009850   Section      258  fmul.o(x$fpl$fmul)
    x$fpl$fnaninf                            0x08009952   Section      140  fnaninf.o(x$fpl$fnaninf)
    x$fpl$fretinf                            0x080099de   Section       10  fretinf.o(x$fpl$fretinf)
    x$fpl$frleqf                             0x080099e8   Section       98  frleqf.o(x$fpl$frleqf)
    x$fpl$frsb                               0x08009a4a   Section       20  faddsub_clz.o(x$fpl$frsb)
    x$fpl$fsub                               0x08009a60   Section      234  faddsub_clz.o(x$fpl$fsub)
    _fsub1                                   0x08009a6f   Thumb Code     0  faddsub_clz.o(x$fpl$fsub)
    x$fpl$printf1                            0x08009b4a   Section        4  printf1.o(x$fpl$printf1)
    x$fpl$retnan                             0x08009b4e   Section      100  retnan.o(x$fpl$retnan)
    x$fpl$scalbn                             0x08009bb2   Section       92  scalbn.o(x$fpl$scalbn)
    x$fpl$scanf1                             0x08009c0e   Section        4  scanf1.o(x$fpl$scanf1)
    x$fpl$scanf2                             0x08009c12   Section        8  scanf2.o(x$fpl$scanf2)
    x$fpl$trapveneer                         0x08009c1a   Section       48  trapv.o(x$fpl$trapveneer)
    .constdata                               0x08009c4a   Section     6080  lcd.o(.constdata)
    x$fpl$usenofp                            0x08009c4a   Section        0  usenofp.o(x$fpl$usenofp)
    .constdata                               0x0800b40a   Section       40  _printf_hex_int.o(.constdata)
    uc_hextab                                0x0800b40a   Data          20  _printf_hex_int.o(.constdata)
    lc_hextab                                0x0800b41e   Data          20  _printf_hex_int.o(.constdata)
    .constdata                               0x0800b432   Section       17  __printf_flags_wp.o(.constdata)
    maptable                                 0x0800b432   Data          17  __printf_flags_wp.o(.constdata)
    .constdata                               0x0800b444   Section      148  bigflt0.o(.constdata)
    tenpwrs_x                                0x0800b444   Data          60  bigflt0.o(.constdata)
    tenpwrs_i                                0x0800b480   Data          64  bigflt0.o(.constdata)
    c$$dinf                                  0x0800b4f8   Section        8  fpconst.o(c$$dinf)
    locale$$data                             0x0800b500   Section       28  lc_numeric_c.o(locale$$data)
    __lcnum_c_name                           0x0800b504   Data           2  lc_numeric_c.o(locale$$data)
    __lcnum_c_start                          0x0800b50c   Data           0  lc_numeric_c.o(locale$$data)
    __lcnum_c_point                          0x0800b518   Data           0  lc_numeric_c.o(locale$$data)
    __lcnum_c_thousands                      0x0800b51a   Data           0  lc_numeric_c.o(locale$$data)
    __lcnum_c_grouping                       0x0800b51b   Data           0  lc_numeric_c.o(locale$$data)
    locale$$data                             0x0800b51c   Section      272  lc_ctype_c.o(locale$$data)
    __lcnum_c_end                            0x0800b51c   Data           0  lc_numeric_c.o(locale$$data)
    __lcctype_c_name                         0x0800b520   Data           2  lc_ctype_c.o(locale$$data)
    __lcctype_c_start                        0x0800b528   Data           0  lc_ctype_c.o(locale$$data)
    __lcctype_c_end                          0x0800b62c   Data           0  lc_ctype_c.o(locale$$data)
    .data                                    0x20000000   Section       20  system_stm32f10x.o(.data)
    .data                                    0x20000014   Section        4  delay.o(.data)
    fac_us                                   0x20000014   Data           1  delay.o(.data)
    fac_ms                                   0x20000016   Data           2  delay.o(.data)
    .data                                    0x20000018   Section        6  usart.o(.data)
    .data                                    0x2000001e   Section        1  key.o(.data)
    .data                                    0x20000020   Section       12  lcd.o(.data)
    x                                        0x20000024   Data           2  lcd.o(.data)
    y                                        0x20000026   Data           2  lcd.o(.data)
    x                                        0x20000028   Data           2  lcd.o(.data)
    y                                        0x2000002a   Data           2  lcd.o(.data)
    .data                                    0x2000002c   Section       16  pid.o(.data)
    .data                                    0x2000003c   Section       12  pwm.o(.data)
    .data                                    0x20000048   Section       20  stm32f10x_rcc.o(.data)
    APBAHBPrescTable                         0x20000048   Data          16  stm32f10x_rcc.o(.data)
    ADCPrescTable                            0x20000058   Data           4  stm32f10x_rcc.o(.data)
    .bss                                     0x2000005c   Section      200  usart.o(.bss)
    .bss                                     0x20000124   Section      200  key.o(.bss)
    .bss                                     0x200001ec   Section       14  lcd.o(.bss)
    .bss                                     0x200001fc   Section       84  pid.o(.bss)
    .bss                                     0x20000250   Section       10  pwm.o(.bss)
    .bss                                     0x2000025c   Section       96  libspace.o(.bss)
    HEAP                                     0x200002c0   Section      512  startup_stm32f10x_hd.o(HEAP)
    Heap_Mem                                 0x200002c0   Data         512  startup_stm32f10x_hd.o(HEAP)
    STACK                                    0x200004c0   Section     1024  startup_stm32f10x_hd.o(STACK)
    Stack_Mem                                0x200004c0   Data        1024  startup_stm32f10x_hd.o(STACK)
    __initial_sp                             0x200008c0   Data           0  startup_stm32f10x_hd.o(STACK)

    Global Symbols

    Symbol Name                              Value     Ov Type        Size  Object(Section)

    BuildAttributes$$THM_ISAv4$P$D$K$B$S$PE$A:L22UL41UL21$X:L11$S22US41US21$IEEE1$IW$USESV6$~STKCKD$USESV7$~SHL$OTIME$ROPI$IEEEX$EBA8$UX$STANDARDLIB$REQ8$PRES8$EABIv2 0x00000000   Number         0  anon$$obj.o ABSOLUTE
    __ARM_use_no_argv                        0x00000000   Number         0  main.o ABSOLUTE
    _printf_flags                            0x00000000   Number         0  printf_stubs.o ABSOLUTE
    _printf_return_value                     0x00000000   Number         0  printf_stubs.o ABSOLUTE
    _printf_sizespec                         0x00000000   Number         0  printf_stubs.o ABSOLUTE
    _printf_widthprec                        0x00000000   Number         0  printf_stubs.o ABSOLUTE
    __ARM_exceptions_init                     - Undefined Weak Reference
    __alloca_initialize                       - Undefined Weak Reference
    __arm_preinit_                            - Undefined Weak Reference
    __cpp_initialize__aeabi_                  - Undefined Weak Reference
    __cxa_finalize                            - Undefined Weak Reference
    __sigvec_lookup                           - Undefined Weak Reference
    _atexit_init                              - Undefined Weak Reference
    _call_atexit_fns                          - Undefined Weak Reference
    _clock_init                               - Undefined Weak Reference
    _fp_trap_init                             - Undefined Weak Reference
    _fp_trap_shutdown                         - Undefined Weak Reference
    _get_lc_collate                           - Undefined Weak Reference
    _get_lc_monetary                          - Undefined Weak Reference
    _get_lc_time                              - Undefined Weak Reference
    _getenv_init                              - Undefined Weak Reference
    _handle_redirection                       - Undefined Weak Reference
    _init_alloc                               - Undefined Weak Reference
    _init_user_alloc                          - Undefined Weak Reference
    _initio                                   - Undefined Weak Reference
    _mutex_acquire                            - Undefined Weak Reference
    _mutex_release                            - Undefined Weak Reference
    _printf_post_padding                      - Undefined Weak Reference
    _printf_pre_padding                       - Undefined Weak Reference
    _printf_truncate_unsigned                 - Undefined Weak Reference
    _rand_init                                - Undefined Weak Reference
    _signal_finish                            - Undefined Weak Reference
    _signal_init                              - Undefined Weak Reference
    _terminate_alloc                          - Undefined Weak Reference
    _terminate_user_alloc                     - Undefined Weak Reference
    _terminateio                              - Undefined Weak Reference
    __Vectors_Size                           0x00000130   Number         0  startup_stm32f10x_hd.o ABSOLUTE
    __Vectors                                0x08000000   Data           4  startup_stm32f10x_hd.o(RESET)
    __Vectors_End                            0x08000130   Data           0  startup_stm32f10x_hd.o(RESET)
    __main                                   0x08000131   Thumb Code     8  __main.o(!!!main)
    __scatterload                            0x08000139   Thumb Code     0  __scatter.o(!!!scatter)
    __scatterload_rt2                        0x08000139   Thumb Code    44  __scatter.o(!!!scatter)
    __scatterload_rt2_thumb_only             0x08000139   Thumb Code     0  __scatter.o(!!!scatter)
    __scatterload_null                       0x08000147   Thumb Code     0  __scatter.o(!!!scatter)
    __scatterload_copy                       0x0800016d   Thumb Code    26  __scatter_copy.o(!!handler_copy)
    __scatterload_zeroinit                   0x08000189   Thumb Code    28  __scatter_zi.o(!!handler_zi)
    _printf_f                                0x080001a5   Thumb Code     0  _printf_f.o(.ARM.Collect$$_printf_percent$$00000003)
    _printf_percent                          0x080001a5   Thumb Code     0  _printf_percent.o(.ARM.Collect$$_printf_percent$$00000000)
    _printf_x                                0x080001ab   Thumb Code     0  _printf_x.o(.ARM.Collect$$_printf_percent$$0000000C)
    _printf_percent_end                      0x080001b1   Thumb Code     0  _printf_percent_end.o(.ARM.Collect$$_printf_percent$$00000017)
    __rt_lib_init                            0x080001b5   Thumb Code     0  libinit.o(.ARM.Collect$$libinit$$00000000)
    __rt_lib_init_fp_1                       0x080001b7   Thumb Code     0  libinit2.o(.ARM.Collect$$libinit$$00000002)
    __rt_lib_init_heap_1                     0x080001b7   Thumb Code     0  libinit2.o(.ARM.Collect$$libinit$$0000000A)
    __rt_lib_init_lc_common                  0x080001b7   Thumb Code     0  libinit2.o(.ARM.Collect$$libinit$$0000000F)
    __rt_lib_init_preinit_1                  0x080001b7   Thumb Code     0  libinit2.o(.ARM.Collect$$libinit$$00000004)
    __rt_lib_init_rand_1                     0x080001b7   Thumb Code     0  libinit2.o(.ARM.Collect$$libinit$$0000000E)
    __rt_lib_init_user_alloc_1               0x080001b7   Thumb Code     0  libinit2.o(.ARM.Collect$$libinit$$0000000C)
    __rt_lib_init_lc_collate_1               0x080001bd   Thumb Code     0  libinit2.o(.ARM.Collect$$libinit$$00000011)
    __rt_lib_init_lc_ctype_2                 0x080001bd   Thumb Code     0  libinit2.o(.ARM.Collect$$libinit$$00000012)
    __rt_lib_init_lc_ctype_1                 0x080001c9   Thumb Code     0  libinit2.o(.ARM.Collect$$libinit$$00000013)
    __rt_lib_init_lc_monetary_1              0x080001c9   Thumb Code     0  libinit2.o(.ARM.Collect$$libinit$$00000015)
    __rt_lib_init_lc_numeric_2               0x080001c9   Thumb Code     0  libinit2.o(.ARM.Collect$$libinit$$00000016)
    __rt_lib_init_alloca_1                   0x080001d3   Thumb Code     0  libinit2.o(.ARM.Collect$$libinit$$0000002E)
    __rt_lib_init_argv_1                     0x080001d3   Thumb Code     0  libinit2.o(.ARM.Collect$$libinit$$0000002C)
    __rt_lib_init_atexit_1                   0x080001d3   Thumb Code     0  libinit2.o(.ARM.Collect$$libinit$$0000001B)
    __rt_lib_init_clock_1                    0x080001d3   Thumb Code     0  libinit2.o(.ARM.Collect$$libinit$$00000021)
    __rt_lib_init_cpp_1                      0x080001d3   Thumb Code     0  libinit2.o(.ARM.Collect$$libinit$$00000032)
    __rt_lib_init_exceptions_1               0x080001d3   Thumb Code     0  libinit2.o(.ARM.Collect$$libinit$$00000030)
    __rt_lib_init_fp_trap_1                  0x080001d3   Thumb Code     0  libinit2.o(.ARM.Collect$$libinit$$0000001F)
    __rt_lib_init_getenv_1                   0x080001d3   Thumb Code     0  libinit2.o(.ARM.Collect$$libinit$$00000023)
    __rt_lib_init_lc_numeric_1               0x080001d3   Thumb Code     0  libinit2.o(.ARM.Collect$$libinit$$00000017)
    __rt_lib_init_lc_time_1                  0x080001d3   Thumb Code     0  libinit2.o(.ARM.Collect$$libinit$$00000019)
    __rt_lib_init_return                     0x080001d3   Thumb Code     0  libinit2.o(.ARM.Collect$$libinit$$00000033)
    __rt_lib_init_signal_1                   0x080001d3   Thumb Code     0  libinit2.o(.ARM.Collect$$libinit$$0000001D)
    __rt_lib_init_stdio_1                    0x080001d3   Thumb Code     0  libinit2.o(.ARM.Collect$$libinit$$00000025)
    __rt_lib_shutdown                        0x080001d5   Thumb Code     0  libshutdown.o(.ARM.Collect$$libshutdown$$00000000)
    __rt_lib_shutdown_cpp_1                  0x080001d7   Thumb Code     0  libshutdown2.o(.ARM.Collect$$libshutdown$$00000002)
    __rt_lib_shutdown_fp_trap_1              0x080001d7   Thumb Code     0  libshutdown2.o(.ARM.Collect$$libshutdown$$00000007)
    __rt_lib_shutdown_heap_1                 0x080001d7   Thumb Code     0  libshutdown2.o(.ARM.Collect$$libshutdown$$0000000F)
    __rt_lib_shutdown_return                 0x080001d7   Thumb Code     0  libshutdown2.o(.ARM.Collect$$libshutdown$$00000010)
    __rt_lib_shutdown_signal_1               0x080001d7   Thumb Code     0  libshutdown2.o(.ARM.Collect$$libshutdown$$0000000A)
    __rt_lib_shutdown_stdio_1                0x080001d7   Thumb Code     0  libshutdown2.o(.ARM.Collect$$libshutdown$$00000004)
    __rt_lib_shutdown_user_alloc_1           0x080001d7   Thumb Code     0  libshutdown2.o(.ARM.Collect$$libshutdown$$0000000C)
    __rt_entry                               0x080001d9   Thumb Code     0  __rtentry.o(.ARM.Collect$$rtentry$$00000000)
    __rt_entry_presh_1                       0x080001d9   Thumb Code     0  __rtentry2.o(.ARM.Collect$$rtentry$$00000002)
    __rt_entry_sh                            0x080001d9   Thumb Code     0  __rtentry4.o(.ARM.Collect$$rtentry$$00000004)
    __rt_entry_li                            0x080001df   Thumb Code     0  __rtentry2.o(.ARM.Collect$$rtentry$$0000000A)
    __rt_entry_postsh_1                      0x080001df   Thumb Code     0  __rtentry2.o(.ARM.Collect$$rtentry$$00000009)
    __rt_entry_main                          0x080001e3   Thumb Code     0  __rtentry2.o(.ARM.Collect$$rtentry$$0000000D)
    __rt_entry_postli_1                      0x080001e3   Thumb Code     0  __rtentry2.o(.ARM.Collect$$rtentry$$0000000C)
    __rt_exit                                0x080001eb   Thumb Code     0  rtexit.o(.ARM.Collect$$rtexit$$00000000)
    __rt_exit_ls                             0x080001ed   Thumb Code     0  rtexit2.o(.ARM.Collect$$rtexit$$00000003)
    __rt_exit_prels_1                        0x080001ed   Thumb Code     0  rtexit2.o(.ARM.Collect$$rtexit$$00000002)
    __rt_exit_exit                           0x080001f1   Thumb Code     0  rtexit2.o(.ARM.Collect$$rtexit$$00000004)
    Reset_Handler                            0x080001f9   Thumb Code     8  startup_stm32f10x_hd.o(.text)
    ADC1_2_IRQHandler                        0x08000213   Thumb Code     0  startup_stm32f10x_hd.o(.text)
    ADC3_IRQHandler                          0x08000213   Thumb Code     0  startup_stm32f10x_hd.o(.text)
    CAN1_RX1_IRQHandler                      0x08000213   Thumb Code     0  startup_stm32f10x_hd.o(.text)
    CAN1_SCE_IRQHandler                      0x08000213   Thumb Code     0  startup_stm32f10x_hd.o(.text)
    DMA1_Channel1_IRQHandler                 0x08000213   Thumb Code     0  startup_stm32f10x_hd.o(.text)
    DMA1_Channel2_IRQHandler                 0x08000213   Thumb Code     0  startup_stm32f10x_hd.o(.text)
    DMA1_Channel3_IRQHandler                 0x08000213   Thumb Code     0  startup_stm32f10x_hd.o(.text)
    DMA1_Channel4_IRQHandler                 0x08000213   Thumb Code     0  startup_stm32f10x_hd.o(.text)
    DMA1_Channel5_IRQHandler                 0x08000213   Thumb Code     0  startup_stm32f10x_hd.o(.text)
    DMA1_Channel6_IRQHandler                 0x08000213   Thumb Code     0  startup_stm32f10x_hd.o(.text)
    DMA1_Channel7_IRQHandler                 0x08000213   Thumb Code     0  startup_stm32f10x_hd.o(.text)
    DMA2_Channel1_IRQHandler                 0x08000213   Thumb Code     0  startup_stm32f10x_hd.o(.text)
    DMA2_Channel2_IRQHandler                 0x08000213   Thumb Code     0  startup_stm32f10x_hd.o(.text)
    DMA2_Channel3_IRQHandler                 0x08000213   Thumb Code     0  startup_stm32f10x_hd.o(.text)
    DMA2_Channel4_5_IRQHandler               0x08000213   Thumb Code     0  startup_stm32f10x_hd.o(.text)
    EXTI0_IRQHandler                         0x08000213   Thumb Code     0  startup_stm32f10x_hd.o(.text)
    EXTI15_10_IRQHandler                     0x08000213   Thumb Code     0  startup_stm32f10x_hd.o(.text)
    EXTI1_IRQHandler                         0x08000213   Thumb Code     0  startup_stm32f10x_hd.o(.text)
    EXTI2_IRQHandler                         0x08000213   Thumb Code     0  startup_stm32f10x_hd.o(.text)
    EXTI3_IRQHandler                         0x08000213   Thumb Code     0  startup_stm32f10x_hd.o(.text)
    EXTI4_IRQHandler                         0x08000213   Thumb Code     0  startup_stm32f10x_hd.o(.text)
    EXTI9_5_IRQHandler                       0x08000213   Thumb Code     0  startup_stm32f10x_hd.o(.text)
    FLASH_IRQHandler                         0x08000213   Thumb Code     0  startup_stm32f10x_hd.o(.text)
    FSMC_IRQHandler                          0x08000213   Thumb Code     0  startup_stm32f10x_hd.o(.text)
    I2C1_ER_IRQHandler                       0x08000213   Thumb Code     0  startup_stm32f10x_hd.o(.text)
    I2C1_EV_IRQHandler                       0x08000213   Thumb Code     0  startup_stm32f10x_hd.o(.text)
    I2C2_ER_IRQHandler                       0x08000213   Thumb Code     0  startup_stm32f10x_hd.o(.text)
    I2C2_EV_IRQHandler                       0x08000213   Thumb Code     0  startup_stm32f10x_hd.o(.text)
    PVD_IRQHandler                           0x08000213   Thumb Code     0  startup_stm32f10x_hd.o(.text)
    RCC_IRQHandler                           0x08000213   Thumb Code     0  startup_stm32f10x_hd.o(.text)
    RTCAlarm_IRQHandler                      0x08000213   Thumb Code     0  startup_stm32f10x_hd.o(.text)
    RTC_IRQHandler                           0x08000213   Thumb Code     0  startup_stm32f10x_hd.o(.text)
    SDIO_IRQHandler                          0x08000213   Thumb Code     0  startup_stm32f10x_hd.o(.text)
    SPI1_IRQHandler                          0x08000213   Thumb Code     0  startup_stm32f10x_hd.o(.text)
    SPI2_IRQHandler                          0x08000213   Thumb Code     0  startup_stm32f10x_hd.o(.text)
    SPI3_IRQHandler                          0x08000213   Thumb Code     0  startup_stm32f10x_hd.o(.text)
    TAMPER_IRQHandler                        0x08000213   Thumb Code     0  startup_stm32f10x_hd.o(.text)
    TIM1_BRK_IRQHandler                      0x08000213   Thumb Code     0  startup_stm32f10x_hd.o(.text)
    TIM1_CC_IRQHandler                       0x08000213   Thumb Code     0  startup_stm32f10x_hd.o(.text)
    TIM1_TRG_COM_IRQHandler                  0x08000213   Thumb Code     0  startup_stm32f10x_hd.o(.text)
    TIM1_UP_IRQHandler                       0x08000213   Thumb Code     0  startup_stm32f10x_hd.o(.text)
    TIM2_IRQHandler                          0x08000213   Thumb Code     0  startup_stm32f10x_hd.o(.text)
    TIM4_IRQHandler                          0x08000213   Thumb Code     0  startup_stm32f10x_hd.o(.text)
    TIM6_IRQHandler                          0x08000213   Thumb Code     0  startup_stm32f10x_hd.o(.text)
    TIM7_IRQHandler                          0x08000213   Thumb Code     0  startup_stm32f10x_hd.o(.text)
    TIM8_BRK_IRQHandler                      0x08000213   Thumb Code     0  startup_stm32f10x_hd.o(.text)
    TIM8_CC_IRQHandler                       0x08000213   Thumb Code     0  startup_stm32f10x_hd.o(.text)
    TIM8_TRG_COM_IRQHandler                  0x08000213   Thumb Code     0  startup_stm32f10x_hd.o(.text)
    TIM8_UP_IRQHandler                       0x08000213   Thumb Code     0  startup_stm32f10x_hd.o(.text)
    UART4_IRQHandler                         0x08000213   Thumb Code     0  startup_stm32f10x_hd.o(.text)
    UART5_IRQHandler                         0x08000213   Thumb Code     0  startup_stm32f10x_hd.o(.text)
    USART2_IRQHandler                        0x08000213   Thumb Code     0  startup_stm32f10x_hd.o(.text)
    USART3_IRQHandler                        0x08000213   Thumb Code     0  startup_stm32f10x_hd.o(.text)
    USBWakeUp_IRQHandler                     0x08000213   Thumb Code     0  startup_stm32f10x_hd.o(.text)
    USB_HP_CAN1_TX_IRQHandler                0x08000213   Thumb Code     0  startup_stm32f10x_hd.o(.text)
    USB_LP_CAN1_RX0_IRQHandler               0x08000213   Thumb Code     0  startup_stm32f10x_hd.o(.text)
    WWDG_IRQHandler                          0x08000213   Thumb Code     0  startup_stm32f10x_hd.o(.text)
    __user_initial_stackheap                 0x08000215   Thumb Code     0  startup_stm32f10x_hd.o(.text)
    __use_no_semihosting                     0x08000239   Thumb Code     2  use_no_semi_2.o(.text)
    __2printf                                0x0800023d   Thumb Code    20  noretval__2printf.o(.text)
    __2sprintf                               0x08000255   Thumb Code    34  noretval__2sprintf.o(.text)
    _printf_int_hex                          0x0800027d   Thumb Code    84  _printf_hex_int.o(.text)
    _printf_longlong_hex                     0x0800027d   Thumb Code     0  _printf_hex_int.o(.text)
    __printf                                 0x080002d5   Thumb Code   308  __printf_flags_wp.o(.text)
    __use_two_region_memory                  0x0800040d   Thumb Code     2  heapauxi.o(.text)
    __rt_heap_escrow$2region                 0x0800040f   Thumb Code     2  heapauxi.o(.text)
    __rt_heap_expand$2region                 0x08000411   Thumb Code     2  heapauxi.o(.text)
    __I$use$semihosting                      0x08000413   Thumb Code     0  use_no_semi.o(.text)
    __use_no_semihosting_swi                 0x08000413   Thumb Code     2  use_no_semi.o(.text)
    __read_errno                             0x08000415   Thumb Code    10  _rserrno.o(.text)
    __set_errno                              0x0800041f   Thumb Code    12  _rserrno.o(.text)
    _printf_int_common                       0x0800042b   Thumb Code   178  _printf_intcommon.o(.text)
    __lib_sel_fp_printf                      0x080004dd   Thumb Code     2  _printf_fp_dec.o(.text)
    _printf_fp_dec_real                      0x0800068b   Thumb Code   620  _printf_fp_dec.o(.text)
    _printf_char_common                      0x08000903   Thumb Code    32  _printf_char_common.o(.text)
    _sputc                                   0x08000929   Thumb Code    10  _sputc.o(.text)
    _printf_char_file                        0x08000935   Thumb Code    32  _printf_char_file.o(.text)
    __strtod_int                             0x08000995   Thumb Code    88  strtod.o(.text)
    __rt_locale                              0x080009f9   Thumb Code     8  rt_locale_intlibspace.o(.text)
    __aeabi_errno_addr                       0x08000a01   Thumb Code     8  rt_errno_addr_intlibspace.o(.text)
    __errno$intlibspace                      0x08000a01   Thumb Code     0  rt_errno_addr_intlibspace.o(.text)
    __rt_errno_addr$intlibspace              0x08000a01   Thumb Code     0  rt_errno_addr_intlibspace.o(.text)
    _ll_udiv10                               0x08000a09   Thumb Code   138  lludiv10.o(.text)
    isspace                                  0x08000a93   Thumb Code    18  isspace.o(.text)
    _printf_fp_infnan                        0x08000aa5   Thumb Code   112  _printf_fp_infnan.o(.text)
    _sgetc                                   0x08000b25   Thumb Code    30  _sgetc.o(.text)
    _sbackspace                              0x08000b43   Thumb Code    34  _sgetc.o(.text)
    _btod_etento                             0x08000b65   Thumb Code   216  bigflt0.o(.text)
    ferror                                   0x08000c41   Thumb Code     8  ferror.o(.text)
    __user_libspace                          0x08000c49   Thumb Code     8  libspace.o(.text)
    __user_perproc_libspace                  0x08000c49   Thumb Code     0  libspace.o(.text)
    __user_perthread_libspace                0x08000c49   Thumb Code     0  libspace.o(.text)
    __user_setup_stackheap                   0x08000c51   Thumb Code    74  sys_stackheap_outer.o(.text)
    __rt_ctype_table                         0x08000c9d   Thumb Code    16  rt_ctype_table.o(.text)
    _scanf_really_real                       0x08000ea9   Thumb Code   668  scanf_fp.o(.text)
    exit                                     0x08001151   Thumb Code    18  exit.o(.text)
    strcmp                                   0x08001165   Thumb Code   128  strcmpv7m.o(.text)
    _scanf_really_hex_real                   0x080011e5   Thumb Code   778  scanf_hexfp.o(.text)
    _scanf_really_infnan                     0x080014fd   Thumb Code   292  scanf_infnan.o(.text)
    __aeabi_llsl                             0x08001631   Thumb Code     0  llshl.o(.text)
    _ll_shift_l                              0x08001631   Thumb Code    38  llshl.o(.text)
    _chval                                   0x08001657   Thumb Code    28  _chval.o(.text)
    _btod_d2e                                0x08001673   Thumb Code    62  btod.o(CL$$btod_d2e)
    _d2e_denorm_low                          0x080016b1   Thumb Code    70  btod.o(CL$$btod_d2e_denorm_low)
    _d2e_norm_op1                            0x080016f7   Thumb Code    96  btod.o(CL$$btod_d2e_norm_op1)
    __btod_div_common                        0x08001757   Thumb Code   696  btod.o(CL$$btod_div_common)
    _e2d                                     0x08001a91   Thumb Code    80  btod.o(CL$$btod_e2d)
    _e2e                                     0x08001ae5   Thumb Code   198  btod.o(CL$$btod_e2e)
    _btod_ediv                               0x08001bab   Thumb Code    40  btod.o(CL$$btod_ediv)
    _btod_edivd                              0x08001bd3   Thumb Code    40  btod.o(CL$$btod_edivd)
    _btod_emul                               0x08001bfb   Thumb Code    40  btod.o(CL$$btod_emul)
    _btod_emuld                              0x08001c23   Thumb Code    40  btod.o(CL$$btod_emuld)
    __btod_mult_common                       0x08001c4b   Thumb Code   580  btod.o(CL$$btod_mult_common)
    AT24CXX_Init                             0x08001e8f   Thumb Code     8  24c02.o(i.AT24CXX_Init)
    AT24CXX_Read                             0x08001e97   Thumb Code    34  24c02.o(i.AT24CXX_Read)
    AT24CXX_ReadOneByte                      0x08001eb9   Thumb Code    88  24c02.o(i.AT24CXX_ReadOneByte)
    AT24CXX_Write                            0x08001f11   Thumb Code    36  24c02.o(i.AT24CXX_Write)
    AT24CXX_WriteOneByte                     0x08001f35   Thumb Code    80  24c02.o(i.AT24CXX_WriteOneByte)
    BusFault_Handler                         0x08001f85   Thumb Code     4  stm32f10x_it.o(i.BusFault_Handler)
    DebugMon_Handler                         0x08001f89   Thumb Code     2  stm32f10x_it.o(i.DebugMon_Handler)
    FSMC_NORSRAMCmd                          0x08001f8d   Thumb Code    46  stm32f10x_fsmc.o(i.FSMC_NORSRAMCmd)
    FSMC_NORSRAMInit                         0x08001fc1   Thumb Code   230  stm32f10x_fsmc.o(i.FSMC_NORSRAMInit)
    GPIO_Init                                0x080020a7   Thumb Code   278  stm32f10x_gpio.o(i.GPIO_Init)
    GPIO_PinRemapConfig                      0x080021bd   Thumb Code   138  stm32f10x_gpio.o(i.GPIO_PinRemapConfig)
    GPIO_ResetBits                           0x0800224d   Thumb Code     4  stm32f10x_gpio.o(i.GPIO_ResetBits)
    GPIO_SetBits                             0x08002251   Thumb Code     4  stm32f10x_gpio.o(i.GPIO_SetBits)
    GPIO_Write                               0x08002255   Thumb Code     4  stm32f10x_gpio.o(i.GPIO_Write)
    HardFault_Handler                        0x08002259   Thumb Code     4  stm32f10x_it.o(i.HardFault_Handler)
    IIC_Ack                                  0x0800225d   Thumb Code    66  iic.o(i.IIC_Ack)
    IIC_Init                                 0x080022ad   Thumb Code    46  iic.o(i.IIC_Init)
    IIC_NAck                                 0x080022e1   Thumb Code    66  iic.o(i.IIC_NAck)
    IIC_Read_Byte                            0x08002331   Thumb Code    98  iic.o(i.IIC_Read_Byte)
    IIC_Send_Byte                            0x080023a1   Thumb Code    90  iic.o(i.IIC_Send_Byte)
    IIC_Start                                0x08002409   Thumb Code    64  iic.o(i.IIC_Start)
    IIC_Stop                                 0x08002455   Thumb Code    62  iic.o(i.IIC_Stop)
    IIC_Wait_Ack                             0x080024a1   Thumb Code    86  iic.o(i.IIC_Wait_Ack)
    KEY_Init                                 0x08002505   Thumb Code    72  key.o(i.KEY_Init)
    Key_Scan                                 0x08002551   Thumb Code  1814  key.o(i.Key_Scan)
    LCD_Angle                                0x08002c9d   Thumb Code   514  lcd.o(i.LCD_Angle)
    LCD_Clear                                0x08002ef1   Thumb Code   100  lcd.o(i.LCD_Clear)
    LCD_Coor                                 0x08002f5d   Thumb Code   582  lcd.o(i.LCD_Coor)
    LCD_Display_Dir                          0x08003205   Thumb Code   444  lcd.o(i.LCD_Display_Dir)
    LCD_DrawLine                             0x080033c5   Thumb Code   176  lcd.o(i.LCD_DrawLine)
    LCD_DrawPoint                            0x08003475   Thumb Code    28  lcd.o(i.LCD_DrawPoint)
    LCD_Fast_DrawPoint                       0x08003499   Thumb Code   370  lcd.o(i.LCD_Fast_DrawPoint)
    LCD_Fill                                 0x08003615   Thumb Code   178  lcd.o(i.LCD_Fill)
    LCD_Init                                 0x080036d1   Thumb Code 14180  lcd.o(i.LCD_Init)
    LCD_RD_DATA                              0x08006e3d   Thumb Code    14  lcd.o(i.LCD_RD_DATA)
    LCD_ReadReg                              0x08006e51   Thumb Code    22  lcd.o(i.LCD_ReadReg)
    LCD_SSD_BackLightSet                     0x08006e69   Thumb Code    80  lcd.o(i.LCD_SSD_BackLightSet)
    LCD_Scan_Dir                             0x08006ebd   Thumb Code   744  lcd.o(i.LCD_Scan_Dir)
    LCD_SetCursor                            0x080071a9   Thumb Code   418  lcd.o(i.LCD_SetCursor)
    LCD_ShowChar                             0x08007351   Thumb Code   272  lcd.o(i.LCD_ShowChar)
    LCD_ShowString                           0x08007479   Thumb Code   102  lcd.o(i.LCD_ShowString)
    LCD_WR_DATA                              0x080074e1   Thumb Code     6  lcd.o(i.LCD_WR_DATA)
    LCD_WR_REG                               0x080074ed   Thumb Code     6  lcd.o(i.LCD_WR_REG)
    LCD_WriteRAM_Prepare                     0x080074f9   Thumb Code    10  lcd.o(i.LCD_WriteRAM_Prepare)
    LCD_WriteReg                             0x0800750d   Thumb Code    10  lcd.o(i.LCD_WriteReg)
    LCD_dateInit                             0x0800751d   Thumb Code   220  lcd.o(i.LCD_dateInit)
    LED_Init                                 0x0800764d   Thumb Code    68  led.o(i.LED_Init)
    MemManage_Handler                        0x08007699   Thumb Code     4  stm32f10x_it.o(i.MemManage_Handler)
    NMI_Handler                              0x0800769d   Thumb Code     2  stm32f10x_it.o(i.NMI_Handler)
    NVIC_Init                                0x080076a1   Thumb Code   100  misc.o(i.NVIC_Init)
    NVIC_PriorityGroupConfig                 0x08007711   Thumb Code    10  misc.o(i.NVIC_PriorityGroupConfig)
    PID_init                                 0x08007725   Thumb Code    38  pid.o(i.PID_init)
    PID_realize                              0x08007761   Thumb Code   222  pid.o(i.PID_realize)
    PendSV_Handler                           0x08007859   Thumb Code     2  stm32f10x_it.o(i.PendSV_Handler)
    RCC_AHBPeriphClockCmd                    0x0800785d   Thumb Code    26  stm32f10x_rcc.o(i.RCC_AHBPeriphClockCmd)
    RCC_APB1PeriphClockCmd                   0x0800787d   Thumb Code    26  stm32f10x_rcc.o(i.RCC_APB1PeriphClockCmd)
    RCC_APB2PeriphClockCmd                   0x0800789d   Thumb Code    26  stm32f10x_rcc.o(i.RCC_APB2PeriphClockCmd)
    RCC_GetClocksFreq                        0x080078bd   Thumb Code   192  stm32f10x_rcc.o(i.RCC_GetClocksFreq)
    SVC_Handler                              0x08007991   Thumb Code     2  stm32f10x_it.o(i.SVC_Handler)
    SysTick_CLKSourceConfig                  0x08007a7d   Thumb Code    40  misc.o(i.SysTick_CLKSourceConfig)
    SysTick_Handler                          0x08007aa5   Thumb Code     2  stm32f10x_it.o(i.SysTick_Handler)
    SystemInit                               0x08007aa9   Thumb Code    78  system_stm32f10x.o(i.SystemInit)
    TIM3_IRQHandler                          0x08007d49   Thumb Code    38  pwm.o(i.TIM3_IRQHandler)
    TIM3_PWM_Init                            0x08007d79   Thumb Code   144  pwm.o(i.TIM3_PWM_Init)
    TIM5CH1_CAPTURE_HIGHTIME                 0x08007e15   Thumb Code    84  pwm.o(i.TIM5CH1_CAPTURE_HIGHTIME)
    TIM5_Cap_Init                            0x08007e75   Thumb Code   154  pwm.o(i.TIM5_Cap_Init)
    TIM5_IRQHandler                          0x08007f1d   Thumb Code   308  pwm.o(i.TIM5_IRQHandler)
    TIM_ARRPreloadConfig                     0x08008075   Thumb Code    24  stm32f10x_tim.o(i.TIM_ARRPreloadConfig)
    TIM_ClearITPendingBit                    0x0800808d   Thumb Code     6  stm32f10x_tim.o(i.TIM_ClearITPendingBit)
    TIM_Cmd                                  0x08008093   Thumb Code    24  stm32f10x_tim.o(i.TIM_Cmd)
    TIM_GetCapture1                          0x080080ab   Thumb Code     6  stm32f10x_tim.o(i.TIM_GetCapture1)
    TIM_GetCapture2                          0x080080b1   Thumb Code     6  stm32f10x_tim.o(i.TIM_GetCapture2)
    TIM_GetITStatus                          0x080080b7   Thumb Code    34  stm32f10x_tim.o(i.TIM_GetITStatus)
    TIM_ICInit                               0x080080d9   Thumb Code   150  stm32f10x_tim.o(i.TIM_ICInit)
    TIM_ITConfig                             0x08008185   Thumb Code    18  stm32f10x_tim.o(i.TIM_ITConfig)
    TIM_OC1PolarityConfig                    0x08008197   Thumb Code    18  stm32f10x_tim.o(i.TIM_OC1PolarityConfig)
    TIM_OC2Init                              0x080081a9   Thumb Code   154  stm32f10x_tim.o(i.TIM_OC2Init)
    TIM_OC2PreloadConfig                     0x0800824d   Thumb Code    26  stm32f10x_tim.o(i.TIM_OC2PreloadConfig)
    TIM_SetCompare2                          0x08008267   Thumb Code     4  stm32f10x_tim.o(i.TIM_SetCompare2)
    TIM_SetCounter                           0x0800826b   Thumb Code     4  stm32f10x_tim.o(i.TIM_SetCounter)
    TIM_SetIC1Prescaler                      0x0800826f   Thumb Code    18  stm32f10x_tim.o(i.TIM_SetIC1Prescaler)
    TIM_SetIC2Prescaler                      0x08008281   Thumb Code    26  stm32f10x_tim.o(i.TIM_SetIC2Prescaler)
    TIM_SetIC3Prescaler                      0x0800829b   Thumb Code    18  stm32f10x_tim.o(i.TIM_SetIC3Prescaler)
    TIM_SetIC4Prescaler                      0x080082ad   Thumb Code    26  stm32f10x_tim.o(i.TIM_SetIC4Prescaler)
    TIM_TimeBaseInit                         0x080082c9   Thumb Code   122  stm32f10x_tim.o(i.TIM_TimeBaseInit)
    Translatdata                             0x0800836d   Thumb Code    42  key.o(i.Translatdata)
    USART1_IRQHandler                        0x080083a1   Thumb Code   122  usart.o(i.USART1_IRQHandler)
    USART_Cmd                                0x08008429   Thumb Code    24  stm32f10x_usart.o(i.USART_Cmd)
    USART_GetITStatus                        0x08008441   Thumb Code    84  stm32f10x_usart.o(i.USART_GetITStatus)
    USART_ITConfig                           0x08008495   Thumb Code    74  stm32f10x_usart.o(i.USART_ITConfig)
    USART_Init                               0x080084e1   Thumb Code   210  stm32f10x_usart.o(i.USART_Init)
    USART_ReceiveData                        0x080085b9   Thumb Code    10  stm32f10x_usart.o(i.USART_ReceiveData)
    UsageFault_Handler                       0x080085c3   Thumb Code     4  stm32f10x_it.o(i.UsageFault_Handler)
    __ARM_fpclassify                         0x080085c7   Thumb Code    40  fpclassify.o(i.__ARM_fpclassify)
    __mathlib_dbl_overflow                   0x080085ef   Thumb Code    14  dunder.o(i.__mathlib_dbl_overflow)
    __mathlib_dbl_underflow                  0x080085fd   Thumb Code    10  dunder.o(i.__mathlib_dbl_underflow)
    __mathlib_narrow                         0x0800860d   Thumb Code    16  narrow.o(i.__mathlib_narrow)
    __mathlib_tofloat                        0x0800861d   Thumb Code   132  narrow.o(i.__mathlib_tofloat)
    __support_ldexp                          0x080086a5   Thumb Code    22  ldexp.o(i.__support_ldexp)
    _is_digit                                0x080086bb   Thumb Code    14  __printf_wp.o(i._is_digit)
    _sys_exit                                0x080086c9   Thumb Code     6  usart.o(i._sys_exit)
    atof                                     0x080086cf   Thumb Code    42  atof.o(i.atof)
    delay_init                               0x080086f9   Thumb Code    50  delay.o(i.delay_init)
    delay_ms                                 0x0800873d   Thumb Code    72  delay.o(i.delay_ms)
    delay_us                                 0x08008789   Thumb Code    72  delay.o(i.delay_us)
    fputc                                    0x080087d5   Thumb Code    24  usart.o(i.fputc)
    frexp                                    0x080087f1   Thumb Code    80  frexp.o(i.frexp)
    ldexp                                    0x08008849   Thumb Code   116  ldexp.o(i.ldexp)
    main                                     0x080088bd   Thumb Code   190  main.o(i.main)
    uart_init                                0x08008999   Thumb Code   152  usart.o(i.uart_init)
    _get_lc_numeric                          0x08008a39   Thumb Code    44  lc_numeric_c.o(locale$$code)
    _get_lc_ctype                            0x08008a65   Thumb Code    44  lc_ctype_c.o(locale$$code)
    __aeabi_d2f                              0x08008a91   Thumb Code     0  d2f.o(x$fpl$d2f)
    _d2f                                     0x08008a91   Thumb Code    98  d2f.o(x$fpl$d2f)
    __aeabi_dadd                             0x08008af5   Thumb Code     0  daddsub_clz.o(x$fpl$dadd)
    _dadd                                    0x08008af5   Thumb Code   332  daddsub_clz.o(x$fpl$dadd)
    __fpl_dcheck_NaN1                        0x08008c45   Thumb Code    10  dcheck1.o(x$fpl$dcheck1)
    __fpl_dcmp_Inf                           0x08008c55   Thumb Code    24  dcmpi.o(x$fpl$dcmpinf)
    __aeabi_ddiv                             0x08008c6d   Thumb Code     0  ddiv.o(x$fpl$ddiv)
    _ddiv                                    0x08008c6d   Thumb Code   552  ddiv.o(x$fpl$ddiv)
    __aeabi_cdcmpeq                          0x08008f1d   Thumb Code     0  deqf.o(x$fpl$deqf)
    _dcmpeq                                  0x08008f1d   Thumb Code   120  deqf.o(x$fpl$deqf)
    __aeabi_d2uiz                            0x08008f95   Thumb Code     0  dfixu.o(x$fpl$dfixu)
    _dfixu                                   0x08008f95   Thumb Code    90  dfixu.o(x$fpl$dfixu)
    __aeabi_ui2d                             0x08008fef   Thumb Code     0  dflt_clz.o(x$fpl$dfltu)
    _dfltu                                   0x08008fef   Thumb Code    38  dflt_clz.o(x$fpl$dfltu)
    __aeabi_cdcmple                          0x08009015   Thumb Code     0  dleqf.o(x$fpl$dleqf)
    _dcmple                                  0x08009015   Thumb Code   120  dleqf.o(x$fpl$dleqf)
    __fpl_dcmple_InfNaN                      0x08009077   Thumb Code     0  dleqf.o(x$fpl$dleqf)
    __aeabi_dmul                             0x0800908d   Thumb Code     0  dmul.o(x$fpl$dmul)
    _dmul                                    0x0800908d   Thumb Code   332  dmul.o(x$fpl$dmul)
    __fpl_dnaninf                            0x080091e1   Thumb Code   156  dnaninf.o(x$fpl$dnaninf)
    __fpl_dretinf                            0x0800927d   Thumb Code    12  dretinf.o(x$fpl$dretinf)
    __aeabi_cdrcmple                         0x08009289   Thumb Code     0  drleqf.o(x$fpl$drleqf)
    _drcmple                                 0x08009289   Thumb Code   108  drleqf.o(x$fpl$drleqf)
    __aeabi_dsub                             0x080092f5   Thumb Code     0  daddsub_clz.o(x$fpl$dsub)
    _dsub                                    0x080092f5   Thumb Code   464  daddsub_clz.o(x$fpl$dsub)
    __aeabi_f2d                              0x080094c9   Thumb Code     0  f2d.o(x$fpl$f2d)
    _f2d                                     0x080094c9   Thumb Code    86  f2d.o(x$fpl$f2d)
    __aeabi_fadd                             0x08009521   Thumb Code     0  faddsub_clz.o(x$fpl$fadd)
    _fadd                                    0x08009521   Thumb Code   196  faddsub_clz.o(x$fpl$fadd)
    __fpl_fcmp_Inf                           0x080095e5   Thumb Code    24  fcmpi.o(x$fpl$fcmpinf)
    __aeabi_fdiv                             0x080095fd   Thumb Code     0  fdiv.o(x$fpl$fdiv)
    _fdiv                                    0x080095fd   Thumb Code   384  fdiv.o(x$fpl$fdiv)
    __aeabi_f2uiz                            0x08009781   Thumb Code     0  ffixu.o(x$fpl$ffixu)
    _ffixu                                   0x08009781   Thumb Code    62  ffixu.o(x$fpl$ffixu)
    __aeabi_ui2f                             0x080097c1   Thumb Code     0  fflt_clz.o(x$fpl$ffltu)
    _ffltu                                   0x080097c1   Thumb Code    38  fflt_clz.o(x$fpl$ffltu)
    __aeabi_cfcmple                          0x080097e9   Thumb Code     0  fleqf.o(x$fpl$fleqf)
    _fcmple                                  0x080097e9   Thumb Code   104  fleqf.o(x$fpl$fleqf)
    __fpl_fcmple_InfNaN                      0x0800983b   Thumb Code     0  fleqf.o(x$fpl$fleqf)
    __aeabi_fmul                             0x08009851   Thumb Code     0  fmul.o(x$fpl$fmul)
    _fmul                                    0x08009851   Thumb Code   258  fmul.o(x$fpl$fmul)
    __fpl_fnaninf                            0x08009953   Thumb Code   140  fnaninf.o(x$fpl$fnaninf)
    __fpl_fretinf                            0x080099df   Thumb Code    10  fretinf.o(x$fpl$fretinf)
    __aeabi_cfrcmple                         0x080099e9   Thumb Code     0  frleqf.o(x$fpl$frleqf)
    _frcmple                                 0x080099e9   Thumb Code    98  frleqf.o(x$fpl$frleqf)
    __aeabi_frsub                            0x08009a4b   Thumb Code     0  faddsub_clz.o(x$fpl$frsb)
    _frsb                                    0x08009a4b   Thumb Code    20  faddsub_clz.o(x$fpl$frsb)
    __aeabi_fsub                             0x08009a61   Thumb Code     0  faddsub_clz.o(x$fpl$fsub)
    _fsub                                    0x08009a61   Thumb Code   234  faddsub_clz.o(x$fpl$fsub)
    _printf_fp_dec                           0x08009b4b   Thumb Code     4  printf1.o(x$fpl$printf1)
    __fpl_return_NaN                         0x08009b4f   Thumb Code   100  retnan.o(x$fpl$retnan)
    __ARM_scalbn                             0x08009bb3   Thumb Code    92  scalbn.o(x$fpl$scalbn)
    _scanf_real                              0x08009c0f   Thumb Code     4  scanf1.o(x$fpl$scanf1)
    _scanf_hex_real                          0x08009c13   Thumb Code     4  scanf2.o(x$fpl$scanf2)
    _scanf_infnan                            0x08009c17   Thumb Code     4  scanf2.o(x$fpl$scanf2)
    __fpl_cmpreturn                          0x08009c1b   Thumb Code    48  trapv.o(x$fpl$trapveneer)
    __I$use$fp                               0x08009c4a   Number         0  usenofp.o(x$fpl$usenofp)
    asc2_1206                                0x08009c4a   Data        1140  lcd.o(.constdata)
    asc2_1608                                0x0800a0be   Data        1520  lcd.o(.constdata)
    asc2_2412                                0x0800a6ae   Data        3420  lcd.o(.constdata)
    Region$$Table$$Base                      0x0800b4d8   Number         0  anon$$obj.o(Region$$Table)
    Region$$Table$$Limit                     0x0800b4f8   Number         0  anon$$obj.o(Region$$Table)
    __aeabi_HUGE_VAL                         0x0800b4f8   Data           0  fpconst.o(c$$dinf)
    __aeabi_HUGE_VALL                        0x0800b4f8   Data           0  fpconst.o(c$$dinf)
    __aeabi_INFINITY                         0x0800b4f8   Data           0  fpconst.o(c$$dinf)
    __dInf                                   0x0800b4f8   Data           0  fpconst.o(c$$dinf)
    __huge_val                               0x0800b4f8   Data           0  fpconst.o(c$$dinf)
    __ctype                                  0x0800b529   Data           0  lc_ctype_c.o(locale$$data)
    SystemCoreClock                          0x20000000   Data           4  system_stm32f10x.o(.data)
    AHBPrescTable                            0x20000004   Data          16  system_stm32f10x.o(.data)
    __stdout                                 0x20000018   Data           4  usart.o(.data)
    USART_RX_STA                             0x2000001c   Data           2  usart.o(.data)
    MODE                                     0x2000001e   Data           1  key.o(.data)
    POINT_COLOR                              0x20000020   Data           2  lcd.o(.data)
    BACK_COLOR                               0x20000022   Data           2  lcd.o(.data)
    KP                                       0x2000002c   Data           4  pid.o(.data)
    KI                                       0x20000030   Data           4  pid.o(.data)
    KD                                       0x20000034   Data           4  pid.o(.data)
    V                                        0x20000038   Data           4  pid.o(.data)
    GL                                       0x2000003c   Data           4  pwm.o(.data)
    sum                                      0x20000040   Data           4  pwm.o(.data)
    TIM5CH1_CAPTURE_STA                      0x20000044   Data           1  pwm.o(.data)
    TIM5CH1_CAPTURE_VAL                      0x20000046   Data           2  pwm.o(.data)
    USART_RX_BUF                             0x2000005c   Data         200  usart.o(.bss)
    datatemp                                 0x20000124   Data         200  key.o(.bss)
    lcddev                                   0x200001ec   Data          14  lcd.o(.bss)
    lcd_X                                    0x200001fc   Data          40  pid.o(.bss)
    lcd_DATA                                 0x20000224   Data          10  pid.o(.bss)
    pid                                      0x20000230   Data          32  pid.o(.bss)
    TIM5_ICInitStructure                     0x20000250   Data          10  pwm.o(.bss)
    __libspace_start                         0x2000025c   Data          96  libspace.o(.bss)
    __temporary_stack_top$libspace           0x200002bc   Data           0  libspace.o(.bss)



==============================================================================

Memory Map of the image

  Image Entry point : 0x080001f9

  Load Region LR_1 (Base: 0x08000000, Size: 0x0000b688, Max: 0xffffffff, ABSOLUTE)

    Execution Region ER_RO (Exec base: 0x08000000, Load base: 0x08000000, Size: 0x0000b62c, Max: 0xffffffff, ABSOLUTE)

    Exec Addr    Load Addr    Size         Type   Attr      Idx    E Section Name        Object

    0x08000000   0x08000000   0x00000130   Data   RO          819    RESET               startup_stm32f10x_hd.o
    0x08000130   0x08000130   0x00000008   Code   RO         3851  * !!!main             c_w.l(__main.o)
    0x08000138   0x08000138   0x00000034   Code   RO         4227    !!!scatter          c_w.l(__scatter.o)
    0x0800016c   0x0800016c   0x0000001a   Code   RO         4229    !!handler_copy      c_w.l(__scatter_copy.o)
    0x08000186   0x08000186   0x00000002   PAD
    0x08000188   0x08000188   0x0000001c   Code   RO         4231    !!handler_zi        c_w.l(__scatter_zi.o)
    0x080001a4   0x080001a4   0x00000000   Code   RO         3848    .ARM.Collect$$_printf_percent$$00000000  c_w.l(_printf_percent.o)
    0x080001a4   0x080001a4   0x00000006   Code   RO         3847    .ARM.Collect$$_printf_percent$$00000003  c_w.l(_printf_f.o)
    0x080001aa   0x080001aa   0x00000006   Code   RO         3846    .ARM.Collect$$_printf_percent$$0000000C  c_w.l(_printf_x.o)
    0x080001b0   0x080001b0   0x00000004   Code   RO         3932    .ARM.Collect$$_printf_percent$$00000017  c_w.l(_printf_percent_end.o)
    0x080001b4   0x080001b4   0x00000002   Code   RO         4039    .ARM.Collect$$libinit$$00000000  c_w.l(libinit.o)
    0x080001b6   0x080001b6   0x00000000   Code   RO         4041    .ARM.Collect$$libinit$$00000002  c_w.l(libinit2.o)
    0x080001b6   0x080001b6   0x00000000   Code   RO         4043    .ARM.Collect$$libinit$$00000004  c_w.l(libinit2.o)
    0x080001b6   0x080001b6   0x00000000   Code   RO         4046    .ARM.Collect$$libinit$$0000000A  c_w.l(libinit2.o)
    0x080001b6   0x080001b6   0x00000000   Code   RO         4048    .ARM.Collect$$libinit$$0000000C  c_w.l(libinit2.o)
    0x080001b6   0x080001b6   0x00000000   Code   RO         4050    .ARM.Collect$$libinit$$0000000E  c_w.l(libinit2.o)
    0x080001b6   0x080001b6   0x00000006   Code   RO         4051    .ARM.Collect$$libinit$$0000000F  c_w.l(libinit2.o)
    0x080001bc   0x080001bc   0x00000000   Code   RO         4053    .ARM.Collect$$libinit$$00000011  c_w.l(libinit2.o)
    0x080001bc   0x080001bc   0x0000000c   Code   RO         4054    .ARM.Collect$$libinit$$00000012  c_w.l(libinit2.o)
    0x080001c8   0x080001c8   0x00000000   Code   RO         4055    .ARM.Collect$$libinit$$00000013  c_w.l(libinit2.o)
    0x080001c8   0x080001c8   0x00000000   Code   RO         4057    .ARM.Collect$$libinit$$00000015  c_w.l(libinit2.o)
    0x080001c8   0x080001c8   0x0000000a   Code   RO         4058    .ARM.Collect$$libinit$$00000016  c_w.l(libinit2.o)
    0x080001d2   0x080001d2   0x00000000   Code   RO         4059    .ARM.Collect$$libinit$$00000017  c_w.l(libinit2.o)
    0x080001d2   0x080001d2   0x00000000   Code   RO         4061    .ARM.Collect$$libinit$$00000019  c_w.l(libinit2.o)
    0x080001d2   0x080001d2   0x00000000   Code   RO         4063    .ARM.Collect$$libinit$$0000001B  c_w.l(libinit2.o)
    0x080001d2   0x080001d2   0x00000000   Code   RO         4065    .ARM.Collect$$libinit$$0000001D  c_w.l(libinit2.o)
    0x080001d2   0x080001d2   0x00000000   Code   RO         4067    .ARM.Collect$$libinit$$0000001F  c_w.l(libinit2.o)
    0x080001d2   0x080001d2   0x00000000   Code   RO         4069    .ARM.Collect$$libinit$$00000021  c_w.l(libinit2.o)
    0x080001d2   0x080001d2   0x00000000   Code   RO         4071    .ARM.Collect$$libinit$$00000023  c_w.l(libinit2.o)
    0x080001d2   0x080001d2   0x00000000   Code   RO         4073    .ARM.Collect$$libinit$$00000025  c_w.l(libinit2.o)
    0x080001d2   0x080001d2   0x00000000   Code   RO         4077    .ARM.Collect$$libinit$$0000002C  c_w.l(libinit2.o)
    0x080001d2   0x080001d2   0x00000000   Code   RO         4079    .ARM.Collect$$libinit$$0000002E  c_w.l(libinit2.o)
    0x080001d2   0x080001d2   0x00000000   Code   RO         4081    .ARM.Collect$$libinit$$00000030  c_w.l(libinit2.o)
    0x080001d2   0x080001d2   0x00000000   Code   RO         4083    .ARM.Collect$$libinit$$00000032  c_w.l(libinit2.o)
    0x080001d2   0x080001d2   0x00000002   Code   RO         4084    .ARM.Collect$$libinit$$00000033  c_w.l(libinit2.o)
    0x080001d4   0x080001d4   0x00000002   Code   RO         4142    .ARM.Collect$$libshutdown$$00000000  c_w.l(libshutdown.o)
    0x080001d6   0x080001d6   0x00000000   Code   RO         4165    .ARM.Collect$$libshutdown$$00000002  c_w.l(libshutdown2.o)
    0x080001d6   0x080001d6   0x00000000   Code   RO         4167    .ARM.Collect$$libshutdown$$00000004  c_w.l(libshutdown2.o)
    0x080001d6   0x080001d6   0x00000000   Code   RO         4170    .ARM.Collect$$libshutdown$$00000007  c_w.l(libshutdown2.o)
    0x080001d6   0x080001d6   0x00000000   Code   RO         4173    .ARM.Collect$$libshutdown$$0000000A  c_w.l(libshutdown2.o)
    0x080001d6   0x080001d6   0x00000000   Code   RO         4175    .ARM.Collect$$libshutdown$$0000000C  c_w.l(libshutdown2.o)
    0x080001d6   0x080001d6   0x00000000   Code   RO         4178    .ARM.Collect$$libshutdown$$0000000F  c_w.l(libshutdown2.o)
    0x080001d6   0x080001d6   0x00000002   Code   RO         4179    .ARM.Collect$$libshutdown$$00000010  c_w.l(libshutdown2.o)
    0x080001d8   0x080001d8   0x00000000   Code   RO         3919    .ARM.Collect$$rtentry$$00000000  c_w.l(__rtentry.o)
    0x080001d8   0x080001d8   0x00000000   Code   RO         3949    .ARM.Collect$$rtentry$$00000002  c_w.l(__rtentry2.o)
    0x080001d8   0x080001d8   0x00000006   Code   RO         3961    .ARM.Collect$$rtentry$$00000004  c_w.l(__rtentry4.o)
    0x080001de   0x080001de   0x00000000   Code   RO         3951    .ARM.Collect$$rtentry$$00000009  c_w.l(__rtentry2.o)
    0x080001de   0x080001de   0x00000004   Code   RO         3952    .ARM.Collect$$rtentry$$0000000A  c_w.l(__rtentry2.o)
    0x080001e2   0x080001e2   0x00000000   Code   RO         3954    .ARM.Collect$$rtentry$$0000000C  c_w.l(__rtentry2.o)
    0x080001e2   0x080001e2   0x00000008   Code   RO         3955    .ARM.Collect$$rtentry$$0000000D  c_w.l(__rtentry2.o)
    0x080001ea   0x080001ea   0x00000002   Code   RO         4085    .ARM.Collect$$rtexit$$00000000  c_w.l(rtexit.o)
    0x080001ec   0x080001ec   0x00000000   Code   RO         4110    .ARM.Collect$$rtexit$$00000002  c_w.l(rtexit2.o)
    0x080001ec   0x080001ec   0x00000004   Code   RO         4111    .ARM.Collect$$rtexit$$00000003  c_w.l(rtexit2.o)
    0x080001f0   0x080001f0   0x00000006   Code   RO         4112    .ARM.Collect$$rtexit$$00000004  c_w.l(rtexit2.o)
    0x080001f6   0x080001f6   0x00000002   PAD
    0x080001f8   0x080001f8   0x00000040   Code   RO          820  * .text               startup_stm32f10x_hd.o
    0x08000238   0x08000238   0x00000002   Code   RO         3793    .text               c_w.l(use_no_semi_2.o)
    0x0800023a   0x0800023a   0x00000002   PAD
    0x0800023c   0x0800023c   0x00000018   Code   RO         3799    .text               c_w.l(noretval__2printf.o)
    0x08000254   0x08000254   0x00000028   Code   RO         3801    .text               c_w.l(noretval__2sprintf.o)
    0x0800027c   0x0800027c   0x00000058   Code   RO         3808    .text               c_w.l(_printf_hex_int.o)
    0x080002d4   0x080002d4   0x00000138   Code   RO         3838    .text               c_w.l(__printf_flags_wp.o)
    0x0800040c   0x0800040c   0x00000006   Code   RO         3849    .text               c_w.l(heapauxi.o)
    0x08000412   0x08000412   0x00000002   Code   RO         3917    .text               c_w.l(use_no_semi.o)
    0x08000414   0x08000414   0x00000016   Code   RO         3920    .text               c_w.l(_rserrno.o)
    0x0800042a   0x0800042a   0x000000b2   Code   RO         3922    .text               c_w.l(_printf_intcommon.o)
    0x080004dc   0x080004dc   0x0000041a   Code   RO         3924    .text               c_w.l(_printf_fp_dec.o)
    0x080008f6   0x080008f6   0x00000002   PAD
    0x080008f8   0x080008f8   0x00000030   Code   RO         3926    .text               c_w.l(_printf_char_common.o)
    0x08000928   0x08000928   0x0000000a   Code   RO         3928    .text               c_w.l(_sputc.o)
    0x08000932   0x08000932   0x00000002   PAD
    0x08000934   0x08000934   0x00000024   Code   RO         3930    .text               c_w.l(_printf_char_file.o)
    0x08000958   0x08000958   0x000000a0   Code   RO         3933    .text               c_w.l(strtod.o)
    0x080009f8   0x080009f8   0x00000008   Code   RO         3966    .text               c_w.l(rt_locale_intlibspace.o)
    0x08000a00   0x08000a00   0x00000008   Code   RO         3971    .text               c_w.l(rt_errno_addr_intlibspace.o)
    0x08000a08   0x08000a08   0x0000008a   Code   RO         3973    .text               c_w.l(lludiv10.o)
    0x08000a92   0x08000a92   0x00000012   Code   RO         3975    .text               c_w.l(isspace.o)
    0x08000aa4   0x08000aa4   0x00000080   Code   RO         3977    .text               c_w.l(_printf_fp_infnan.o)
    0x08000b24   0x08000b24   0x00000040   Code   RO         3981    .text               c_w.l(_sgetc.o)
    0x08000b64   0x08000b64   0x000000dc   Code   RO         3983    .text               c_w.l(bigflt0.o)
    0x08000c40   0x08000c40   0x00000008   Code   RO         4008    .text               c_w.l(ferror.o)
    0x08000c48   0x08000c48   0x00000008   Code   RO         4021    .text               c_w.l(libspace.o)
    0x08000c50   0x08000c50   0x0000004a   Code   RO         4024    .text               c_w.l(sys_stackheap_outer.o)
    0x08000c9a   0x08000c9a   0x00000002   PAD
    0x08000c9c   0x08000c9c   0x00000010   Code   RO         4026    .text               c_w.l(rt_ctype_table.o)
    0x08000cac   0x08000cac   0x000004a4   Code   RO         4028    .text               c_w.l(scanf_fp.o)
    0x08001150   0x08001150   0x00000012   Code   RO         4030    .text               c_w.l(exit.o)
    0x08001162   0x08001162   0x00000002   PAD
    0x08001164   0x08001164   0x00000080   Code   RO         4032    .text               c_w.l(strcmpv7m.o)
    0x080011e4   0x080011e4   0x00000318   Code   RO         4116    .text               c_w.l(scanf_hexfp.o)
    0x080014fc   0x080014fc   0x00000134   Code   RO         4118    .text               c_w.l(scanf_infnan.o)
    0x08001630   0x08001630   0x00000026   Code   RO         4132    .text               c_w.l(llshl.o)
    0x08001656   0x08001656   0x0000001c   Code   RO         4134    .text               c_w.l(_chval.o)
    0x08001672   0x08001672   0x0000003e   Code   RO         3986    CL$$btod_d2e        c_w.l(btod.o)
    0x080016b0   0x080016b0   0x00000046   Code   RO         3988    CL$$btod_d2e_denorm_low  c_w.l(btod.o)
    0x080016f6   0x080016f6   0x00000060   Code   RO         3987    CL$$btod_d2e_norm_op1  c_w.l(btod.o)
    0x08001756   0x08001756   0x00000338   Code   RO         3996    CL$$btod_div_common  c_w.l(btod.o)
    0x08001a8e   0x08001a8e   0x00000002   PAD
    0x08001a90   0x08001a90   0x00000054   Code   RO         3994    CL$$btod_e2d        c_w.l(btod.o)
    0x08001ae4   0x08001ae4   0x000000c6   Code   RO         3993    CL$$btod_e2e        c_w.l(btod.o)
    0x08001baa   0x08001baa   0x00000028   Code   RO         3990    CL$$btod_ediv       c_w.l(btod.o)
    0x08001bd2   0x08001bd2   0x00000028   Code   RO         3992    CL$$btod_edivd      c_w.l(btod.o)
    0x08001bfa   0x08001bfa   0x00000028   Code   RO         3989    CL$$btod_emul       c_w.l(btod.o)
    0x08001c22   0x08001c22   0x00000028   Code   RO         3991    CL$$btod_emuld      c_w.l(btod.o)
    0x08001c4a   0x08001c4a   0x00000244   Code   RO         3995    CL$$btod_mult_common  c_w.l(btod.o)
    0x08001e8e   0x08001e8e   0x00000008   Code   RO          754    i.AT24CXX_Init      24c02.o
    0x08001e96   0x08001e96   0x00000022   Code   RO          755    i.AT24CXX_Read      24c02.o
    0x08001eb8   0x08001eb8   0x00000058   Code   RO          757    i.AT24CXX_ReadOneByte  24c02.o
    0x08001f10   0x08001f10   0x00000024   Code   RO          758    i.AT24CXX_Write     24c02.o
    0x08001f34   0x08001f34   0x00000050   Code   RO          760    i.AT24CXX_WriteOneByte  24c02.o
    0x08001f84   0x08001f84   0x00000004   Code   RO          141    i.BusFault_Handler  stm32f10x_it.o
    0x08001f88   0x08001f88   0x00000002   Code   RO          142    i.DebugMon_Handler  stm32f10x_it.o
    0x08001f8a   0x08001f8a   0x00000002   PAD
    0x08001f8c   0x08001f8c   0x00000034   Code   RO         1860    i.FSMC_NORSRAMCmd   stm32f10x_fsmc.o
    0x08001fc0   0x08001fc0   0x000000e6   Code   RO         1862    i.FSMC_NORSRAMInit  stm32f10x_fsmc.o
    0x080020a6   0x080020a6   0x00000116   Code   RO         1975    i.GPIO_Init         stm32f10x_gpio.o
    0x080021bc   0x080021bc   0x00000090   Code   RO         1977    i.GPIO_PinRemapConfig  stm32f10x_gpio.o
    0x0800224c   0x0800224c   0x00000004   Code   RO         1982    i.GPIO_ResetBits    stm32f10x_gpio.o
    0x08002250   0x08002250   0x00000004   Code   RO         1983    i.GPIO_SetBits      stm32f10x_gpio.o
    0x08002254   0x08002254   0x00000004   Code   RO         1985    i.GPIO_Write        stm32f10x_gpio.o
    0x08002258   0x08002258   0x00000004   Code   RO          143    i.HardFault_Handler  stm32f10x_it.o
    0x0800225c   0x0800225c   0x00000050   Code   RO          699    i.IIC_Ack           iic.o
    0x080022ac   0x080022ac   0x00000034   Code   RO          700    i.IIC_Init          iic.o
    0x080022e0   0x080022e0   0x00000050   Code   RO          701    i.IIC_NAck          iic.o
    0x08002330   0x08002330   0x00000070   Code   RO          702    i.IIC_Read_Byte     iic.o
    0x080023a0   0x080023a0   0x00000068   Code   RO          703    i.IIC_Send_Byte     iic.o
    0x08002408   0x08002408   0x0000004c   Code   RO          704    i.IIC_Start         iic.o
    0x08002454   0x08002454   0x0000004c   Code   RO          705    i.IIC_Stop          iic.o
    0x080024a0   0x080024a0   0x00000064   Code   RO          706    i.IIC_Wait_Ack      iic.o
    0x08002504   0x08002504   0x0000004c   Code   RO          360    i.KEY_Init          key.o
    0x08002550   0x08002550   0x0000074c   Code   RO          361    i.Key_Scan          key.o
    0x08002c9c   0x08002c9c   0x00000254   Code   RO          389    i.LCD_Angle         lcd.o
    0x08002ef0   0x08002ef0   0x0000006c   Code   RO          391    i.LCD_Clear         lcd.o
    0x08002f5c   0x08002f5c   0x000002a8   Code   RO          393    i.LCD_Coor          lcd.o
    0x08003204   0x08003204   0x000001c0   Code   RO          396    i.LCD_Display_Dir   lcd.o
    0x080033c4   0x080033c4   0x000000b0   Code   RO          397    i.LCD_DrawLine      lcd.o
    0x08003474   0x08003474   0x00000024   Code   RO          398    i.LCD_DrawPoint     lcd.o
    0x08003498   0x08003498   0x0000017c   Code   RO          401    i.LCD_Fast_DrawPoint  lcd.o
    0x08003614   0x08003614   0x000000bc   Code   RO          402    i.LCD_Fill          lcd.o
    0x080036d0   0x080036d0   0x0000376c   Code   RO          403    i.LCD_Init          lcd.o
    0x08006e3c   0x08006e3c   0x00000014   Code   RO          405    i.LCD_RD_DATA       lcd.o
    0x08006e50   0x08006e50   0x00000016   Code   RO          407    i.LCD_ReadReg       lcd.o
    0x08006e66   0x08006e66   0x00000002   PAD
    0x08006e68   0x08006e68   0x00000054   Code   RO          408    i.LCD_SSD_BackLightSet  lcd.o
    0x08006ebc   0x08006ebc   0x000002ec   Code   RO          409    i.LCD_Scan_Dir      lcd.o
    0x080071a8   0x080071a8   0x000001a8   Code   RO          410    i.LCD_SetCursor     lcd.o
    0x08007350   0x08007350   0x00000128   Code   RO          412    i.LCD_ShowChar      lcd.o
    0x08007478   0x08007478   0x00000066   Code   RO          414    i.LCD_ShowString    lcd.o
    0x080074de   0x080074de   0x00000002   PAD
    0x080074e0   0x080074e0   0x0000000c   Code   RO          416    i.LCD_WR_DATA       lcd.o
    0x080074ec   0x080074ec   0x0000000c   Code   RO          417    i.LCD_WR_REG        lcd.o
    0x080074f8   0x080074f8   0x00000014   Code   RO          419    i.LCD_WriteRAM_Prepare  lcd.o
    0x0800750c   0x0800750c   0x00000010   Code   RO          420    i.LCD_WriteReg      lcd.o
    0x0800751c   0x0800751c   0x00000130   Code   RO          421    i.LCD_dateInit      lcd.o
    0x0800764c   0x0800764c   0x0000004c   Code   RO          618    i.LED_Init          led.o
    0x08007698   0x08007698   0x00000004   Code   RO          144    i.MemManage_Handler  stm32f10x_it.o
    0x0800769c   0x0800769c   0x00000002   Code   RO          145    i.NMI_Handler       stm32f10x_it.o
    0x0800769e   0x0800769e   0x00000002   PAD
    0x080076a0   0x080076a0   0x00000070   Code   RO          824    i.NVIC_Init         misc.o
    0x08007710   0x08007710   0x00000014   Code   RO          825    i.NVIC_PriorityGroupConfig  misc.o
    0x08007724   0x08007724   0x0000003c   Code   RO          630    i.PID_init          pid.o
    0x08007760   0x08007760   0x000000f8   Code   RO          631    i.PID_realize       pid.o
    0x08007858   0x08007858   0x00000002   Code   RO          146    i.PendSV_Handler    stm32f10x_it.o
    0x0800785a   0x0800785a   0x00000002   PAD
    0x0800785c   0x0800785c   0x00000020   Code   RO         2390    i.RCC_AHBPeriphClockCmd  stm32f10x_rcc.o
    0x0800787c   0x0800787c   0x00000020   Code   RO         2391    i.RCC_APB1PeriphClockCmd  stm32f10x_rcc.o
    0x0800789c   0x0800789c   0x00000020   Code   RO         2393    i.RCC_APB2PeriphClockCmd  stm32f10x_rcc.o
    0x080078bc   0x080078bc   0x000000d4   Code   RO         2401    i.RCC_GetClocksFreq  stm32f10x_rcc.o
    0x08007990   0x08007990   0x00000002   Code   RO          147    i.SVC_Handler       stm32f10x_it.o
    0x08007992   0x08007992   0x00000008   Code   RO          230    i.SetSysClock       system_stm32f10x.o
    0x0800799a   0x0800799a   0x00000002   PAD
    0x0800799c   0x0800799c   0x000000e0   Code   RO          231    i.SetSysClockTo72   system_stm32f10x.o
    0x08007a7c   0x08007a7c   0x00000028   Code   RO          828    i.SysTick_CLKSourceConfig  misc.o
    0x08007aa4   0x08007aa4   0x00000002   Code   RO          148    i.SysTick_Handler   stm32f10x_it.o
    0x08007aa6   0x08007aa6   0x00000002   PAD
    0x08007aa8   0x08007aa8   0x00000060   Code   RO          233    i.SystemInit        system_stm32f10x.o
    0x08007b08   0x08007b08   0x00000080   Code   RO         3009    i.TI1_Config        stm32f10x_tim.o
    0x08007b88   0x08007b88   0x00000098   Code   RO         3010    i.TI2_Config        stm32f10x_tim.o
    0x08007c20   0x08007c20   0x00000090   Code   RO         3011    i.TI3_Config        stm32f10x_tim.o
    0x08007cb0   0x08007cb0   0x00000098   Code   RO         3012    i.TI4_Config        stm32f10x_tim.o
    0x08007d48   0x08007d48   0x00000030   Code   RO          652    i.TIM3_IRQHandler   pwm.o
    0x08007d78   0x08007d78   0x0000009c   Code   RO          654    i.TIM3_PWM_Init     pwm.o
    0x08007e14   0x08007e14   0x00000060   Code   RO          655    i.TIM5CH1_CAPTURE_HIGHTIME  pwm.o
    0x08007e74   0x08007e74   0x000000a8   Code   RO          656    i.TIM5_Cap_Init     pwm.o
    0x08007f1c   0x08007f1c   0x00000158   Code   RO          657    i.TIM5_IRQHandler   pwm.o
    0x08008074   0x08008074   0x00000018   Code   RO         3013    i.TIM_ARRPreloadConfig  stm32f10x_tim.o
    0x0800808c   0x0800808c   0x00000006   Code   RO         3020    i.TIM_ClearITPendingBit  stm32f10x_tim.o
    0x08008092   0x08008092   0x00000018   Code   RO         3025    i.TIM_Cmd           stm32f10x_tim.o
    0x080080aa   0x080080aa   0x00000006   Code   RO         3040    i.TIM_GetCapture1   stm32f10x_tim.o
    0x080080b0   0x080080b0   0x00000006   Code   RO         3041    i.TIM_GetCapture2   stm32f10x_tim.o
    0x080080b6   0x080080b6   0x00000022   Code   RO         3046    i.TIM_GetITStatus   stm32f10x_tim.o
    0x080080d8   0x080080d8   0x000000ac   Code   RO         3048    i.TIM_ICInit        stm32f10x_tim.o
    0x08008184   0x08008184   0x00000012   Code   RO         3050    i.TIM_ITConfig      stm32f10x_tim.o
    0x08008196   0x08008196   0x00000012   Code   RO         3056    i.TIM_OC1PolarityConfig  stm32f10x_tim.o
    0x080081a8   0x080081a8   0x000000a4   Code   RO         3059    i.TIM_OC2Init       stm32f10x_tim.o
    0x0800824c   0x0800824c   0x0000001a   Code   RO         3062    i.TIM_OC2PreloadConfig  stm32f10x_tim.o
    0x08008266   0x08008266   0x00000004   Code   RO         3087    i.TIM_SetCompare2   stm32f10x_tim.o
    0x0800826a   0x0800826a   0x00000004   Code   RO         3090    i.TIM_SetCounter    stm32f10x_tim.o
    0x0800826e   0x0800826e   0x00000012   Code   RO         3091    i.TIM_SetIC1Prescaler  stm32f10x_tim.o
    0x08008280   0x08008280   0x0000001a   Code   RO         3092    i.TIM_SetIC2Prescaler  stm32f10x_tim.o
    0x0800829a   0x0800829a   0x00000012   Code   RO         3093    i.TIM_SetIC3Prescaler  stm32f10x_tim.o
    0x080082ac   0x080082ac   0x0000001a   Code   RO         3094    i.TIM_SetIC4Prescaler  stm32f10x_tim.o
    0x080082c6   0x080082c6   0x00000002   PAD
    0x080082c8   0x080082c8   0x000000a4   Code   RO         3096    i.TIM_TimeBaseInit  stm32f10x_tim.o
    0x0800836c   0x0800836c   0x00000034   Code   RO          362    i.Translatdata      key.o
    0x080083a0   0x080083a0   0x00000088   Code   RO          319    i.USART1_IRQHandler  usart.o
    0x08008428   0x08008428   0x00000018   Code   RO         3561    i.USART_Cmd         stm32f10x_usart.o
    0x08008440   0x08008440   0x00000054   Code   RO         3565    i.USART_GetITStatus  stm32f10x_usart.o
    0x08008494   0x08008494   0x0000004a   Code   RO         3567    i.USART_ITConfig    stm32f10x_usart.o
    0x080084de   0x080084de   0x00000002   PAD
    0x080084e0   0x080084e0   0x000000d8   Code   RO         3568    i.USART_Init        stm32f10x_usart.o
    0x080085b8   0x080085b8   0x0000000a   Code   RO         3575    i.USART_ReceiveData  stm32f10x_usart.o
    0x080085c2   0x080085c2   0x00000004   Code   RO          149    i.UsageFault_Handler  stm32f10x_it.o
    0x080085c6   0x080085c6   0x00000028   Code   RO         4019    i.__ARM_fpclassify  m_ws.l(fpclassify.o)
    0x080085ee   0x080085ee   0x0000000e   Code   RO         4186    i.__mathlib_dbl_overflow  m_ws.l(dunder.o)
    0x080085fc   0x080085fc   0x00000010   Code   RO         4188    i.__mathlib_dbl_underflow  m_ws.l(dunder.o)
    0x0800860c   0x0800860c   0x00000010   Code   RO         4103    i.__mathlib_narrow  m_ws.l(narrow.o)
    0x0800861c   0x0800861c   0x00000088   Code   RO         4104    i.__mathlib_tofloat  m_ws.l(narrow.o)
    0x080086a4   0x080086a4   0x00000016   Code   RO         4146    i.__support_ldexp   m_ws.l(ldexp.o)
    0x080086ba   0x080086ba   0x0000000e   Code   RO         3836    i._is_digit         c_w.l(__printf_wp.o)
    0x080086c8   0x080086c8   0x00000006   Code   RO          320    i._sys_exit         usart.o
    0x080086ce   0x080086ce   0x0000002a   Code   RO         3914    i.atof              m_ws.l(atof.o)
    0x080086f8   0x080086f8   0x00000044   Code   RO          264    i.delay_init        delay.o
    0x0800873c   0x0800873c   0x0000004c   Code   RO          265    i.delay_ms          delay.o
    0x08008788   0x08008788   0x0000004c   Code   RO          266    i.delay_us          delay.o
    0x080087d4   0x080087d4   0x0000001c   Code   RO          321    i.fputc             usart.o
    0x080087f0   0x080087f0   0x00000058   Code   RO         4125    i.frexp             m_ws.l(frexp.o)
    0x08008848   0x08008848   0x00000074   Code   RO         4147    i.ldexp             m_ws.l(ldexp.o)
    0x080088bc   0x080088bc   0x000000dc   Code   RO            1    i.main              main.o
    0x08008998   0x08008998   0x000000a0   Code   RO          322    i.uart_init         usart.o
    0x08008a38   0x08008a38   0x0000002c   Code   RO         4013    locale$$code        c_w.l(lc_numeric_c.o)
    0x08008a64   0x08008a64   0x0000002c   Code   RO         4088    locale$$code        c_w.l(lc_ctype_c.o)
    0x08008a90   0x08008a90   0x00000062   Code   RO         3853    x$fpl$d2f           fz_ws.l(d2f.o)
    0x08008af2   0x08008af2   0x00000002   PAD
    0x08008af4   0x08008af4   0x00000150   Code   RO         3855    x$fpl$dadd          fz_ws.l(daddsub_clz.o)
    0x08008c44   0x08008c44   0x00000010   Code   RO         4180    x$fpl$dcheck1       fz_ws.l(dcheck1.o)
    0x08008c54   0x08008c54   0x00000018   Code   RO         3935    x$fpl$dcmpinf       fz_ws.l(dcmpi.o)
    0x08008c6c   0x08008c6c   0x000002b0   Code   RO         3862    x$fpl$ddiv          fz_ws.l(ddiv.o)
    0x08008f1c   0x08008f1c   0x00000078   Code   RO         3865    x$fpl$deqf          fz_ws.l(deqf.o)
    0x08008f94   0x08008f94   0x0000005a   Code   RO         3867    x$fpl$dfixu         fz_ws.l(dfixu.o)
    0x08008fee   0x08008fee   0x00000026   Code   RO         3871    x$fpl$dfltu         fz_ws.l(dflt_clz.o)
    0x08009014   0x08009014   0x00000078   Code   RO         3877    x$fpl$dleqf         fz_ws.l(dleqf.o)
    0x0800908c   0x0800908c   0x00000154   Code   RO         3879    x$fpl$dmul          fz_ws.l(dmul.o)
    0x080091e0   0x080091e0   0x0000009c   Code   RO         3937    x$fpl$dnaninf       fz_ws.l(dnaninf.o)
    0x0800927c   0x0800927c   0x0000000c   Code   RO         3939    x$fpl$dretinf       fz_ws.l(dretinf.o)
    0x08009288   0x08009288   0x0000006c   Code   RO         3881    x$fpl$drleqf        fz_ws.l(drleqf.o)
    0x080092f4   0x080092f4   0x000001d4   Code   RO         3857    x$fpl$dsub          fz_ws.l(daddsub_clz.o)
    0x080094c8   0x080094c8   0x00000056   Code   RO         3883    x$fpl$f2d           fz_ws.l(f2d.o)
    0x0800951e   0x0800951e   0x00000002   PAD
    0x08009520   0x08009520   0x000000c4   Code   RO         3885    x$fpl$fadd          fz_ws.l(faddsub_clz.o)
    0x080095e4   0x080095e4   0x00000018   Code   RO         3941    x$fpl$fcmpinf       fz_ws.l(fcmpi.o)
    0x080095fc   0x080095fc   0x00000184   Code   RO         3892    x$fpl$fdiv          fz_ws.l(fdiv.o)
    0x08009780   0x08009780   0x0000003e   Code   RO         3895    x$fpl$ffixu         fz_ws.l(ffixu.o)
    0x080097be   0x080097be   0x00000002   PAD
    0x080097c0   0x080097c0   0x00000026   Code   RO         3899    x$fpl$ffltu         fz_ws.l(fflt_clz.o)
    0x080097e6   0x080097e6   0x00000002   PAD
    0x080097e8   0x080097e8   0x00000068   Code   RO         3905    x$fpl$fleqf         fz_ws.l(fleqf.o)
    0x08009850   0x08009850   0x00000102   Code   RO         3907    x$fpl$fmul          fz_ws.l(fmul.o)
    0x08009952   0x08009952   0x0000008c   Code   RO         3943    x$fpl$fnaninf       fz_ws.l(fnaninf.o)
    0x080099de   0x080099de   0x0000000a   Code   RO         3945    x$fpl$fretinf       fz_ws.l(fretinf.o)
    0x080099e8   0x080099e8   0x00000062   Code   RO         3909    x$fpl$frleqf        fz_ws.l(frleqf.o)
    0x08009a4a   0x08009a4a   0x00000014   Code   RO         3886    x$fpl$frsb          fz_ws.l(faddsub_clz.o)
    0x08009a5e   0x08009a5e   0x00000002   PAD
    0x08009a60   0x08009a60   0x000000ea   Code   RO         3887    x$fpl$fsub          fz_ws.l(faddsub_clz.o)
    0x08009b4a   0x08009b4a   0x00000004   Code   RO         3911    x$fpl$printf1       fz_ws.l(printf1.o)
    0x08009b4e   0x08009b4e   0x00000064   Code   RO         4201    x$fpl$retnan        fz_ws.l(retnan.o)
    0x08009bb2   0x08009bb2   0x0000005c   Code   RO         4143    x$fpl$scalbn        fz_ws.l(scalbn.o)
    0x08009c0e   0x08009c0e   0x00000004   Code   RO         4017    x$fpl$scanf1        fz_ws.l(scanf1.o)
    0x08009c12   0x08009c12   0x00000008   Code   RO         4097    x$fpl$scanf2        fz_ws.l(scanf2.o)
    0x08009c1a   0x08009c1a   0x00000030   Code   RO         4207    x$fpl$trapveneer    fz_ws.l(trapv.o)
    0x08009c4a   0x08009c4a   0x00000000   Code   RO         3947    x$fpl$usenofp       fz_ws.l(usenofp.o)
    0x08009c4a   0x08009c4a   0x000017c0   Data   RO          424    .constdata          lcd.o
    0x0800b40a   0x0800b40a   0x00000028   Data   RO         3809    .constdata          c_w.l(_printf_hex_int.o)
    0x0800b432   0x0800b432   0x00000011   Data   RO         3839    .constdata          c_w.l(__printf_flags_wp.o)
    0x0800b443   0x0800b443   0x00000001   PAD
    0x0800b444   0x0800b444   0x00000094   Data   RO         3984    .constdata          c_w.l(bigflt0.o)
    0x0800b4d8   0x0800b4d8   0x00000020   Data   RO         4225    Region$$Table       anon$$obj.o
    0x0800b4f8   0x0800b4f8   0x00000008   Data   RO         4092    c$$dinf             fz_ws.l(fpconst.o)
    0x0800b500   0x0800b500   0x0000001c   Data   RO         4012    locale$$data        c_w.l(lc_numeric_c.o)
    0x0800b51c   0x0800b51c   0x00000110   Data   RO         4087    locale$$data        c_w.l(lc_ctype_c.o)


    Execution Region ER_RW (Exec base: 0x20000000, Load base: 0x0800b62c, Size: 0x0000005c, Max: 0xffffffff, ABSOLUTE)

    Exec Addr    Load Addr    Size         Type   Attr      Idx    E Section Name        Object

    0x20000000   0x0800b62c   0x00000014   Data   RW          234    .data               system_stm32f10x.o
    0x20000014   0x0800b640   0x00000004   Data   RW          267    .data               delay.o
    0x20000018   0x0800b644   0x00000006   Data   RW          324    .data               usart.o
    0x2000001e   0x0800b64a   0x00000001   Data   RW          364    .data               key.o
    0x2000001f   0x0800b64b   0x00000001   PAD
    0x20000020   0x0800b64c   0x0000000c   Data   RW          425    .data               lcd.o
    0x2000002c   0x0800b658   0x00000010   Data   RW          633    .data               pid.o
    0x2000003c   0x0800b668   0x0000000c   Data   RW          659    .data               pwm.o
    0x20000048   0x0800b674   0x00000014   Data   RW         2421    .data               stm32f10x_rcc.o


    Execution Region ER_ZI (Exec base: 0x2000005c, Load base: 0x0800b688, Size: 0x00000864, Max: 0xffffffff, ABSOLUTE)

    Exec Addr    Load Addr    Size         Type   Attr      Idx    E Section Name        Object

    0x2000005c        -       0x000000c8   Zero   RW          323    .bss                usart.o
    0x20000124        -       0x000000c8   Zero   RW          363    .bss                key.o
    0x200001ec        -       0x0000000e   Zero   RW          423    .bss                lcd.o
    0x200001fa   0x0800b688   0x00000002   PAD
    0x200001fc        -       0x00000054   Zero   RW          632    .bss                pid.o
    0x20000250        -       0x0000000a   Zero   RW          658    .bss                pwm.o
    0x2000025a   0x0800b688   0x00000002   PAD
    0x2000025c        -       0x00000060   Zero   RW         4022    .bss                c_w.l(libspace.o)
    0x200002bc   0x0800b688   0x00000004   PAD
    0x200002c0        -       0x00000200   Zero   RW          818    HEAP                startup_stm32f10x_hd.o
    0x200004c0        -       0x00000400   Zero   RW          817    STACK               startup_stm32f10x_hd.o


==============================================================================

Image component sizes


      Code (inc. data)   RO Data    RW Data    ZI Data      Debug   Object Name

       246          0          0          0          0       3235   24c02.o
       220         26          0          4          0       1687   delay.o
       680        102          0          0          0       4122   iic.o
      1996        172          0          1        200       3267   key.o
     18860        464       6080         12         14      24858   lcd.o
        76          8          0          0          0        487   led.o
       220         30          0          0          0     261239   main.o
       172         22          0          0          0       2017   misc.o
       308         48          0         16         84       2113   pid.o
       812         84          0         12         10       3545   pwm.o
        64         26        304          0       1536        784   startup_stm32f10x_hd.o
       282          6          0          0          0       1785   stm32f10x_fsmc.o
       434          6          0          0          0       4343   stm32f10x_gpio.o
        26          0          0          0          0       3614   stm32f10x_it.o
       308         38          0         20          0       4946   stm32f10x_rcc.o
      1334        160          0          0          0      13898   stm32f10x_tim.o
       408          6          0          0          0       4934   stm32f10x_usart.o
         0          0          0          0          0         32   sys.o
       328         28          0         20          0       2037   system_stm32f10x.o
       330         26          0          6        200       4088   usart.o

    ----------------------------------------------------------------------
     27122       1252       6416         92       2048     347031   Object Totals
         0          0         32          0          0          0   (incl. Generated)
        18          0          0          1          4          0   (incl. Padding)

    ----------------------------------------------------------------------

      Code (inc. data)   RO Data    RW Data    ZI Data      Debug   Library Member Name

         8          0          0          0          0         68   __main.o
       312          4         17          0          0         92   __printf_flags_wp.o
        14          0          0          0          0         68   __printf_wp.o
         0          0          0          0          0          0   __rtentry.o
        12          0          0          0          0          0   __rtentry2.o
         6          0          0          0          0          0   __rtentry4.o
        52          8          0          0          0          0   __scatter.o
        26          0          0          0          0          0   __scatter_copy.o
        28          0          0          0          0          0   __scatter_zi.o
        28          0          0          0          0         68   _chval.o
        48          6          0          0          0         96   _printf_char_common.o
        36          4          0          0          0         80   _printf_char_file.o
         6          0          0          0          0          0   _printf_f.o
      1050          0          0          0          0        216   _printf_fp_dec.o
       128         16          0          0          0         84   _printf_fp_infnan.o
        88          4         40          0          0         88   _printf_hex_int.o
       178          0          0          0          0         88   _printf_intcommon.o
         0          0          0          0          0          0   _printf_percent.o
         4          0          0          0          0          0   _printf_percent_end.o
         6          0          0          0          0          0   _printf_x.o
        22          0          0          0          0        100   _rserrno.o
        64          0          0          0          0         84   _sgetc.o
        10          0          0          0          0         68   _sputc.o
       220          4        148          0          0         96   bigflt0.o
      2074        132          0          0          0        940   btod.o
        18          0          0          0          0         80   exit.o
         8          0          0          0          0         68   ferror.o
         6          0          0          0          0        152   heapauxi.o
        18          0          0          0          0         76   isspace.o
        44         10        272          0          0         76   lc_ctype_c.o
        44         10         28          0          0         76   lc_numeric_c.o
         2          0          0          0          0          0   libinit.o
        30          0          0          0          0          0   libinit2.o
         2          0          0          0          0          0   libshutdown.o
         2          0          0          0          0          0   libshutdown2.o
         8          4          0          0         96         68   libspace.o
        38          0          0          0          0         68   llshl.o
       138          0          0          0          0         80   lludiv10.o
        24          4          0          0          0         84   noretval__2printf.o
        40          6          0          0          0         84   noretval__2sprintf.o
        16          4          0          0          0         76   rt_ctype_table.o
         8          4          0          0          0         68   rt_errno_addr_intlibspace.o
         8          4          0          0          0         68   rt_locale_intlibspace.o
         2          0          0          0          0          0   rtexit.o
        10          0          0          0          0          0   rtexit2.o
      1188         12          0          0          0        148   scanf_fp.o
       792         14          0          0          0        100   scanf_hexfp.o
       308         16          0          0          0        100   scanf_infnan.o
       128          0          0          0          0         68   strcmpv7m.o
       160         12          0          0          0        120   strtod.o
        74          0          0          0          0         80   sys_stackheap_outer.o
         2          0          0          0          0         68   use_no_semi.o
         2          0          0          0          0         68   use_no_semi_2.o
        98          4          0          0          0         92   d2f.o
       804         16          0          0          0        272   daddsub_clz.o
        16          4          0          0          0         68   dcheck1.o
        24          0          0          0          0         68   dcmpi.o
       688        140          0          0          0        208   ddiv.o
       120          4          0          0          0         92   deqf.o
        90          4          0          0          0         92   dfixu.o
        38          0          0          0          0         68   dflt_clz.o
       120          4          0          0          0         92   dleqf.o
       340         12          0          0          0        104   dmul.o
       156          4          0          0          0         92   dnaninf.o
        12          0          0          0          0         68   dretinf.o
       108          0          0          0          0         80   drleqf.o
        86          4          0          0          0         84   f2d.o
       450          8          0          0          0        236   faddsub_clz.o
        24          0          0          0          0         68   fcmpi.o
       388         76          0          0          0         96   fdiv.o
        62          4          0          0          0         84   ffixu.o
        38          0          0          0          0         68   fflt_clz.o
       104          4          0          0          0         84   fleqf.o
       258          4          0          0          0         84   fmul.o
       140          4          0          0          0         84   fnaninf.o
         0          0          8          0          0          0   fpconst.o
        10          0          0          0          0         68   fretinf.o
        98          0          0          0          0         68   frleqf.o
         4          0          0          0          0         68   printf1.o
       100          0          0          0          0         68   retnan.o
        92          0          0          0          0         68   scalbn.o
         4          0          0          0          0         68   scanf1.o
         8          0          0          0          0         84   scanf2.o
        48          0          0          0          0         68   trapv.o
         0          0          0          0          0          0   usenofp.o
        42          0          0          0          0         84   atof.o
        30          6          0          0          0        136   dunder.o
        40          0          0          0          0         68   fpclassify.o
        88          8          0          0          0         76   frexp.o
       138          0          0          0          0        160   ldexp.o
       152          4          0          0          0        168   narrow.o

    ----------------------------------------------------------------------
     12584        594        514          0        100       7648   Library Totals
        26          2          1          0          4          0   (incl. Padding)

    ----------------------------------------------------------------------

      Code (inc. data)   RO Data    RW Data    ZI Data      Debug   Library Name

      7540        278        505          0         96       4112   c_w.l
      4528        296          8          0          0       2844   fz_ws.l
       490         18          0          0          0        692   m_ws.l

    ----------------------------------------------------------------------
     12584        594        514          0        100       7648   Library Totals

    ----------------------------------------------------------------------

==============================================================================


      Code (inc. data)   RO Data    RW Data    ZI Data      Debug   

     39706       1846       6930         92       2148     344951   Grand Totals
     39706       1846       6930         92       2148     344951   ELF Image Totals
     39706       1846       6930         92          0          0   ROM Totals

==============================================================================

    Total RO  Size (Code + RO Data)                46636 (  45.54kB)
    Total RW  Size (RW Data + ZI Data)              2240 (   2.19kB)
    Total ROM Size (Code + RO Data + RW Data)      46728 (  45.63kB)

==============================================================================

