Component: ARM Compiler 5.06 update 1 (build 61) Tool: armlink [4d35a8]

==============================================================================

Section Cross References

    main.o(i.main) refers to delay.o(i.delay_init) for delay_init
    main.o(i.main) refers to misc.o(i.NVIC_PriorityGroupConfig) for NVIC_PriorityGroupConfig
    main.o(i.main) refers to usart.o(i.uart_init) for uart_init
    main.o(i.main) refers to led.o(i.LED_Init) for LED_Init
    main.o(i.main) refers to pid.o(i.PID_init) for PID_init
    main.o(i.main) refers to lcd.o(i.LCD_Init) for LCD_Init
    main.o(i.main) refers to key.o(i.KEY_Init) for KEY_Init
    main.o(i.main) refers to 24c02.o(i.AT24CXX_Init) for AT24CXX_Init
    main.o(i.main) refers to pwm.o(i.TIM3_PWM_Init) for TIM3_PWM_Init
    main.o(i.main) refers to pwm.o(i.TIM5_Cap_Init) for TIM5_Cap_Init
    main.o(i.main) refers to lcd.o(i.LCD_dateInit) for LCD_dateInit
    main.o(i.main) refers to key.o(i.Key_Scan) for Key_Scan
    main.o(i.main) refers to pwm.o(i.TIM5CH1_CAPTURE_HIGHTIME) for TIM5CH1_CAPTURE_HIGHTIME
    main.o(i.main) refers to dflt_clz.o(x$fpl$dfltu) for __aeabi_ui2d
    main.o(i.main) refers to ddiv.o(x$fpl$ddiv) for __aeabi_ddiv
    main.o(i.main) refers to d2f.o(x$fpl$d2f) for __aeabi_d2f
    main.o(i.main) refers to dflt_clz.o(x$fpl$dflt) for __aeabi_i2d
    main.o(i.main) refers to dmul.o(x$fpl$dmul) for __aeabi_dmul
    main.o(i.main) refers to frleqf.o(x$fpl$frleqf) for __aeabi_cfrcmple
    main.o(i.main) refers to fleqf.o(x$fpl$fleqf) for __aeabi_cfcmple
    main.o(i.main) refers to pid.o(i.PID_realize) for PID_realize
    main.o(i.main) refers to ffixu.o(x$fpl$ffixu) for __aeabi_f2uiz
    main.o(i.main) refers to stm32f10x_tim.o(i.TIM_SetCompare2) for TIM_SetCompare2
    main.o(i.main) refers to lcd.o(i.LCD_Coor) for LCD_Coor
    main.o(i.main) refers to fdiv.o(x$fpl$fdiv) for __aeabi_fdiv
    main.o(i.main) refers to fmul.o(x$fpl$fmul) for __aeabi_fmul
    main.o(i.main) refers to f2d.o(x$fpl$f2d) for __aeabi_f2d
    main.o(i.main) refers to fflt_clz.o(x$fpl$ffltu) for __aeabi_ui2f
    main.o(i.main) refers to lcd.o(i.LCD_Angle) for LCD_Angle
    main.o(i.main) refers to lcd.o(.data) for POINT_COLOR
    main.o(i.main) refers to pwm.o(.data) for sum
    main.o(i.main) refers to key.o(.data) for MODE
    system_stm32f10x.o(i.SetSysClock) refers to system_stm32f10x.o(i.SetSysClockTo72) for SetSysClockTo72
    system_stm32f10x.o(i.SystemCoreClockUpdate) refers to system_stm32f10x.o(.data) for SystemCoreClock
    system_stm32f10x.o(i.SystemInit) refers to system_stm32f10x.o(i.SetSysClock) for SetSysClock
    delay.o(i.delay_init) refers to misc.o(i.SysTick_CLKSourceConfig) for SysTick_CLKSourceConfig
    delay.o(i.delay_init) refers to system_stm32f10x.o(.data) for SystemCoreClock
    delay.o(i.delay_init) refers to delay.o(.data) for fac_us
    delay.o(i.delay_ms) refers to delay.o(.data) for fac_ms
    delay.o(i.delay_us) refers to delay.o(.data) for fac_us
    usart.o(i.USART1_IRQHandler) refers (Special) to use_no_semi_2.o(.text) for __use_no_semihosting
    usart.o(i.USART1_IRQHandler) refers to stm32f10x_usart.o(i.USART_GetITStatus) for USART_GetITStatus
    usart.o(i.USART1_IRQHandler) refers to stm32f10x_usart.o(i.USART_ReceiveData) for USART_ReceiveData
    usart.o(i.USART1_IRQHandler) refers to usart.o(i.USART_Change) for USART_Change
    usart.o(i.USART1_IRQHandler) refers to usart.o(.data) for USART_RX_STA
    usart.o(i.USART1_IRQHandler) refers to usart.o(.bss) for USART_RX_BUF
    usart.o(i.USART_Change) refers (Special) to use_no_semi_2.o(.text) for __use_no_semihosting
    usart.o(i.USART_Change) refers to _printf_percent.o(.ARM.Collect$$_printf_percent$$00000000) for _printf_percent
    usart.o(i.USART_Change) refers to _printf_s.o(.ARM.Collect$$_printf_percent$$00000014) for _printf_s
    usart.o(i.USART_Change) refers to _printf_str.o(.text) for _printf_str
    usart.o(i.USART_Change) refers to _printf_c.o(.ARM.Collect$$_printf_percent$$00000013) for _printf_c
    usart.o(i.USART_Change) refers to _printf_f.o(.ARM.Collect$$_printf_percent$$00000003) for _printf_f
    usart.o(i.USART_Change) refers to printf1.o(x$fpl$printf1) for _printf_fp_dec
    usart.o(i.USART_Change) refers to dflt_clz.o(x$fpl$dflt) for __aeabi_i2d
    usart.o(i.USART_Change) refers to dmul.o(x$fpl$dmul) for __aeabi_dmul
    usart.o(i.USART_Change) refers to d2f.o(x$fpl$d2f) for __aeabi_d2f
    usart.o(i.USART_Change) refers to daddsub_clz.o(x$fpl$dadd) for __aeabi_dadd
    usart.o(i.USART_Change) refers to fflt_clz.o(x$fpl$fflt) for __aeabi_i2f
    usart.o(i.USART_Change) refers to noretval__2printf.o(.text) for __2printf
    usart.o(i.USART_Change) refers to faddsub_clz.o(x$fpl$fadd) for __aeabi_fadd
    usart.o(i.USART_Change) refers to f2d.o(x$fpl$f2d) for __aeabi_f2d
    usart.o(i.USART_Change) refers to noretval__2sprintf.o(.text) for __2sprintf
    usart.o(i.USART_Change) refers to 24c02.o(i.AT24CXX_Write) for AT24CXX_Write
[...]
    ddiv_entry                               0x080090c7   Thumb Code     0  ddiv.o(x$fpl$ddiv)
    x$fpl$deqf                               0x08009370   Section      120  deqf.o(x$fpl$deqf)
    x$fpl$dfixu                              0x080093e8   Section       90  dfixu.o(x$fpl$dfixu)
    x$fpl$dflt                               0x08009442   Section       46  dflt_clz.o(x$fpl$dflt)
    x$fpl$dfltu                              0x08009470   Section       38  dflt_clz.o(x$fpl$dfltu)
    x$fpl$dleqf                              0x08009498   Section      120  dleqf.o(x$fpl$dleqf)
    x$fpl$dmul                               0x08009510   Section      340  dmul.o(x$fpl$dmul)
    x$fpl$dnaninf                            0x08009664   Section      156  dnaninf.o(x$fpl$dnaninf)
    x$fpl$dretinf                            0x08009700   Section       12  dretinf.o(x$fpl$dretinf)
    x$fpl$drleqf                             0x0800970c   Section      108  drleqf.o(x$fpl$drleqf)
    x$fpl$dsub                               0x08009778   Section      468  daddsub_clz.o(x$fpl$dsub)
    _dsub1                                   0x08009789   Thumb Code     0  daddsub_clz.o(x$fpl$dsub)
    x$fpl$f2d                                0x0800994c   Section       86  f2d.o(x$fpl$f2d)
    x$fpl$fadd                               0x080099a4   Section      196  faddsub_clz.o(x$fpl$fadd)
    _fadd1                                   0x080099b3   Thumb Code     0  faddsub_clz.o(x$fpl$fadd)
    x$fpl$fcmpinf                            0x08009a68   Section       24  fcmpi.o(x$fpl$fcmpinf)
    x$fpl$fdiv                               0x08009a80   Section      388  fdiv.o(x$fpl$fdiv)
    _fdiv1                                   0x08009a81   Thumb Code     0  fdiv.o(x$fpl$fdiv)
    x$fpl$ffixu                              0x08009c04   Section       62  ffixu.o(x$fpl$ffixu)
    x$fpl$fflt                               0x08009c44   Section       48  fflt_clz.o(x$fpl$fflt)
    x$fpl$ffltu                              0x08009c74   Section       38  fflt_clz.o(x$fpl$ffltu)
    x$fpl$fleqf                              0x08009c9c   Section      104  fleqf.o(x$fpl$fleqf)
    x$fpl$fmul                               0x08009d04   Section      258  fmul.o(x$fpl$fmul)
    x$fpl$fnaninf                            0x08009e06   Section      140  fnaninf.o(x$fpl$fnaninf)
    x$fpl$fretinf                            0x08009e92   Section       10  fretinf.o(x$fpl$fretinf)
    x$fpl$frleqf                             0x08009e9c   Section       98  frleqf.o(x$fpl$frleqf)
    x$fpl$frsb                               0x08009efe   Section       20  faddsub_clz.o(x$fpl$frsb)
    x$fpl$fsub                               0x08009f14   Section      234  faddsub_clz.o(x$fpl$fsub)
    _fsub1                                   0x08009f23   Thumb Code     0  faddsub_clz.o(x$fpl$fsub)
    x$fpl$printf1                            0x08009ffe   Section        4  printf1.o(x$fpl$printf1)
    x$fpl$retnan                             0x0800a002   Section      100  retnan.o(x$fpl$retnan)
    x$fpl$scalbn                             0x0800a066   Section       92  scalbn.o(x$fpl$scalbn)
    x$fpl$scanf1                             0x0800a0c2   Section        4  scanf1.o(x$fpl$scanf1)
    x$fpl$scanf2                             0x0800a0c6   Section        8  scanf2.o(x$fpl$scanf2)
    x$fpl$trapveneer                         0x0800a0ce   Section       48  trapv.o(x$fpl$trapveneer)
    .constdata                               0x0800a0fe   Section     6080  lcd.o(.constdata)
    x$fpl$usenofp                            0x0800a0fe   Section        0  usenofp.o(x$fpl$usenofp)
    .constdata                               0x0800b8be   Section       17  __printf_flags_wp.o(.constdata)
    maptable                                 0x0800b8be   Data          17  __printf_flags_wp.o(.constdata)
    .constdata                               0x0800b8d0   Section      148  bigflt0.o(.constdata)
    tenpwrs_x                                0x0800b8d0   Data          60  bigflt0.o(.constdata)
    tenpwrs_i                                0x0800b90c   Data          64  bigflt0.o(.constdata)
    c$$dinf                                  0x0800b984   Section        8  fpconst.o(c$$dinf)
    locale$$data                             0x0800b98c   Section       28  lc_numeric_c.o(locale$$data)
    __lcnum_c_name                           0x0800b990   Data           2  lc_numeric_c.o(locale$$data)
    __lcnum_c_start                          0x0800b998   Data           0  lc_numeric_c.o(locale$$data)
    __lcnum_c_point                          0x0800b9a4   Data           0  lc_numeric_c.o(locale$$data)
    __lcnum_c_thousands                      0x0800b9a6   Data           0  lc_numeric_c.o(locale$$data)
    __lcnum_c_grouping                       0x0800b9a7   Data           0  lc_numeric_c.o(locale$$data)
    locale$$data                             0x0800b9a8   Section      272  lc_ctype_c.o(locale$$data)
    __lcnum_c_end                            0x0800b9a8   Data           0  lc_numeric_c.o(locale$$data)
    __lcctype_c_name                         0x0800b9ac   Data           2  lc_ctype_c.o(locale$$data)
    __lcctype_c_start                        0x0800b9b4   Data           0  lc_ctype_c.o(locale$$data)
    __lcctype_c_end                          0x0800bab8   Data           0  lc_ctype_c.o(locale$$data)
    .data                                    0x20000000   Section       20  system_stm32f10x.o(.data)
    .data                                    0x20000014   Section        4  delay.o(.data)
    fac_us                                   0x20000014   Data           1  delay.o(.data)
    fac_ms                                   0x20000016   Data           2  delay.o(.data)
    .data                                    0x20000018   Section        7  usart.o(.data)
    .data                                    0x2000001f   Section        1  key.o(.data)
    .data                                    0x20000020   Section       12  lcd.o(.data)
    x                                        0x20000024   Data           2  lcd.o(.data)
    y                                        0x20000026   Data           2  lcd.o(.data)
    x                                        0x20000028   Data           2  lcd.o(.data)
    y                                        0x2000002a   Data           2  lcd.o(.data)
    .data                                    0x2000002c   Section       16  pid.o(.data)
    .data                                    0x2000003c   Section       12  pwm.o(.data)
    .data                                    0x20000048   Section       20  stm32f10x_rcc.o(.data)
    APBAHBPrescTable                         0x20000048   Data          16  stm32f10x_rcc.o(.data)
    ADCPrescTable                            0x20000058   Data           4  stm32f10x_rcc.o(.data)
    .bss                                     0x2000005c   Section      200  usart.o(.bss)
    .bss                                     0x20000124   Section      200  key.o(.bss)
    .bss                                     0x200001ec   Section       14  lcd.o(.bss)
    .bss                                     0x200001fc   Section       84  pid.o(.bss)
    .bss                                     0x20000250   Section       10  pwm.o(.bss)
    .bss                                     0x2000025c   Section       96  libspace.o(.bss)
    HEAP                                     0x200002c0   Section      512  startup_stm32f10x_hd.o(HEAP)
    Heap_Mem                                 0x200002c0   Data         512  startup_stm32f10x_hd.o(HEAP)
    STACK                                    0x200004c0   Section     1024  startup_stm32f10x_hd.o(STACK)
    Stack_Mem                                0x200004c0   Data        1024  startup_stm32f10x_hd.o(STACK)
    __initial_sp                             0x200008c0   Data           0  startup_stm32f10x_hd.o(STACK)

    Global Symbols

    Symbol Name                              Value     Ov Type        Size  Object(Section)

    BuildAttributes$$THM_ISAv4$P$D$K$B$S$PE$A:L22UL41UL21$X:L11$S22US41US21$IEEE1$IW$USESV6$~STKCKD$USESV7$~SHL$OTIME$ROPI$IEEEX$EBA8$UX$STANDARDLIB$REQ8$PRES8$EABIv2 0x00000000   Number         0  anon$$obj.o ABSOLUTE
    __ARM_use_no_argv                        0x00000000   Number         0  main.o ABSOLUTE
    _printf_flags                            0x00000000   Number         0  printf_stubs.o ABSOLUTE
    _printf_return_value                     0x00000000   Number         0  printf_stubs.o ABSOLUTE
    _printf_sizespec                         0x00000000   Number         0  printf_stubs.o ABSOLUTE
    _printf_widthprec                        0x00000000   Number         0  printf_stubs.o ABSOLUTE
    __ARM_exceptions_init                     - Undefined Weak Reference
    __alloca_initialize                       - Undefined Weak Reference
    __arm_preinit_                            - Undefined Weak Reference
    __cpp_initialize__aeabi_                  - Undefined Weak Reference
    __cxa_finalize                            - Undefined Weak Reference
    __sigvec_lookup                           - Undefined Weak Reference
    _atexit_init                              - Undefined Weak Reference
    _call_atexit_fns                          - Undefined Weak Reference
    _clock_init                               - Undefined Weak Reference
    _fp_trap_init                             - Undefined Weak Reference
    _fp_trap_shutdown                         - Undefined Weak Reference
    _get_lc_collate                           - Undefined Weak Reference
    _get_lc_monetary                          - Undefined Weak Reference
    _get_lc_time                              - Undefined Weak Reference
    _getenv_init                              - Undefined Weak Reference
    _handle_redirection                       - Undefined Weak Reference
    _init_alloc                               - Undefined Weak Reference
    _init_user_alloc                          - Undefined Weak Reference
    _initio                                   - Undefined Weak Reference
    _mutex_acquire                            - Undefined Weak Reference
    _mutex_release                            - Undefined Weak Reference
    _printf_mbtowc                            - Undefined Weak Reference
    _printf_post_padding                      - Undefined Weak Reference
    _printf_pre_padding                       - Undefined Weak Reference
    _rand_init                                - Undefined Weak Reference
    _signal_finish                            - Undefined Weak Reference
    _signal_init                              - Undefined Weak Reference
    _terminate_alloc                          - Undefined Weak Reference
    _terminate_user_alloc                     - Undefined Weak Reference
    _terminateio                              - Undefined Weak Reference
    __Vectors_Size                           0x00000130   Number         0  startup_stm32f10x_hd.o ABSOLUTE
    __Vectors                                0x08000000   Data           4  startup_stm32f10x_hd.o(RESET)
    __Vectors_End                            0x08000130   Data           0  startup_stm32f10x_hd.o(RESET)
    __main                                   0x08000131   Thumb Code     8  __main.o(!!!main)
    __scatterload                            0x08000139   Thumb Code     0  __scatter.o(!!!scatter)
    __scatterload_rt2                        0x08000139   Thumb Code    44  __scatter.o(!!!scatter)
    __scatterload_rt2_thumb_only             0x08000139   Thumb Code     0  __scatter.o(!!!scatter)
    __scatterload_null                       0x08000147   Thumb Code     0  __scatter.o(!!!scatter)
    __scatterload_copy                       0x0800016d   Thumb Code    26  __scatter_copy.o(!!handler_copy)
    __scatterload_zeroinit                   0x08000189   Thumb Code    28  __scatter_zi.o(!!handler_zi)
    _printf_f                                0x080001a5   Thumb Code     0  _printf_f.o(.ARM.Collect$$_printf_percent$$00000003)
    _printf_percent                          0x080001a5   Thumb Code     0  _printf_percent.o(.ARM.Collect$$_printf_percent$$00000000)
    _printf_c                                0x080001ab   Thumb Code     0  _printf_c.o(.ARM.Collect$$_printf_percent$$00000013)
    _printf_s                                0x080001b1   Thumb Code     0  _printf_s.o(.ARM.Collect$$_printf_percent$$00000014)
    _printf_percent_end                      0x080001b7   Thumb Code     0  _printf_percent_end.o(.ARM.Collect$$_printf_percent$$00000017)
    __rt_lib_init                            0x080001bb   Thumb Code     0  libinit.o(.ARM.Collect$$libinit$$00000000)
    __rt_lib_init_fp_1                       0x080001bd   Thumb Code     0  libinit2.o(.ARM.Collect$$libinit$$00000002)
    __rt_lib_init_heap_1                     0x080001bd   Thumb Code     0  libinit2.o(.ARM.Collect$$libinit$$0000000A)
    __rt_lib_init_lc_common                  0x080001bd   Thumb Code     0  libinit2.o(.ARM.Collect$$libinit$$0000000F)
    __rt_lib_init_preinit_1                  0x080001bd   Thumb Code     0  libinit2.o(.ARM.Collect$$libinit$$00000004)
    __rt_lib_init_rand_1                     0x080001bd   Thumb Code     0  libinit2.o(.ARM.Collect$$libinit$$0000000E)
    __rt_lib_init_user_alloc_1               0x080001bd   Thumb Code     0  libinit2.o(.ARM.Collect$$libinit$$0000000C)
    __rt_lib_init_lc_collate_1               0x080001c3   Thumb Code     0  libinit2.o(.ARM.Collect$$libinit$$00000011)
    __rt_lib_init_lc_ctype_2                 0x080001c3   Thumb Code     0  libinit2.o(.ARM.Collect$$libinit$$00000012)
    __rt_lib_init_lc_ctype_1                 0x080001cf   Thumb Code     0  libinit2.o(.ARM.Collect$$libinit$$00000013)
    __rt_lib_init_lc_monetary_1              0x080001cf   Thumb Code     0  libinit2.o(.ARM.Collect$$libinit$$00000015)
    __rt_lib_init_lc_numeric_2               0x080001cf   Thumb Code     0  libinit2.o(.ARM.Collect$$libinit$$00000016)
    __rt_lib_init_alloca_1                   0x080001d9   Thumb Code     0  libinit2.o(.ARM.Collect$$libinit$$0000002E)
    __rt_lib_init_argv_1                     0x080001d9   Thumb Code     0  libinit2.o(.ARM.Collect$$libinit$$0000002C)
    __rt_lib_init_atexit_1                   0x080001d9   Thumb Code     0  libinit2.o(.ARM.Collect$$libinit$$0000001B)
    __rt_lib_init_clock_1                    0x080001d9   Thumb Code     0  libinit2.o(.ARM.Collect$$libinit$$00000021)
    __rt_lib_init_cpp_1                      0x080001d9   Thumb Code     0  libinit2.o(.ARM.Collect$$libinit$$00000032)
    __rt_lib_init_exceptions_1               0x080001d9   Thumb Code     0  libinit2.o(.ARM.Collect$$libinit$$00000030)
    __rt_lib_init_fp_trap_1                  0x080001d9   Thumb Code     0  libinit2.o(.ARM.Collect$$libinit$$0000001F)
    __rt_lib_init_getenv_1                   0x080001d9   Thumb Code     0  libinit2.o(.ARM.Collect$$libinit$$00000023)
    __rt_lib_init_lc_numeric_1               0x080001d9   Thumb Code     0  libinit2.o(.ARM.Collect$$libinit$$00000017)
    __rt_lib_init_lc_time_1                  0x080001d9   Thumb Code     0  libinit2.o(.ARM.Collect$$libinit$$00000019)
    __rt_lib_init_return                     0x080001d9   Thumb Code     0  libinit2.o(.ARM.Collect$$libinit$$00000033)
    __rt_lib_init_signal_1                   0x080001d9   Thumb Code     0  libinit2.o(.ARM.Collect$$libinit$$0000001D)
    __rt_lib_init_stdio_1                    0x080001d9   Thumb Code     0  libinit2.o(.ARM.Collect$$libinit$$00000025)
    __rt_lib_shutdown                        0x080001db   Thumb Code     0  libshutdown.o(.ARM.Collect$$libshutdown$$00000000)
    __rt_lib_shutdown_cpp_1                  0x080001dd   Thumb Code     0  libshutdown2.o(.ARM.Collect$$libshutdown$$00000002)
    __rt_lib_shutdown_fp_trap_1              0x080001dd   Thumb Code     0  libshutdown2.o(.ARM.Collect$$libshutdown$$00000007)
    __rt_lib_shutdown_heap_1                 0x080001dd   Thumb Code     0  libshutdown2.o(.ARM.Collect$$libshutdown$$0000000F)
    __rt_lib_shutdown_return                 0x080001dd   Thumb Code     0  libshutdown2.o(.ARM.Collect$$libshutdown$$00000010)
    __rt_lib_shutdown_signal_1               0x080001dd   Thumb Code     0  libshutdown2.o(.ARM.Collect$$libshutdown$$0000000A)
    __rt_lib_shutdown_stdio_1                0x080001dd   Thumb Code     0  libshutdown2.o(.ARM.Collect$$libshutdown$$00000004)
    __rt_lib_shutdown_user_alloc_1           0x080001dd   Thumb Code     0  libshutdown2.o(.ARM.Collect$$libshutdown$$0000000C)
    __rt_entry                               0x080001df   Thumb Code     0  __rtentry.o(.ARM.Collect$$rtentry$$00000000)
    __rt_entry_presh_1                       0x080001df   Thumb Code     0  __rtentry2.o(.ARM.Collect$$rtentry$$00000002)
    __rt_entry_sh                            0x080001df   Thumb Code     0  __rtentry4.o(.ARM.Collect$$rtentry$$00000004)
    __rt_entry_li                            0x080001e5   Thumb Code     0  __rtentry2.o(.ARM.Collect$$rtentry$$0000000A)
    __rt_entry_postsh_1                      0x080001e5   Thumb Code     0  __rtentry2.o(.ARM.Collect$$rtentry$$00000009)
    __rt_entry_main                          0x080001e9   Thumb Code     0  __rtentry2.o(.ARM.Collect$$rtentry$$0000000D)
    __rt_entry_postli_1                      0x080001e9   Thumb Code     0  __rtentry2.o(.ARM.Collect$$rtentry$$0000000C)
    __rt_exit                                0x080001f1   Thumb Code     0  rtexit.o(.ARM.Collect$$rtexit$$00000000)
    __rt_exit_ls                             0x080001f3   Thumb Code     0  rtexit2.o(.ARM.Collect$$rtexit$$00000003)
    __rt_exit_prels_1                        0x080001f3   Thumb Code     0  rtexit2.o(.ARM.Collect$$rtexit$$00000002)
    __rt_exit_exit                           0x080001f7   Thumb Code     0  rtexit2.o(.ARM.Collect$$rtexit$$00000004)
    Reset_Handler                            0x080001fd   Thumb Code     8  startup_stm32f10x_hd.o(.text)
    ADC1_2_IRQHandler                        0x08000217   Thumb Code     0  startup_stm32f10x_hd.o(.text)
    ADC3_IRQHandler                          0x08000217   Thumb Code     0  startup_stm32f10x_hd.o(.text)
    CAN1_RX1_IRQHandler                      0x08000217   Thumb Code     0  startup_stm32f10x_hd.o(.text)
    CAN1_SCE_IRQHandler                      0x08000217   Thumb Code     0  startup_stm32f10x_hd.o(.text)
    DMA1_Channel1_IRQHandler                 0x08000217   Thumb Code     0  startup_stm32f10x_hd.o(.text)
    DMA1_Channel2_IRQHandler                 0x08000217   Thumb Code     0  startup_stm32f10x_hd.o(.text)
    DMA1_Channel3_IRQHandler                 0x08000217   Thumb Code     0  startup_stm32f10x_hd.o(.text)
    DMA1_Channel4_IRQHandler                 0x08000217   Thumb Code     0  startup_stm32f10x_hd.o(.text)
    DMA1_Channel5_IRQHandler                 0x08000217   Thumb Code     0  startup_stm32f10x_hd.o(.text)
    DMA1_Channel6_IRQHandler                 0x08000217   Thumb Code     0  startup_stm32f10x_hd.o(.text)
    DMA1_Channel7_IRQHandler                 0x08000217   Thumb Code     0  startup_stm32f10x_hd.o(.text)
    DMA2_Channel1_IRQHandler                 0x08000217   Thumb Code     0  startup_stm32f10x_hd.o(.text)
    DMA2_Channel2_IRQHandler                 0x08000217   Thumb Code     0  startup_stm32f10x_hd.o(.text)
    DMA2_Channel3_IRQHandler                 0x08000217   Thumb Code     0  startup_stm32f10x_hd.o(.text)
    DMA2_Channel4_5_IRQHandler               0x08000217   Thumb Code     0  startup_stm32f10x_hd.o(.text)
    EXTI0_IRQHandler                         0x08000217   Thumb Code     0  startup_stm32f10x_hd.o(.text)
    EXTI15_10_IRQHandler                     0x08000217   Thumb Code     0  startup_stm32f10x_hd.o(.text)
    EXTI1_IRQHandler                         0x08000217   Thumb Code     0  startup_stm32f10x_hd.o(.text)
    EXTI2_IRQHandler                         0x08000217   Thumb Code     0  startup_stm32f10x_hd.o(.text)
    EXTI3_IRQHandler                         0x08000217   Thumb Code     0  startup_stm32f10x_hd.o(.text)
    EXTI4_IRQHandler                         0x08000217   Thumb Code     0  startup_stm32f10x_hd.o(.text)
    EXTI9_5_IRQHandler                       0x08000217   Thumb Code     0  startup_stm32f10x_hd.o(.text)
    FLASH_IRQHandler                         0x08000217   Thumb Code     0  startup_stm32f10x_hd.o(.text)
    FSMC_IRQHandler                          0x08000217   Thumb Code     0  startup_stm32f10x_hd.o(.text)
    I2C1_ER_IRQHandler                       0x08000217   Thumb Code     0  startup_stm32f10x_hd.o(.text)
    I2C1_EV_IRQHandler                       0x08000217   Thumb Code     0  startup_stm32f10x_hd.o(.text)
    I2C2_ER_IRQHandler                       0x08000217   Thumb Code     0  startup_stm32f10x_hd.o(.text)
    I2C2_EV_IRQHandler                       0x08000217   Thumb Code     0  startup_stm32f10x_hd.o(.text)
    PVD_IRQHandler                           0x08000217   Thumb Code     0  startup_stm32f10x_hd.o(.text)
    RCC_IRQHandler                           0x08000217   Thumb Code     0  startup_stm32f10x_hd.o(.text)
    RTCAlarm_IRQHandler                      0x08000217   Thumb Code     0  startup_stm32f10x_hd.o(.text)
    RTC_IRQHandler                           0x08000217   Thumb Code     0  startup_stm32f10x_hd.o(.text)
    SDIO_IRQHandler                          0x08000217   Thumb Code     0  startup_stm32f10x_hd.o(.text)
    SPI1_IRQHandler                          0x08000217   Thumb Code     0  startup_stm32f10x_hd.o(.text)
    SPI2_IRQHandler                          0x08000217   Thumb Code     0  startup_stm32f10x_hd.o(.text)
    SPI3_IRQHandler                          0x08000217   Thumb Code     0  startup_stm32f10x_hd.o(.text)
    TAMPER_IRQHandler                        0x08000217   Thumb Code     0  startup_stm32f10x_hd.o(.text)
    TIM1_BRK_IRQHandler                      0x08000217   Thumb Code     0  startup_stm32f10x_hd.o(.text)
    TIM1_CC_IRQHandler                       0x08000217   Thumb Code     0  startup_stm32f10x_hd.o(.text)
    TIM1_TRG_COM_IRQHandler                  0x08000217   Thumb Code     0  startup_stm32f10x_hd.o(.text)
    TIM1_UP_IRQHandler                       0x08000217   Thumb Code     0  startup_stm32f10x_hd.o(.text)
    TIM2_IRQHandler                          0x08000217   Thumb Code     0  startup_stm32f10x_hd.o(.text)
    TIM4_IRQHandler                          0x08000217   Thumb Code     0  startup_stm32f10x_hd.o(.text)
    TIM6_IRQHandler                          0x08000217   Thumb Code     0  startup_stm32f10x_hd.o(.text)
    TIM7_IRQHandler                          0x08000217   Thumb Code     0  startup_stm32f10x_hd.o(.text)
    TIM8_BRK_IRQHandler                      0x08000217   Thumb Code     0  startup_stm32f10x_hd.o(.text)
    TIM8_CC_IRQHandler                       0x08000217   Thumb Code     0  startup_stm32f10x_hd.o(.text)
    TIM8_TRG_COM_IRQHandler                  0x08000217   Thumb Code     0  startup_stm32f10x_hd.o(.text)
    TIM8_UP_IRQHandler                       0x08000217   Thumb Code     0  startup_stm32f10x_hd.o(.text)
    UART4_IRQHandler                         0x08000217   Thumb Code     0  startup_stm32f10x_hd.o(.text)
    UART5_IRQHandler                         0x08000217   Thumb Code     0  startup_stm32f10x_hd.o(.text)
    USART2_IRQHandler                        0x08000217   Thumb Code     0  startup_stm32f10x_hd.o(.text)
    USART3_IRQHandler                        0x08000217   Thumb Code     0  startup_stm32f10x_hd.o(.text)
    USBWakeUp_IRQHandler                     0x08000217   Thumb Code     0  startup_stm32f10x_hd.o(.text)
    USB_HP_CAN1_TX_IRQHandler                0x08000217   Thumb Code     0  startup_stm32f10x_hd.o(.text)
    USB_LP_CAN1_RX0_IRQHandler               0x08000217   Thumb Code     0  startup_stm32f10x_hd.o(.text)
    WWDG_IRQHandler                          0x08000217   Thumb Code     0  startup_stm32f10x_hd.o(.text)
    __user_initial_stackheap                 0x08000219   Thumb Code     0  startup_stm32f10x_hd.o(.text)
    __use_no_semihosting                     0x0800023d   Thumb Code     2  use_no_semi_2.o(.text)
    __2printf                                0x08000241   Thumb Code    20  noretval__2printf.o(.text)
    __2sprintf                               0x08000259   Thumb Code    34  noretval__2sprintf.o(.text)
    _printf_str                              0x08000281   Thumb Code    82  _printf_str.o(.text)
    __printf                                 0x080002d5   Thumb Code   308  __printf_flags_wp.o(.text)
    __aeabi_memclr                           0x0800040d   Thumb Code     0  rt_memclr.o(.text)
    __rt_memclr                              0x0800040d   Thumb Code    68  rt_memclr.o(.text)
    _memset                                  0x08000411   Thumb Code     0  rt_memclr.o(.text)
    __use_two_region_memory                  0x08000451   Thumb Code     2  heapauxi.o(.text)
    __rt_heap_escrow$2region                 0x08000453   Thumb Code     2  heapauxi.o(.text)
    __rt_heap_expand$2region                 0x08000455   Thumb Code     2  heapauxi.o(.text)
    __I$use$semihosting                      0x08000457   Thumb Code     0  use_no_semi.o(.text)
    __use_no_semihosting_swi                 0x08000457   Thumb Code     2  use_no_semi.o(.text)
    __read_errno                             0x08000459   Thumb Code    10  _rserrno.o(.text)
    __set_errno                              0x08000463   Thumb Code    12  _rserrno.o(.text)
    __lib_sel_fp_printf                      0x0800046f   Thumb Code     2  _printf_fp_dec.o(.text)
    _printf_fp_dec_real                      0x0800061d   Thumb Code   620  _printf_fp_dec.o(.text)
    _printf_char_common                      0x08000893   Thumb Code    32  _printf_char_common.o(.text)
    _sputc                                   0x080008b9   Thumb Code    10  _sputc.o(.text)
    _printf_cs_common                        0x080008c3   Thumb Code    20  _printf_char.o(.text)
    _printf_char                             0x080008d7   Thumb Code    16  _printf_char.o(.text)
    _printf_string                           0x080008e7   Thumb Code     8  _printf_char.o(.text)
    _printf_char_file                        0x080008f1   Thumb Code    32  _printf_char_file.o(.text)
    __strtod_int                             0x08000951   Thumb Code    88  strtod.o(.text)
    __aeabi_memclr4                          0x080009b5   Thumb Code     0  rt_memclr_w.o(.text)
    __aeabi_memclr8                          0x080009b5   Thumb Code     0  rt_memclr_w.o(.text)
    __rt_memclr_w                            0x080009b5   Thumb Code    78  rt_memclr_w.o(.text)
    _memset_w                                0x080009b9   Thumb Code     0  rt_memclr_w.o(.text)
    __rt_locale                              0x08000a05   Thumb Code     8  rt_locale_intlibspace.o(.text)
    __aeabi_errno_addr                       0x08000a0d   Thumb Code     8  rt_errno_addr_intlibspace.o(.text)
    __errno$intlibspace                      0x08000a0d   Thumb Code     0  rt_errno_addr_intlibspace.o(.text)
    __rt_errno_addr$intlibspace              0x08000a0d   Thumb Code     0  rt_errno_addr_intlibspace.o(.text)
    _ll_udiv10                               0x08000a15   Thumb Code   138  lludiv10.o(.text)
    isspace                                  0x08000a9f   Thumb Code    18  isspace.o(.text)
    _printf_fp_infnan                        0x08000ab1   Thumb Code   112  _printf_fp_infnan.o(.text)
    _sgetc                                   0x08000b31   Thumb Code    30  _sgetc.o(.text)
    _sbackspace                              0x08000b4f   Thumb Code    34  _sgetc.o(.text)
    _btod_etento                             0x08000b71   Thumb Code   216  bigflt0.o(.text)
    ferror                                   0x08000c4d   Thumb Code     8  ferror.o(.text)
    __user_libspace                          0x08000c55   Thumb Code     8  libspace.o(.text)
    __user_perproc_libspace                  0x08000c55   Thumb Code     0  libspace.o(.text)
    __user_perthread_libspace                0x08000c55   Thumb Code     0  libspace.o(.text)
    __user_setup_stackheap                   0x08000c5d   Thumb Code    74  sys_stackheap_outer.o(.text)
    __rt_ctype_table                         0x08000ca9   Thumb Code    16  rt_ctype_table.o(.text)
    _scanf_really_real                       0x08000eb5   Thumb Code   668  scanf_fp.o(.text)
    exit                                     0x0800115d   Thumb Code    18  exit.o(.text)
    strcmp                                   0x08001171   Thumb Code   128  strcmpv7m.o(.text)
    _scanf_really_hex_real                   0x080011f1   Thumb Code   778  scanf_hexfp.o(.text)
    _scanf_really_infnan                     0x08001509   Thumb Code   292  scanf_infnan.o(.text)
    __aeabi_llsl                             0x0800163d   Thumb Code     0  llshl.o(.text)
    _ll_shift_l                              0x0800163d   Thumb Code    38  llshl.o(.text)
    _chval                                   0x08001663   Thumb Code    28  _chval.o(.text)
    _btod_d2e                                0x0800167f   Thumb Code    62  btod.o(CL$$btod_d2e)
    _d2e_denorm_low                          0x080016bd   Thumb Code    70  btod.o(CL$$btod_d2e_denorm_low)
    _d2e_norm_op1                            0x08001703   Thumb Code    96  btod.o(CL$$btod_d2e_norm_op1)
    __btod_div_common                        0x08001763   Thumb Code   696  btod.o(CL$$btod_div_common)
    _e2d                                     0x08001a9d   Thumb Code    80  btod.o(CL$$btod_e2d)
    _e2e                                     0x08001af1   Thumb Code   198  btod.o(CL$$btod_e2e)
    _btod_ediv                               0x08001bb7   Thumb Code    40  btod.o(CL$$btod_ediv)
    _btod_edivd                              0x08001bdf   Thumb Code    40  btod.o(CL$$btod_edivd)
    _btod_emul                               0x08001c07   Thumb Code    40  btod.o(CL$$btod_emul)
    _btod_emuld                              0x08001c2f   Thumb Code    40  btod.o(CL$$btod_emuld)
    __btod_mult_common                       0x08001c57   Thumb Code   580  btod.o(CL$$btod_mult_common)
    AT24CXX_Init                             0x08001e9b   Thumb Code     8  24c02.o(i.AT24CXX_Init)
    AT24CXX_Read                             0x08001ea3   Thumb Code    34  24c02.o(i.AT24CXX_Read)
    AT24CXX_ReadOneByte                      0x08001ec5   Thumb Code    88  24c02.o(i.AT24CXX_ReadOneByte)
    AT24CXX_Write                            0x08001f1d   Thumb Code    36  24c02.o(i.AT24CXX_Write)
    AT24CXX_WriteOneByte                     0x08001f41   Thumb Code    80  24c02.o(i.AT24CXX_WriteOneByte)
    BusFault_Handler                         0x08001f91   Thumb Code     4  stm32f10x_it.o(i.BusFault_Handler)
    DebugMon_Handler                         0x08001f95   Thumb Code     2  stm32f10x_it.o(i.DebugMon_Handler)
    FSMC_NORSRAMCmd                          0x08001f99   Thumb Code    46  stm32f10x_fsmc.o(i.FSMC_NORSRAMCmd)
    FSMC_NORSRAMInit                         0x08001fcd   Thumb Code   230  stm32f10x_fsmc.o(i.FSMC_NORSRAMInit)
    GPIO_Init                                0x080020b3   Thumb Code   278  stm32f10x_gpio.o(i.GPIO_Init)
    GPIO_PinRemapConfig                      0x080021c9   Thumb Code   138  stm32f10x_gpio.o(i.GPIO_PinRemapConfig)
    GPIO_ResetBits                           0x08002259   Thumb Code     4  stm32f10x_gpio.o(i.GPIO_ResetBits)
    GPIO_SetBits                             0x0800225d   Thumb Code     4  stm32f10x_gpio.o(i.GPIO_SetBits)
    GPIO_Write                               0x08002261   Thumb Code     4  stm32f10x_gpio.o(i.GPIO_Write)
    HardFault_Handler                        0x08002265   Thumb Code     4  stm32f10x_it.o(i.HardFault_Handler)
    IIC_Ack                                  0x08002269   Thumb Code    66  iic.o(i.IIC_Ack)
    IIC_Init                                 0x080022b9   Thumb Code    46  iic.o(i.IIC_Init)
    IIC_NAck                                 0x080022ed   Thumb Code    66  iic.o(i.IIC_NAck)
    IIC_Read_Byte                            0x0800233d   Thumb Code    98  iic.o(i.IIC_Read_Byte)
    IIC_Send_Byte                            0x080023ad   Thumb Code    90  iic.o(i.IIC_Send_Byte)
    IIC_Start                                0x08002415   Thumb Code    64  iic.o(i.IIC_Start)
    IIC_Stop                                 0x08002461   Thumb Code    62  iic.o(i.IIC_Stop)
    IIC_Wait_Ack                             0x080024ad   Thumb Code    86  iic.o(i.IIC_Wait_Ack)
    KEY_Init                                 0x08002511   Thumb Code    72  key.o(i.KEY_Init)
    Key_Scan                                 0x0800255d   Thumb Code  1814  key.o(i.Key_Scan)
    LCD_Angle                                0x08002ca9   Thumb Code   534  lcd.o(i.LCD_Angle)
    LCD_Clear                                0x08002f21   Thumb Code   100  lcd.o(i.LCD_Clear)
    LCD_Coor                                 0x08002f8d   Thumb Code   582  lcd.o(i.LCD_Coor)
    LCD_Display_Dir                          0x08003235   Thumb Code   444  lcd.o(i.LCD_Display_Dir)
    LCD_DrawLine                             0x080033f5   Thumb Code   176  lcd.o(i.LCD_DrawLine)
    LCD_DrawPoint                            0x080034a5   Thumb Code    28  lcd.o(i.LCD_DrawPoint)
    LCD_Fast_DrawPoint                       0x080034c9   Thumb Code   370  lcd.o(i.LCD_Fast_DrawPoint)
    LCD_Fill                                 0x08003645   Thumb Code   178  lcd.o(i.LCD_Fill)
    LCD_Init                                 0x08003701   Thumb Code 14156  lcd.o(i.LCD_Init)
    LCD_RD_DATA                              0x08006e55   Thumb Code    14  lcd.o(i.LCD_RD_DATA)
    LCD_ReadReg                              0x08006e69   Thumb Code    22  lcd.o(i.LCD_ReadReg)
    LCD_SSD_BackLightSet                     0x08006e81   Thumb Code    80  lcd.o(i.LCD_SSD_BackLightSet)
    LCD_Scan_Dir                             0x08006ed5   Thumb Code   744  lcd.o(i.LCD_Scan_Dir)
    LCD_SetCursor                            0x080071c1   Thumb Code   418  lcd.o(i.LCD_SetCursor)
    LCD_ShowChar                             0x08007369   Thumb Code   272  lcd.o(i.LCD_ShowChar)
    LCD_ShowString                           0x08007491   Thumb Code   102  lcd.o(i.LCD_ShowString)
    LCD_WR_DATA                              0x080074f9   Thumb Code     6  lcd.o(i.LCD_WR_DATA)
    LCD_WR_REG                               0x08007505   Thumb Code     6  lcd.o(i.LCD_WR_REG)
    LCD_WriteRAM_Prepare                     0x08007511   Thumb Code    10  lcd.o(i.LCD_WriteRAM_Prepare)
    LCD_WriteReg                             0x08007525   Thumb Code    10  lcd.o(i.LCD_WriteReg)
    LCD_dateInit                             0x08007535   Thumb Code   220  lcd.o(i.LCD_dateInit)
    LED_Init                                 0x08007665   Thumb Code    68  led.o(i.LED_Init)
    MemManage_Handler                        0x080076b1   Thumb Code     4  stm32f10x_it.o(i.MemManage_Handler)
    NMI_Handler                              0x080076b5   Thumb Code     2  stm32f10x_it.o(i.NMI_Handler)
    NVIC_Init                                0x080076b9   Thumb Code   100  misc.o(i.NVIC_Init)
    NVIC_PriorityGroupConfig                 0x08007729   Thumb Code    10  misc.o(i.NVIC_PriorityGroupConfig)
    PID_init                                 0x0800773d   Thumb Code    38  pid.o(i.PID_init)
    PID_realize                              0x08007779   Thumb Code   246  pid.o(i.PID_realize)
    PendSV_Handler                           0x08007891   Thumb Code     2  stm32f10x_it.o(i.PendSV_Handler)
    RCC_AHBPeriphClockCmd                    0x08007895   Thumb Code    26  stm32f10x_rcc.o(i.RCC_AHBPeriphClockCmd)
    RCC_APB1PeriphClockCmd                   0x080078b5   Thumb Code    26  stm32f10x_rcc.o(i.RCC_APB1PeriphClockCmd)
    RCC_APB2PeriphClockCmd                   0x080078d5   Thumb Code    26  stm32f10x_rcc.o(i.RCC_APB2PeriphClockCmd)
    RCC_GetClocksFreq                        0x080078f5   Thumb Code   192  stm32f10x_rcc.o(i.RCC_GetClocksFreq)
    SVC_Handler                              0x080079c9   Thumb Code     2  stm32f10x_it.o(i.SVC_Handler)
    SysTick_CLKSourceConfig                  0x08007ab5   Thumb Code    40  misc.o(i.SysTick_CLKSourceConfig)
    SysTick_Handler                          0x08007add   Thumb Code     2  stm32f10x_it.o(i.SysTick_Handler)
    SystemInit                               0x08007ae1   Thumb Code    78  system_stm32f10x.o(i.SystemInit)
    TIM3_IRQHandler                          0x08007d81   Thumb Code    38  pwm.o(i.TIM3_IRQHandler)
    TIM3_PWM_Init                            0x08007db1   Thumb Code   144  pwm.o(i.TIM3_PWM_Init)
    TIM5CH1_CAPTURE_HIGHTIME                 0x08007e4d   Thumb Code    84  pwm.o(i.TIM5CH1_CAPTURE_HIGHTIME)
    TIM5_Cap_Init                            0x08007ead   Thumb Code   160  pwm.o(i.TIM5_Cap_Init)
    TIM5_IRQHandler                          0x08007f5d   Thumb Code   188  pwm.o(i.TIM5_IRQHandler)
    TIM_ARRPreloadConfig                     0x08008029   Thumb Code    24  stm32f10x_tim.o(i.TIM_ARRPreloadConfig)
    TIM_ClearITPendingBit                    0x08008041   Thumb Code     6  stm32f10x_tim.o(i.TIM_ClearITPendingBit)
    TIM_Cmd                                  0x08008047   Thumb Code    24  stm32f10x_tim.o(i.TIM_Cmd)
    TIM_GetCapture1                          0x0800805f   Thumb Code     6  stm32f10x_tim.o(i.TIM_GetCapture1)
    TIM_GetCapture2                          0x08008065   Thumb Code     6  stm32f10x_tim.o(i.TIM_GetCapture2)
    TIM_GetITStatus                          0x0800806b   Thumb Code    34  stm32f10x_tim.o(i.TIM_GetITStatus)
    TIM_ICInit                               0x0800808d   Thumb Code   150  stm32f10x_tim.o(i.TIM_ICInit)
    TIM_ITConfig                             0x08008139   Thumb Code    18  stm32f10x_tim.o(i.TIM_ITConfig)
    TIM_OC1PolarityConfig                    0x0800814b   Thumb Code    18  stm32f10x_tim.o(i.TIM_OC1PolarityConfig)
    TIM_OC2Init                              0x0800815d   Thumb Code   154  stm32f10x_tim.o(i.TIM_OC2Init)
    TIM_OC2PreloadConfig                     0x08008201   Thumb Code    26  stm32f10x_tim.o(i.TIM_OC2PreloadConfig)
    TIM_SetCompare2                          0x0800821b   Thumb Code     4  stm32f10x_tim.o(i.TIM_SetCompare2)
    TIM_SetCounter                           0x0800821f   Thumb Code     4  stm32f10x_tim.o(i.TIM_SetCounter)
    TIM_SetIC1Prescaler                      0x08008223   Thumb Code    18  stm32f10x_tim.o(i.TIM_SetIC1Prescaler)
    TIM_SetIC2Prescaler                      0x08008235   Thumb Code    26  stm32f10x_tim.o(i.TIM_SetIC2Prescaler)
    TIM_SetIC3Prescaler                      0x0800824f   Thumb Code    18  stm32f10x_tim.o(i.TIM_SetIC3Prescaler)
    TIM_SetIC4Prescaler                      0x08008261   Thumb Code    26  stm32f10x_tim.o(i.TIM_SetIC4Prescaler)
    TIM_TimeBaseInit                         0x0800827d   Thumb Code   122  stm32f10x_tim.o(i.TIM_TimeBaseInit)
    Translatdata                             0x08008321   Thumb Code    42  key.o(i.Translatdata)
    USART1_IRQHandler                        0x08008355   Thumb Code   166  usart.o(i.USART1_IRQHandler)
    USART_Change                             0x08008415   Thumb Code   770  usart.o(i.USART_Change)
    USART_Cmd                                0x080087a1   Thumb Code    24  stm32f10x_usart.o(i.USART_Cmd)
    USART_GetITStatus                        0x080087b9   Thumb Code    84  stm32f10x_usart.o(i.USART_GetITStatus)
    USART_ITConfig                           0x0800880d   Thumb Code    74  stm32f10x_usart.o(i.USART_ITConfig)
    USART_Init                               0x08008859   Thumb Code   210  stm32f10x_usart.o(i.USART_Init)
    USART_ReceiveData                        0x08008931   Thumb Code    10  stm32f10x_usart.o(i.USART_ReceiveData)
    UsageFault_Handler                       0x0800893b   Thumb Code     4  stm32f10x_it.o(i.UsageFault_Handler)
    __ARM_fpclassify                         0x0800893f   Thumb Code    40  fpclassify.o(i.__ARM_fpclassify)
    __mathlib_dbl_overflow                   0x08008967   Thumb Code    14  dunder.o(i.__mathlib_dbl_overflow)
    __mathlib_dbl_underflow                  0x08008975   Thumb Code    10  dunder.o(i.__mathlib_dbl_underflow)
    __mathlib_narrow                         0x08008985   Thumb Code    16  narrow.o(i.__mathlib_narrow)
    __mathlib_tofloat                        0x08008995   Thumb Code   132  narrow.o(i.__mathlib_tofloat)
    __support_ldexp                          0x08008a1d   Thumb Code    22  ldexp.o(i.__support_ldexp)
    _is_digit                                0x08008a33   Thumb Code    14  __printf_wp.o(i._is_digit)
    _sys_exit                                0x08008a41   Thumb Code     6  usart.o(i._sys_exit)
    atof                                     0x08008a47   Thumb Code    42  atof.o(i.atof)
    delay_init                               0x08008a71   Thumb Code    50  delay.o(i.delay_init)
    delay_ms                                 0x08008ab5   Thumb Code    72  delay.o(i.delay_ms)
    delay_us                                 0x08008b01   Thumb Code    72  delay.o(i.delay_us)
    fputc                                    0x08008b4d   Thumb Code    24  usart.o(i.fputc)
    frexp                                    0x08008b69   Thumb Code    80  frexp.o(i.frexp)
    ldexp                                    0x08008bc1   Thumb Code   116  ldexp.o(i.ldexp)
    main                                     0x08008c35   Thumb Code   394  main.o(i.main)
    uart_init                                0x08008ded   Thumb Code   152  usart.o(i.uart_init)
    _get_lc_numeric                          0x08008e8d   Thumb Code    44  lc_numeric_c.o(locale$$code)
    _get_lc_ctype                            0x08008eb9   Thumb Code    44  lc_ctype_c.o(locale$$code)
    __aeabi_d2f                              0x08008ee5   Thumb Code     0  d2f.o(x$fpl$d2f)
    _d2f                                     0x08008ee5   Thumb Code    98  d2f.o(x$fpl$d2f)
    __aeabi_dadd                             0x08008f49   Thumb Code     0  daddsub_clz.o(x$fpl$dadd)
    _dadd                                    0x08008f49   Thumb Code   332  daddsub_clz.o(x$fpl$dadd)
    __fpl_dcheck_NaN1                        0x08009099   Thumb Code    10  dcheck1.o(x$fpl$dcheck1)
    __fpl_dcmp_Inf                           0x080090a9   Thumb Code    24  dcmpi.o(x$fpl$dcmpinf)
    __aeabi_ddiv                             0x080090c1   Thumb Code     0  ddiv.o(x$fpl$ddiv)
    _ddiv                                    0x080090c1   Thumb Code   552  ddiv.o(x$fpl$ddiv)
    __aeabi_cdcmpeq                          0x08009371   Thumb Code     0  deqf.o(x$fpl$deqf)
    _dcmpeq                                  0x08009371   Thumb Code   120  deqf.o(x$fpl$deqf)
    __aeabi_d2uiz                            0x080093e9   Thumb Code     0  dfixu.o(x$fpl$dfixu)
    _dfixu                                   0x080093e9   Thumb Code    90  dfixu.o(x$fpl$dfixu)
    __aeabi_i2d                              0x08009443   Thumb Code     0  dflt_clz.o(x$fpl$dflt)
    _dflt                                    0x08009443   Thumb Code    46  dflt_clz.o(x$fpl$dflt)
    __aeabi_ui2d                             0x08009471   Thumb Code     0  dflt_clz.o(x$fpl$dfltu)
    _dfltu                                   0x08009471   Thumb Code    38  dflt_clz.o(x$fpl$dfltu)
    __aeabi_cdcmple                          0x08009499   Thumb Code     0  dleqf.o(x$fpl$dleqf)
    _dcmple                                  0x08009499   Thumb Code   120  dleqf.o(x$fpl$dleqf)
    __fpl_dcmple_InfNaN                      0x080094fb   Thumb Code     0  dleqf.o(x$fpl$dleqf)
    __aeabi_dmul                             0x08009511   Thumb Code     0  dmul.o(x$fpl$dmul)
    _dmul                                    0x08009511   Thumb Code   332  dmul.o(x$fpl$dmul)
    __fpl_dnaninf                            0x08009665   Thumb Code   156  dnaninf.o(x$fpl$dnaninf)
    __fpl_dretinf                            0x08009701   Thumb Code    12  dretinf.o(x$fpl$dretinf)
    __aeabi_cdrcmple                         0x0800970d   Thumb Code     0  drleqf.o(x$fpl$drleqf)
    _drcmple                                 0x0800970d   Thumb Code   108  drleqf.o(x$fpl$drleqf)
    __aeabi_dsub                             0x08009779   Thumb Code     0  daddsub_clz.o(x$fpl$dsub)
    _dsub                                    0x08009779   Thumb Code   464  daddsub_clz.o(x$fpl$dsub)
    __aeabi_f2d                              0x0800994d   Thumb Code     0  f2d.o(x$fpl$f2d)
    _f2d                                     0x0800994d   Thumb Code    86  f2d.o(x$fpl$f2d)
    __aeabi_fadd                             0x080099a5   Thumb Code     0  faddsub_clz.o(x$fpl$fadd)
    _fadd                                    0x080099a5   Thumb Code   196  faddsub_clz.o(x$fpl$fadd)
    __fpl_fcmp_Inf                           0x08009a69   Thumb Code    24  fcmpi.o(x$fpl$fcmpinf)
    __aeabi_fdiv                             0x08009a81   Thumb Code     0  fdiv.o(x$fpl$fdiv)
    _fdiv                                    0x08009a81   Thumb Code   384  fdiv.o(x$fpl$fdiv)
    __aeabi_f2uiz                            0x08009c05   Thumb Code     0  ffixu.o(x$fpl$ffixu)
    _ffixu                                   0x08009c05   Thumb Code    62  ffixu.o(x$fpl$ffixu)
    __aeabi_i2f                              0x08009c45   Thumb Code     0  fflt_clz.o(x$fpl$fflt)
    _fflt                                    0x08009c45   Thumb Code    48  fflt_clz.o(x$fpl$fflt)
    __aeabi_ui2f                             0x08009c75   Thumb Code     0  fflt_clz.o(x$fpl$ffltu)
    _ffltu                                   0x08009c75   Thumb Code    38  fflt_clz.o(x$fpl$ffltu)
    __aeabi_cfcmple                          0x08009c9d   Thumb Code     0  fleqf.o(x$fpl$fleqf)
    _fcmple                                  0x08009c9d   Thumb Code   104  fleqf.o(x$fpl$fleqf)
    __fpl_fcmple_InfNaN                      0x08009cef   Thumb Code     0  fleqf.o(x$fpl$fleqf)
    __aeabi_fmul                             0x08009d05   Thumb Code     0  fmul.o(x$fpl$fmul)
    _fmul                                    0x08009d05   Thumb Code   258  fmul.o(x$fpl$fmul)
    __fpl_fnaninf                            0x08009e07   Thumb Code   140  fnaninf.o(x$fpl$fnaninf)
    __fpl_fretinf                            0x08009e93   Thumb Code    10  fretinf.o(x$fpl$fretinf)
    __aeabi_cfrcmple                         0x08009e9d   Thumb Code     0  frleqf.o(x$fpl$frleqf)
    _frcmple                                 0x08009e9d   Thumb Code    98  frleqf.o(x$fpl$frleqf)
    __aeabi_frsub                            0x08009eff   Thumb Code     0  faddsub_clz.o(x$fpl$frsb)
    _frsb                                    0x08009eff   Thumb Code    20  faddsub_clz.o(x$fpl$frsb)
    __aeabi_fsub                             0x08009f15   Thumb Code     0  faddsub_clz.o(x$fpl$fsub)
    _fsub                                    0x08009f15   Thumb Code   234  faddsub_clz.o(x$fpl$fsub)
    _printf_fp_dec                           0x08009fff   Thumb Code     4  printf1.o(x$fpl$printf1)
    __fpl_return_NaN                         0x0800a003   Thumb Code   100  retnan.o(x$fpl$retnan)
    __ARM_scalbn                             0x0800a067   Thumb Code    92  scalbn.o(x$fpl$scalbn)
    _scanf_real                              0x0800a0c3   Thumb Code     4  scanf1.o(x$fpl$scanf1)
    _scanf_hex_real                          0x0800a0c7   Thumb Code     4  scanf2.o(x$fpl$scanf2)
    _scanf_infnan                            0x0800a0cb   Thumb Code     4  scanf2.o(x$fpl$scanf2)
    __fpl_cmpreturn                          0x0800a0cf   Thumb Code    48  trapv.o(x$fpl$trapveneer)
    __I$use$fp                               0x0800a0fe   Number         0  usenofp.o(x$fpl$usenofp)
    asc2_1206                                0x0800a0fe   Data        1140  lcd.o(.constdata)
    asc2_1608                                0x0800a572   Data        1520  lcd.o(.constdata)
    asc2_2412                                0x0800ab62   Data        3420  lcd.o(.constdata)
    Region$$Table$$Base                      0x0800b964   Number         0  anon$$obj.o(Region$$Table)
    Region$$Table$$Limit                     0x0800b984   Number         0  anon$$obj.o(Region$$Table)
    __aeabi_HUGE_VAL                         0x0800b984   Data           0  fpconst.o(c$$dinf)
    __aeabi_HUGE_VALL                        0x0800b984   Data           0  fpconst.o(c$$dinf)
    __aeabi_INFINITY                         0x0800b984   Data           0  fpconst.o(c$$dinf)
    __dInf                                   0x0800b984   Data           0  fpconst.o(c$$dinf)
    __huge_val                               0x0800b984   Data           0  fpconst.o(c$$dinf)
    __ctype                                  0x0800b9b5   Data           0  lc_ctype_c.o(locale$$data)
    SystemCoreClock                          0x20000000   Data           4  system_stm32f10x.o(.data)
    AHBPrescTable                            0x20000004   Data          16  system_stm32f10x.o(.data)
    __stdout                                 0x20000018   Data           4  usart.o(.data)
    USART_RX_STA                             0x2000001c   Data           2  usart.o(.data)
    len                                      0x2000001e   Data           1  usart.o(.data)
    MODE                                     0x2000001f   Data           1  key.o(.data)
    POINT_COLOR                              0x20000020   Data           2  lcd.o(.data)
    BACK_COLOR                               0x20000022   Data           2  lcd.o(.data)
    KP                                       0x2000002c   Data           4  pid.o(.data)
    KI                                       0x20000030   Data           4  pid.o(.data)
    KD                                       0x20000034   Data           4  pid.o(.data)
    SV                                       0x20000038   Data           4  pid.o(.data)
    GL                                       0x2000003c   Data           4  pwm.o(.data)
    sum                                      0x20000040   Data           4  pwm.o(.data)
    TIM5CH1_CAPTURE_STA                      0x20000044   Data           1  pwm.o(.data)
    TIM5CH1_CAPTURE_VAL                      0x20000046   Data           2  pwm.o(.data)
    USART_RX_BUF                             0x2000005c   Data         200  usart.o(.bss)
    datatemp                                 0x20000124   Data         200  key.o(.bss)
    lcddev                                   0x200001ec   Data          14  lcd.o(.bss)
    lcd_X                                    0x200001fc   Data          40  pid.o(.bss)
    lcd_DATA                                 0x20000224   Data          10  pid.o(.bss)
    pid                                      0x20000230   Data          32  pid.o(.bss)
    TIM5_ICInitStructure                     0x20000250   Data          10  pwm.o(.bss)
    __libspace_start                         0x2000025c   Data          96  libspace.o(.bss)
    __temporary_stack_top$libspace           0x200002bc   Data           0  libspace.o(.bss)



==============================================================================

Memory Map of the image

  Image Entry point : 0x080001fd

  Load Region LR_1 (Base: 0x08000000, Size: 0x0000bb14, Max: 0xffffffff, ABSOLUTE)

    Execution Region ER_RO (Exec base: 0x08000000, Load base: 0x08000000, Size: 0x0000bab8, Max: 0xffffffff, ABSOLUTE)

    Exec Addr    Load Addr    Size         Type   Attr      Idx    E Section Name        Object

    0x08000000   0x08000000   0x00000130   Data   RO          830    RESET               startup_stm32f10x_hd.o
    0x08000130   0x08000130   0x00000008   Code   RO         3846  * !!!main             c_w.l(__main.o)
    0x08000138   0x08000138   0x00000034   Code   RO         4224    !!!scatter          c_w.l(__scatter.o)
    0x0800016c   0x0800016c   0x0000001a   Code   RO         4226    !!handler_copy      c_w.l(__scatter_copy.o)
    0x08000186   0x08000186   0x00000002   PAD
    0x08000188   0x08000188   0x0000001c   Code   RO         4228    !!handler_zi        c_w.l(__scatter_zi.o)
    0x080001a4   0x080001a4   0x00000000   Code   RO         3841    .ARM.Collect$$_printf_percent$$00000000  c_w.l(_printf_percent.o)
    0x080001a4   0x080001a4   0x00000006   Code   RO         3840    .ARM.Collect$$_printf_percent$$00000003  c_w.l(_printf_f.o)
    0x080001aa   0x080001aa   0x00000006   Code   RO         3838    .ARM.Collect$$_printf_percent$$00000013  c_w.l(_printf_c.o)
    0x080001b0   0x080001b0   0x00000006   Code   RO         3839    .ARM.Collect$$_printf_percent$$00000014  c_w.l(_printf_s.o)
    0x080001b6   0x080001b6   0x00000004   Code   RO         3927    .ARM.Collect$$_printf_percent$$00000017  c_w.l(_printf_percent_end.o)
    0x080001ba   0x080001ba   0x00000002   Code   RO         4036    .ARM.Collect$$libinit$$00000000  c_w.l(libinit.o)
    0x080001bc   0x080001bc   0x00000000   Code   RO         4038    .ARM.Collect$$libinit$$00000002  c_w.l(libinit2.o)
    0x080001bc   0x080001bc   0x00000000   Code   RO         4040    .ARM.Collect$$libinit$$00000004  c_w.l(libinit2.o)
    0x080001bc   0x080001bc   0x00000000   Code   RO         4043    .ARM.Collect$$libinit$$0000000A  c_w.l(libinit2.o)
    0x080001bc   0x080001bc   0x00000000   Code   RO         4045    .ARM.Collect$$libinit$$0000000C  c_w.l(libinit2.o)
    0x080001bc   0x080001bc   0x00000000   Code   RO         4047    .ARM.Collect$$libinit$$0000000E  c_w.l(libinit2.o)
    0x080001bc   0x080001bc   0x00000006   Code   RO         4048    .ARM.Collect$$libinit$$0000000F  c_w.l(libinit2.o)
    0x080001c2   0x080001c2   0x00000000   Code   RO         4050    .ARM.Collect$$libinit$$00000011  c_w.l(libinit2.o)
    0x080001c2   0x080001c2   0x0000000c   Code   RO         4051    .ARM.Collect$$libinit$$00000012  c_w.l(libinit2.o)
    0x080001ce   0x080001ce   0x00000000   Code   RO         4052    .ARM.Collect$$libinit$$00000013  c_w.l(libinit2.o)
    0x080001ce   0x080001ce   0x00000000   Code   RO         4054    .ARM.Collect$$libinit$$00000015  c_w.l(libinit2.o)
    0x080001ce   0x080001ce   0x0000000a   Code   RO         4055    .ARM.Collect$$libinit$$00000016  c_w.l(libinit2.o)
    0x080001d8   0x080001d8   0x00000000   Code   RO         4056    .ARM.Collect$$libinit$$00000017  c_w.l(libinit2.o)
    0x080001d8   0x080001d8   0x00000000   Code   RO         4058    .ARM.Collect$$libinit$$00000019  c_w.l(libinit2.o)
    0x080001d8   0x080001d8   0x00000000   Code   RO         4060    .ARM.Collect$$libinit$$0000001B  c_w.l(libinit2.o)
    0x080001d8   0x080001d8   0x00000000   Code   RO         4062    .ARM.Collect$$libinit$$0000001D  c_w.l(libinit2.o)
    0x080001d8   0x080001d8   0x00000000   Code   RO         4064    .ARM.Collect$$libinit$$0000001F  c_w.l(libinit2.o)
    0x080001d8   0x080001d8   0x00000000   Code   RO         4066    .ARM.Collect$$libinit$$00000021  c_w.l(libinit2.o)
    0x080001d8   0x080001d8   0x00000000   Code   RO         4068    .ARM.Collect$$libinit$$00000023  c_w.l(libinit2.o)
    0x080001d8   0x080001d8   0x00000000   Code   RO         4070    .ARM.Collect$$libinit$$00000025  c_w.l(libinit2.o)
    0x080001d8   0x080001d8   0x00000000   Code   RO         4074    .ARM.Collect$$libinit$$0000002C  c_w.l(libinit2.o)
    0x080001d8   0x080001d8   0x00000000   Code   RO         4076    .ARM.Collect$$libinit$$0000002E  c_w.l(libinit2.o)
    0x080001d8   0x080001d8   0x00000000   Code   RO         4078    .ARM.Collect$$libinit$$00000030  c_w.l(libinit2.o)
    0x080001d8   0x080001d8   0x00000000   Code   RO         4080    .ARM.Collect$$libinit$$00000032  c_w.l(libinit2.o)
    0x080001d8   0x080001d8   0x00000002   Code   RO         4081    .ARM.Collect$$libinit$$00000033  c_w.l(libinit2.o)
    0x080001da   0x080001da   0x00000002   Code   RO         4139    .ARM.Collect$$libshutdown$$00000000  c_w.l(libshutdown.o)
    0x080001dc   0x080001dc   0x00000000   Code   RO         4162    .ARM.Collect$$libshutdown$$00000002  c_w.l(libshutdown2.o)
    0x080001dc   0x080001dc   0x00000000   Code   RO         4164    .ARM.Collect$$libshutdown$$00000004  c_w.l(libshutdown2.o)
    0x080001dc   0x080001dc   0x00000000   Code   RO         4167    .ARM.Collect$$libshutdown$$00000007  c_w.l(libshutdown2.o)
    0x080001dc   0x080001dc   0x00000000   Code   RO         4170    .ARM.Collect$$libshutdown$$0000000A  c_w.l(libshutdown2.o)
    0x080001dc   0x080001dc   0x00000000   Code   RO         4172    .ARM.Collect$$libshutdown$$0000000C  c_w.l(libshutdown2.o)
    0x080001dc   0x080001dc   0x00000000   Code   RO         4175    .ARM.Collect$$libshutdown$$0000000F  c_w.l(libshutdown2.o)
    0x080001dc   0x080001dc   0x00000002   Code   RO         4176    .ARM.Collect$$libshutdown$$00000010  c_w.l(libshutdown2.o)
    0x080001de   0x080001de   0x00000000   Code   RO         3914    .ARM.Collect$$rtentry$$00000000  c_w.l(__rtentry.o)
    0x080001de   0x080001de   0x00000000   Code   RO         3946    .ARM.Collect$$rtentry$$00000002  c_w.l(__rtentry2.o)
    0x080001de   0x080001de   0x00000006   Code   RO         3958    .ARM.Collect$$rtentry$$00000004  c_w.l(__rtentry4.o)
    0x080001e4   0x080001e4   0x00000000   Code   RO         3948    .ARM.Collect$$rtentry$$00000009  c_w.l(__rtentry2.o)
    0x080001e4   0x080001e4   0x00000004   Code   RO         3949    .ARM.Collect$$rtentry$$0000000A  c_w.l(__rtentry2.o)
    0x080001e8   0x080001e8   0x00000000   Code   RO         3951    .ARM.Collect$$rtentry$$0000000C  c_w.l(__rtentry2.o)
    0x080001e8   0x080001e8   0x00000008   Code   RO         3952    .ARM.Collect$$rtentry$$0000000D  c_w.l(__rtentry2.o)
    0x080001f0   0x080001f0   0x00000002   Code   RO         4082    .ARM.Collect$$rtexit$$00000000  c_w.l(rtexit.o)
    0x080001f2   0x080001f2   0x00000000   Code   RO         4107    .ARM.Collect$$rtexit$$00000002  c_w.l(rtexit2.o)
    0x080001f2   0x080001f2   0x00000004   Code   RO         4108    .ARM.Collect$$rtexit$$00000003  c_w.l(rtexit2.o)
    0x080001f6   0x080001f6   0x00000006   Code   RO         4109    .ARM.Collect$$rtexit$$00000004  c_w.l(rtexit2.o)
    0x080001fc   0x080001fc   0x00000040   Code   RO          831  * .text               startup_stm32f10x_hd.o
    0x0800023c   0x0800023c   0x00000002   Code   RO         3804    .text               c_w.l(use_no_semi_2.o)
    0x0800023e   0x0800023e   0x00000002   PAD
    0x08000240   0x08000240   0x00000018   Code   RO         3810    .text               c_w.l(noretval__2printf.o)
    0x08000258   0x08000258   0x00000028   Code   RO         3812    .text               c_w.l(noretval__2sprintf.o)
    0x08000280   0x08000280   0x00000052   Code   RO         3816    .text               c_w.l(_printf_str.o)
    0x080002d2   0x080002d2   0x00000002   PAD
    0x080002d4   0x080002d4   0x00000138   Code   RO         3830    .text               c_w.l(__printf_flags_wp.o)
    0x0800040c   0x0800040c   0x00000044   Code   RO         3842    .text               c_w.l(rt_memclr.o)
    0x08000450   0x08000450   0x00000006   Code   RO         3844    .text               c_w.l(heapauxi.o)
    0x08000456   0x08000456   0x00000002   Code   RO         3912    .text               c_w.l(use_no_semi.o)
    0x08000458   0x08000458   0x00000016   Code   RO         3915    .text               c_w.l(_rserrno.o)
    0x0800046e   0x0800046e   0x0000041a   Code   RO         3917    .text               c_w.l(_printf_fp_dec.o)
    0x08000888   0x08000888   0x00000030   Code   RO         3919    .text               c_w.l(_printf_char_common.o)
    0x080008b8   0x080008b8   0x0000000a   Code   RO         3921    .text               c_w.l(_sputc.o)
    0x080008c2   0x080008c2   0x0000002c   Code   RO         3923    .text               c_w.l(_printf_char.o)
    0x080008ee   0x080008ee   0x00000002   PAD
    0x080008f0   0x080008f0   0x00000024   Code   RO         3925    .text               c_w.l(_printf_char_file.o)
    0x08000914   0x08000914   0x000000a0   Code   RO         3928    .text               c_w.l(strtod.o)
    0x080009b4   0x080009b4   0x0000004e   Code   RO         3930    .text               c_w.l(rt_memclr_w.o)
    0x08000a02   0x08000a02   0x00000002   PAD
    0x08000a04   0x08000a04   0x00000008   Code   RO         3963    .text               c_w.l(rt_locale_intlibspace.o)
    0x08000a0c   0x08000a0c   0x00000008   Code   RO         3968    .text               c_w.l(rt_errno_addr_intlibspace.o)
    0x08000a14   0x08000a14   0x0000008a   Code   RO         3970    .text               c_w.l(lludiv10.o)
    0x08000a9e   0x08000a9e   0x00000012   Code   RO         3972    .text               c_w.l(isspace.o)
    0x08000ab0   0x08000ab0   0x00000080   Code   RO         3974    .text               c_w.l(_printf_fp_infnan.o)
    0x08000b30   0x08000b30   0x00000040   Code   RO         3978    .text               c_w.l(_sgetc.o)
    0x08000b70   0x08000b70   0x000000dc   Code   RO         3980    .text               c_w.l(bigflt0.o)
    0x08000c4c   0x08000c4c   0x00000008   Code   RO         4005    .text               c_w.l(ferror.o)
    0x08000c54   0x08000c54   0x00000008   Code   RO         4018    .text               c_w.l(libspace.o)
    0x08000c5c   0x08000c5c   0x0000004a   Code   RO         4021    .text               c_w.l(sys_stackheap_outer.o)
    0x08000ca6   0x08000ca6   0x00000002   PAD
    0x08000ca8   0x08000ca8   0x00000010   Code   RO         4023    .text               c_w.l(rt_ctype_table.o)
    0x08000cb8   0x08000cb8   0x000004a4   Code   RO         4025    .text               c_w.l(scanf_fp.o)
    0x0800115c   0x0800115c   0x00000012   Code   RO         4027    .text               c_w.l(exit.o)
    0x0800116e   0x0800116e   0x00000002   PAD
    0x08001170   0x08001170   0x00000080   Code   RO         4029    .text               c_w.l(strcmpv7m.o)
    0x080011f0   0x080011f0   0x00000318   Code   RO         4113    .text               c_w.l(scanf_hexfp.o)
    0x08001508   0x08001508   0x00000134   Code   RO         4115    .text               c_w.l(scanf_infnan.o)
    0x0800163c   0x0800163c   0x00000026   Code   RO         4129    .text               c_w.l(llshl.o)
    0x08001662   0x08001662   0x0000001c   Code   RO         4131    .text               c_w.l(_chval.o)
    0x0800167e   0x0800167e   0x0000003e   Code   RO         3983    CL$$btod_d2e        c_w.l(btod.o)
    0x080016bc   0x080016bc   0x00000046   Code   RO         3985    CL$$btod_d2e_denorm_low  c_w.l(btod.o)
    0x08001702   0x08001702   0x00000060   Code   RO         3984    CL$$btod_d2e_norm_op1  c_w.l(btod.o)
    0x08001762   0x08001762   0x00000338   Code   RO         3993    CL$$btod_div_common  c_w.l(btod.o)
    0x08001a9a   0x08001a9a   0x00000002   PAD
    0x08001a9c   0x08001a9c   0x00000054   Code   RO         3991    CL$$btod_e2d        c_w.l(btod.o)
    0x08001af0   0x08001af0   0x000000c6   Code   RO         3990    CL$$btod_e2e        c_w.l(btod.o)
    0x08001bb6   0x08001bb6   0x00000028   Code   RO         3987    CL$$btod_ediv       c_w.l(btod.o)
    0x08001bde   0x08001bde   0x00000028   Code   RO         3989    CL$$btod_edivd      c_w.l(btod.o)
    0x08001c06   0x08001c06   0x00000028   Code   RO         3986    CL$$btod_emul       c_w.l(btod.o)
    0x08001c2e   0x08001c2e   0x00000028   Code   RO         3988    CL$$btod_emuld      c_w.l(btod.o)
    0x08001c56   0x08001c56   0x00000244   Code   RO         3992    CL$$btod_mult_common  c_w.l(btod.o)
    0x08001e9a   0x08001e9a   0x00000008   Code   RO          765    i.AT24CXX_Init      24c02.o
    0x08001ea2   0x08001ea2   0x00000022   Code   RO          766    i.AT24CXX_Read      24c02.o
    0x08001ec4   0x08001ec4   0x00000058   Code   RO          768    i.AT24CXX_ReadOneByte  24c02.o
    0x08001f1c   0x08001f1c   0x00000024   Code   RO          769    i.AT24CXX_Write     24c02.o
    0x08001f40   0x08001f40   0x00000050   Code   RO          771    i.AT24CXX_WriteOneByte  24c02.o
    0x08001f90   0x08001f90   0x00000004   Code   RO          141    i.BusFault_Handler  stm32f10x_it.o
    0x08001f94   0x08001f94   0x00000002   Code   RO          142    i.DebugMon_Handler  stm32f10x_it.o
    0x08001f96   0x08001f96   0x00000002   PAD
    0x08001f98   0x08001f98   0x00000034   Code   RO         1871    i.FSMC_NORSRAMCmd   stm32f10x_fsmc.o
    0x08001fcc   0x08001fcc   0x000000e6   Code   RO         1873    i.FSMC_NORSRAMInit  stm32f10x_fsmc.o
    0x080020b2   0x080020b2   0x00000116   Code   RO         1986    i.GPIO_Init         stm32f10x_gpio.o
    0x080021c8   0x080021c8   0x00000090   Code   RO         1988    i.GPIO_PinRemapConfig  stm32f10x_gpio.o
    0x08002258   0x08002258   0x00000004   Code   RO         1993    i.GPIO_ResetBits    stm32f10x_gpio.o
    0x0800225c   0x0800225c   0x00000004   Code   RO         1994    i.GPIO_SetBits      stm32f10x_gpio.o
    0x08002260   0x08002260   0x00000004   Code   RO         1996    i.GPIO_Write        stm32f10x_gpio.o
    0x08002264   0x08002264   0x00000004   Code   RO          143    i.HardFault_Handler  stm32f10x_it.o
    0x08002268   0x08002268   0x00000050   Code   RO          710    i.IIC_Ack           iic.o
    0x080022b8   0x080022b8   0x00000034   Code   RO          711    i.IIC_Init          iic.o
    0x080022ec   0x080022ec   0x00000050   Code   RO          712    i.IIC_NAck          iic.o
    0x0800233c   0x0800233c   0x00000070   Code   RO          713    i.IIC_Read_Byte     iic.o
    0x080023ac   0x080023ac   0x00000068   Code   RO          714    i.IIC_Send_Byte     iic.o
    0x08002414   0x08002414   0x0000004c   Code   RO          715    i.IIC_Start         iic.o
    0x08002460   0x08002460   0x0000004c   Code   RO          716    i.IIC_Stop          iic.o
    0x080024ac   0x080024ac   0x00000064   Code   RO          717    i.IIC_Wait_Ack      iic.o
    0x08002510   0x08002510   0x0000004c   Code   RO          370    i.KEY_Init          key.o
    0x0800255c   0x0800255c   0x0000074c   Code   RO          371    i.Key_Scan          key.o
    0x08002ca8   0x08002ca8   0x00000278   Code   RO          399    i.LCD_Angle         lcd.o
    0x08002f20   0x08002f20   0x0000006c   Code   RO          401    i.LCD_Clear         lcd.o
    0x08002f8c   0x08002f8c   0x000002a8   Code   RO          403    i.LCD_Coor          lcd.o
    0x08003234   0x08003234   0x000001c0   Code   RO          406    i.LCD_Display_Dir   lcd.o
    0x080033f4   0x080033f4   0x000000b0   Code   RO          407    i.LCD_DrawLine      lcd.o
    0x080034a4   0x080034a4   0x00000024   Code   RO          408    i.LCD_DrawPoint     lcd.o
    0x080034c8   0x080034c8   0x0000017c   Code   RO          411    i.LCD_Fast_DrawPoint  lcd.o
    0x08003644   0x08003644   0x000000bc   Code   RO          412    i.LCD_Fill          lcd.o
    0x08003700   0x08003700   0x00003754   Code   RO          413    i.LCD_Init          lcd.o
    0x08006e54   0x08006e54   0x00000014   Code   RO          415    i.LCD_RD_DATA       lcd.o
    0x08006e68   0x08006e68   0x00000016   Code   RO          417    i.LCD_ReadReg       lcd.o
    0x08006e7e   0x08006e7e   0x00000002   PAD
    0x08006e80   0x08006e80   0x00000054   Code   RO          418    i.LCD_SSD_BackLightSet  lcd.o
    0x08006ed4   0x08006ed4   0x000002ec   Code   RO          419    i.LCD_Scan_Dir      lcd.o
    0x080071c0   0x080071c0   0x000001a8   Code   RO          420    i.LCD_SetCursor     lcd.o
    0x08007368   0x08007368   0x00000128   Code   RO          422    i.LCD_ShowChar      lcd.o
    0x08007490   0x08007490   0x00000066   Code   RO          424    i.LCD_ShowString    lcd.o
    0x080074f6   0x080074f6   0x00000002   PAD
    0x080074f8   0x080074f8   0x0000000c   Code   RO          426    i.LCD_WR_DATA       lcd.o
    0x08007504   0x08007504   0x0000000c   Code   RO          427    i.LCD_WR_REG        lcd.o
    0x08007510   0x08007510   0x00000014   Code   RO          429    i.LCD_WriteRAM_Prepare  lcd.o
    0x08007524   0x08007524   0x00000010   Code   RO          430    i.LCD_WriteReg      lcd.o
    0x08007534   0x08007534   0x00000130   Code   RO          431    i.LCD_dateInit      lcd.o
    0x08007664   0x08007664   0x0000004c   Code   RO          628    i.LED_Init          led.o
    0x080076b0   0x080076b0   0x00000004   Code   RO          144    i.MemManage_Handler  stm32f10x_it.o
    0x080076b4   0x080076b4   0x00000002   Code   RO          145    i.NMI_Handler       stm32f10x_it.o
    0x080076b6   0x080076b6   0x00000002   PAD
    0x080076b8   0x080076b8   0x00000070   Code   RO          835    i.NVIC_Init         misc.o
    0x08007728   0x08007728   0x00000014   Code   RO          836    i.NVIC_PriorityGroupConfig  misc.o
    0x0800773c   0x0800773c   0x0000003c   Code   RO          640    i.PID_init          pid.o
    0x08007778   0x08007778   0x00000118   Code   RO          641    i.PID_realize       pid.o
    0x08007890   0x08007890   0x00000002   Code   RO          146    i.PendSV_Handler    stm32f10x_it.o
    0x08007892   0x08007892   0x00000002   PAD
    0x08007894   0x08007894   0x00000020   Code   RO         2401    i.RCC_AHBPeriphClockCmd  stm32f10x_rcc.o
    0x080078b4   0x080078b4   0x00000020   Code   RO         2402    i.RCC_APB1PeriphClockCmd  stm32f10x_rcc.o
    0x080078d4   0x080078d4   0x00000020   Code   RO         2404    i.RCC_APB2PeriphClockCmd  stm32f10x_rcc.o
    0x080078f4   0x080078f4   0x000000d4   Code   RO         2412    i.RCC_GetClocksFreq  stm32f10x_rcc.o
    0x080079c8   0x080079c8   0x00000002   Code   RO          147    i.SVC_Handler       stm32f10x_it.o
    0x080079ca   0x080079ca   0x00000008   Code   RO          230    i.SetSysClock       system_stm32f10x.o
    0x080079d2   0x080079d2   0x00000002   PAD
    0x080079d4   0x080079d4   0x000000e0   Code   RO          231    i.SetSysClockTo72   system_stm32f10x.o
    0x08007ab4   0x08007ab4   0x00000028   Code   RO          839    i.SysTick_CLKSourceConfig  misc.o
    0x08007adc   0x08007adc   0x00000002   Code   RO          148    i.SysTick_Handler   stm32f10x_it.o
    0x08007ade   0x08007ade   0x00000002   PAD
    0x08007ae0   0x08007ae0   0x00000060   Code   RO          233    i.SystemInit        system_stm32f10x.o
    0x08007b40   0x08007b40   0x00000080   Code   RO         3020    i.TI1_Config        stm32f10x_tim.o
    0x08007bc0   0x08007bc0   0x00000098   Code   RO         3021    i.TI2_Config        stm32f10x_tim.o
    0x08007c58   0x08007c58   0x00000090   Code   RO         3022    i.TI3_Config        stm32f10x_tim.o
    0x08007ce8   0x08007ce8   0x00000098   Code   RO         3023    i.TI4_Config        stm32f10x_tim.o
    0x08007d80   0x08007d80   0x00000030   Code   RO          663    i.TIM3_IRQHandler   pwm.o
    0x08007db0   0x08007db0   0x0000009c   Code   RO          665    i.TIM3_PWM_Init     pwm.o
    0x08007e4c   0x08007e4c   0x00000060   Code   RO          666    i.TIM5CH1_CAPTURE_HIGHTIME  pwm.o
    0x08007eac   0x08007eac   0x000000b0   Code   RO          667    i.TIM5_Cap_Init     pwm.o
    0x08007f5c   0x08007f5c   0x000000cc   Code   RO          668    i.TIM5_IRQHandler   pwm.o
    0x08008028   0x08008028   0x00000018   Code   RO         3024    i.TIM_ARRPreloadConfig  stm32f10x_tim.o
    0x08008040   0x08008040   0x00000006   Code   RO         3031    i.TIM_ClearITPendingBit  stm32f10x_tim.o
    0x08008046   0x08008046   0x00000018   Code   RO         3036    i.TIM_Cmd           stm32f10x_tim.o
    0x0800805e   0x0800805e   0x00000006   Code   RO         3051    i.TIM_GetCapture1   stm32f10x_tim.o
    0x08008064   0x08008064   0x00000006   Code   RO         3052    i.TIM_GetCapture2   stm32f10x_tim.o
    0x0800806a   0x0800806a   0x00000022   Code   RO         3057    i.TIM_GetITStatus   stm32f10x_tim.o
    0x0800808c   0x0800808c   0x000000ac   Code   RO         3059    i.TIM_ICInit        stm32f10x_tim.o
    0x08008138   0x08008138   0x00000012   Code   RO         3061    i.TIM_ITConfig      stm32f10x_tim.o
    0x0800814a   0x0800814a   0x00000012   Code   RO         3067    i.TIM_OC1PolarityConfig  stm32f10x_tim.o
    0x0800815c   0x0800815c   0x000000a4   Code   RO         3070    i.TIM_OC2Init       stm32f10x_tim.o
    0x08008200   0x08008200   0x0000001a   Code   RO         3073    i.TIM_OC2PreloadConfig  stm32f10x_tim.o
    0x0800821a   0x0800821a   0x00000004   Code   RO         3098    i.TIM_SetCompare2   stm32f10x_tim.o
    0x0800821e   0x0800821e   0x00000004   Code   RO         3101    i.TIM_SetCounter    stm32f10x_tim.o
    0x08008222   0x08008222   0x00000012   Code   RO         3102    i.TIM_SetIC1Prescaler  stm32f10x_tim.o
    0x08008234   0x08008234   0x0000001a   Code   RO         3103    i.TIM_SetIC2Prescaler  stm32f10x_tim.o
    0x0800824e   0x0800824e   0x00000012   Code   RO         3104    i.TIM_SetIC3Prescaler  stm32f10x_tim.o
    0x08008260   0x08008260   0x0000001a   Code   RO         3105    i.TIM_SetIC4Prescaler  stm32f10x_tim.o
    0x0800827a   0x0800827a   0x00000002   PAD
    0x0800827c   0x0800827c   0x000000a4   Code   RO         3107    i.TIM_TimeBaseInit  stm32f10x_tim.o
    0x08008320   0x08008320   0x00000034   Code   RO          372    i.Translatdata      key.o
    0x08008354   0x08008354   0x000000c0   Code   RO          319    i.USART1_IRQHandler  usart.o
    0x08008414   0x08008414   0x0000038c   Code   RO          320    i.USART_Change      usart.o
    0x080087a0   0x080087a0   0x00000018   Code   RO         3572    i.USART_Cmd         stm32f10x_usart.o
    0x080087b8   0x080087b8   0x00000054   Code   RO         3576    i.USART_GetITStatus  stm32f10x_usart.o
    0x0800880c   0x0800880c   0x0000004a   Code   RO         3578    i.USART_ITConfig    stm32f10x_usart.o
    0x08008856   0x08008856   0x00000002   PAD
    0x08008858   0x08008858   0x000000d8   Code   RO         3579    i.USART_Init        stm32f10x_usart.o
    0x08008930   0x08008930   0x0000000a   Code   RO         3586    i.USART_ReceiveData  stm32f10x_usart.o
    0x0800893a   0x0800893a   0x00000004   Code   RO          149    i.UsageFault_Handler  stm32f10x_it.o
    0x0800893e   0x0800893e   0x00000028   Code   RO         4016    i.__ARM_fpclassify  m_ws.l(fpclassify.o)
    0x08008966   0x08008966   0x0000000e   Code   RO         4183    i.__mathlib_dbl_overflow  m_ws.l(dunder.o)
    0x08008974   0x08008974   0x00000010   Code   RO         4185    i.__mathlib_dbl_underflow  m_ws.l(dunder.o)
    0x08008984   0x08008984   0x00000010   Code   RO         4100    i.__mathlib_narrow  m_ws.l(narrow.o)
    0x08008994   0x08008994   0x00000088   Code   RO         4101    i.__mathlib_tofloat  m_ws.l(narrow.o)
    0x08008a1c   0x08008a1c   0x00000016   Code   RO         4143    i.__support_ldexp   m_ws.l(ldexp.o)
    0x08008a32   0x08008a32   0x0000000e   Code   RO         3828    i._is_digit         c_w.l(__printf_wp.o)
    0x08008a40   0x08008a40   0x00000006   Code   RO          321    i._sys_exit         usart.o
    0x08008a46   0x08008a46   0x0000002a   Code   RO         3909    i.atof              m_ws.l(atof.o)
    0x08008a70   0x08008a70   0x00000044   Code   RO          264    i.delay_init        delay.o
    0x08008ab4   0x08008ab4   0x0000004c   Code   RO          265    i.delay_ms          delay.o
    0x08008b00   0x08008b00   0x0000004c   Code   RO          266    i.delay_us          delay.o
    0x08008b4c   0x08008b4c   0x0000001c   Code   RO          322    i.fputc             usart.o
    0x08008b68   0x08008b68   0x00000058   Code   RO         4122    i.frexp             m_ws.l(frexp.o)
    0x08008bc0   0x08008bc0   0x00000074   Code   RO         4144    i.ldexp             m_ws.l(ldexp.o)
    0x08008c34   0x08008c34   0x000001b8   Code   RO            1    i.main              main.o
    0x08008dec   0x08008dec   0x000000a0   Code   RO          323    i.uart_init         usart.o
    0x08008e8c   0x08008e8c   0x0000002c   Code   RO         4010    locale$$code        c_w.l(lc_numeric_c.o)
    0x08008eb8   0x08008eb8   0x0000002c   Code   RO         4085    locale$$code        c_w.l(lc_ctype_c.o)
    0x08008ee4   0x08008ee4   0x00000062   Code   RO         3848    x$fpl$d2f           fz_ws.l(d2f.o)
    0x08008f46   0x08008f46   0x00000002   PAD
    0x08008f48   0x08008f48   0x00000150   Code   RO         3850    x$fpl$dadd          fz_ws.l(daddsub_clz.o)
    0x08009098   0x08009098   0x00000010   Code   RO         4177    x$fpl$dcheck1       fz_ws.l(dcheck1.o)
    0x080090a8   0x080090a8   0x00000018   Code   RO         3932    x$fpl$dcmpinf       fz_ws.l(dcmpi.o)
    0x080090c0   0x080090c0   0x000002b0   Code   RO         3857    x$fpl$ddiv          fz_ws.l(ddiv.o)
    0x08009370   0x08009370   0x00000078   Code   RO         3860    x$fpl$deqf          fz_ws.l(deqf.o)
    0x080093e8   0x080093e8   0x0000005a   Code   RO         3862    x$fpl$dfixu         fz_ws.l(dfixu.o)
    0x08009442   0x08009442   0x0000002e   Code   RO         3867    x$fpl$dflt          fz_ws.l(dflt_clz.o)
    0x08009470   0x08009470   0x00000026   Code   RO         3866    x$fpl$dfltu         fz_ws.l(dflt_clz.o)
    0x08009496   0x08009496   0x00000002   PAD
    0x08009498   0x08009498   0x00000078   Code   RO         3872    x$fpl$dleqf         fz_ws.l(dleqf.o)
    0x08009510   0x08009510   0x00000154   Code   RO         3874    x$fpl$dmul          fz_ws.l(dmul.o)
    0x08009664   0x08009664   0x0000009c   Code   RO         3934    x$fpl$dnaninf       fz_ws.l(dnaninf.o)
    0x08009700   0x08009700   0x0000000c   Code   RO         3936    x$fpl$dretinf       fz_ws.l(dretinf.o)
    0x0800970c   0x0800970c   0x0000006c   Code   RO         3876    x$fpl$drleqf        fz_ws.l(drleqf.o)
    0x08009778   0x08009778   0x000001d4   Code   RO         3852    x$fpl$dsub          fz_ws.l(daddsub_clz.o)
    0x0800994c   0x0800994c   0x00000056   Code   RO         3878    x$fpl$f2d           fz_ws.l(f2d.o)
    0x080099a2   0x080099a2   0x00000002   PAD
    0x080099a4   0x080099a4   0x000000c4   Code   RO         3880    x$fpl$fadd          fz_ws.l(faddsub_clz.o)
    0x08009a68   0x08009a68   0x00000018   Code   RO         3938    x$fpl$fcmpinf       fz_ws.l(fcmpi.o)
    0x08009a80   0x08009a80   0x00000184   Code   RO         3887    x$fpl$fdiv          fz_ws.l(fdiv.o)
    0x08009c04   0x08009c04   0x0000003e   Code   RO         3890    x$fpl$ffixu         fz_ws.l(ffixu.o)
    0x08009c42   0x08009c42   0x00000002   PAD
    0x08009c44   0x08009c44   0x00000030   Code   RO         3895    x$fpl$fflt          fz_ws.l(fflt_clz.o)
    0x08009c74   0x08009c74   0x00000026   Code   RO         3894    x$fpl$ffltu         fz_ws.l(fflt_clz.o)
    0x08009c9a   0x08009c9a   0x00000002   PAD
    0x08009c9c   0x08009c9c   0x00000068   Code   RO         3900    x$fpl$fleqf         fz_ws.l(fleqf.o)
    0x08009d04   0x08009d04   0x00000102   Code   RO         3902    x$fpl$fmul          fz_ws.l(fmul.o)
    0x08009e06   0x08009e06   0x0000008c   Code   RO         3940    x$fpl$fnaninf       fz_ws.l(fnaninf.o)
    0x08009e92   0x08009e92   0x0000000a   Code   RO         3942    x$fpl$fretinf       fz_ws.l(fretinf.o)
    0x08009e9c   0x08009e9c   0x00000062   Code   RO         3904    x$fpl$frleqf        fz_ws.l(frleqf.o)
    0x08009efe   0x08009efe   0x00000014   Code   RO         3881    x$fpl$frsb          fz_ws.l(faddsub_clz.o)
    0x08009f12   0x08009f12   0x00000002   PAD
    0x08009f14   0x08009f14   0x000000ea   Code   RO         3882    x$fpl$fsub          fz_ws.l(faddsub_clz.o)
    0x08009ffe   0x08009ffe   0x00000004   Code   RO         3906    x$fpl$printf1       fz_ws.l(printf1.o)
    0x0800a002   0x0800a002   0x00000064   Code   RO         4198    x$fpl$retnan        fz_ws.l(retnan.o)
    0x0800a066   0x0800a066   0x0000005c   Code   RO         4140    x$fpl$scalbn        fz_ws.l(scalbn.o)
    0x0800a0c2   0x0800a0c2   0x00000004   Code   RO         4014    x$fpl$scanf1        fz_ws.l(scanf1.o)
    0x0800a0c6   0x0800a0c6   0x00000008   Code   RO         4094    x$fpl$scanf2        fz_ws.l(scanf2.o)
    0x0800a0ce   0x0800a0ce   0x00000030   Code   RO         4204    x$fpl$trapveneer    fz_ws.l(trapv.o)
    0x0800a0fe   0x0800a0fe   0x00000000   Code   RO         3944    x$fpl$usenofp       fz_ws.l(usenofp.o)
    0x0800a0fe   0x0800a0fe   0x000017c0   Data   RO          434    .constdata          lcd.o
    0x0800b8be   0x0800b8be   0x00000011   Data   RO         3831    .constdata          c_w.l(__printf_flags_wp.o)
    0x0800b8cf   0x0800b8cf   0x00000001   PAD
    0x0800b8d0   0x0800b8d0   0x00000094   Data   RO         3981    .constdata          c_w.l(bigflt0.o)
    0x0800b964   0x0800b964   0x00000020   Data   RO         4222    Region$$Table       anon$$obj.o
    0x0800b984   0x0800b984   0x00000008   Data   RO         4089    c$$dinf             fz_ws.l(fpconst.o)
    0x0800b98c   0x0800b98c   0x0000001c   Data   RO         4009    locale$$data        c_w.l(lc_numeric_c.o)
    0x0800b9a8   0x0800b9a8   0x00000110   Data   RO         4084    locale$$data        c_w.l(lc_ctype_c.o)


    Execution Region ER_RW (Exec base: 0x20000000, Load base: 0x0800bab8, Size: 0x0000005c, Max: 0xffffffff, ABSOLUTE)

    Exec Addr    Load Addr    Size         Type   Attr      Idx    E Section Name        Object

    0x20000000   0x0800bab8   0x00000014   Data   RW          234    .data               system_stm32f10x.o
    0x20000014   0x0800bacc   0x00000004   Data   RW          267    .data               delay.o
    0x20000018   0x0800bad0   0x00000007   Data   RW          325    .data               usart.o
    0x2000001f   0x0800bad7   0x00000001   Data   RW          374    .data               key.o
    0x20000020   0x0800bad8   0x0000000c   Data   RW          435    .data               lcd.o
    0x2000002c   0x0800bae4   0x00000010   Data   RW          643    .data               pid.o
    0x2000003c   0x0800baf4   0x0000000c   Data   RW          670    .data               pwm.o
    0x20000048   0x0800bb00   0x00000014   Data   RW         2432    .data               stm32f10x_rcc.o


    Execution Region ER_ZI (Exec base: 0x2000005c, Load base: 0x0800bb14, Size: 0x00000864, Max: 0xffffffff, ABSOLUTE)

    Exec Addr    Load Addr    Size         Type   Attr      Idx    E Section Name        Object

    0x2000005c        -       0x000000c8   Zero   RW          324    .bss                usart.o
    0x20000124        -       0x000000c8   Zero   RW          373    .bss                key.o
    0x200001ec        -       0x0000000e   Zero   RW          433    .bss                lcd.o
    0x200001fa   0x0800bb14   0x00000002   PAD
    0x200001fc        -       0x00000054   Zero   RW          642    .bss                pid.o
    0x20000250        -       0x0000000a   Zero   RW          669    .bss                pwm.o
    0x2000025a   0x0800bb14   0x00000002   PAD
    0x2000025c        -       0x00000060   Zero   RW         4019    .bss                c_w.l(libspace.o)
    0x200002bc   0x0800bb14   0x00000004   PAD
    0x200002c0        -       0x00000200   Zero   RW          829    HEAP                startup_stm32f10x_hd.o
    0x200004c0        -       0x00000400   Zero   RW          828    STACK               startup_stm32f10x_hd.o


==============================================================================

Image component sizes


      Code (inc. data)   RO Data    RW Data    ZI Data      Debug   Object Name

       246          0          0          0          0       3179   24c02.o
       220         26          0          4          0       1643   delay.o
       680        102          0          0          0       4042   iic.o
      1996        172          0          1        200       3208   key.o
     18872        466       6080         12         14      24715   lcd.o
        76          8          0          0          0        475   led.o
       440         46          0          0          0     261311   main.o
       172         22          0          0          0       1977   misc.o
       340         56          0         16         84       2144   pid.o
       680         66          0         12         10       3377   pwm.o
        64         26        304          0       1536        780   startup_stm32f10x_hd.o
       282          6          0          0          0       1753   stm32f10x_fsmc.o
       434          6          0          0          0       4283   stm32f10x_gpio.o
        26          0          0          0          0       3522   stm32f10x_it.o
       308         38          0         20          0       4878   stm32f10x_rcc.o
      1334        160          0          0          0      13658   stm32f10x_tim.o
       408          6          0          0          0       4882   stm32f10x_usart.o
         0          0          0          0          0         32   sys.o
       328         28          0         20          0       1985   system_stm32f10x.o
      1294        176          0          7        200       5455   usart.o

    ----------------------------------------------------------------------
     28218       1410       6416         92       2048     347299   Object Totals
         0          0         32          0          0          0   (incl. Generated)
        18          0          0          0          4          0   (incl. Padding)

    ----------------------------------------------------------------------

      Code (inc. data)   RO Data    RW Data    ZI Data      Debug   Library Member Name

         8          0          0          0          0         68   __main.o
       312          4         17          0          0         92   __printf_flags_wp.o
        14          0          0          0          0         68   __printf_wp.o
         0          0          0          0          0          0   __rtentry.o
        12          0          0          0          0          0   __rtentry2.o
         6          0          0          0          0          0   __rtentry4.o
        52          8          0          0          0          0   __scatter.o
        26          0          0          0          0          0   __scatter_copy.o
        28          0          0          0          0          0   __scatter_zi.o
        28          0          0          0          0         68   _chval.o
         6          0          0          0          0          0   _printf_c.o
        44          0          0          0          0        108   _printf_char.o
        48          6          0          0          0         96   _printf_char_common.o
        36          4          0          0          0         80   _printf_char_file.o
         6          0          0          0          0          0   _printf_f.o
      1050          0          0          0          0        216   _printf_fp_dec.o
       128         16          0          0          0         84   _printf_fp_infnan.o
         0          0          0          0          0          0   _printf_percent.o
         4          0          0          0          0          0   _printf_percent_end.o
         6          0          0          0          0          0   _printf_s.o
        82          0          0          0          0         80   _printf_str.o
        22          0          0          0          0        100   _rserrno.o
        64          0          0          0          0         84   _sgetc.o
        10          0          0          0          0         68   _sputc.o
       220          4        148          0          0         96   bigflt0.o
      2074        132          0          0          0        940   btod.o
        18          0          0          0          0         80   exit.o
         8          0          0          0          0         68   ferror.o
         6          0          0          0          0        152   heapauxi.o
        18          0          0          0          0         76   isspace.o
        44         10        272          0          0         76   lc_ctype_c.o
        44         10         28          0          0         76   lc_numeric_c.o
         2          0          0          0          0          0   libinit.o
        30          0          0          0          0          0   libinit2.o
         2          0          0          0          0          0   libshutdown.o
         2          0          0          0          0          0   libshutdown2.o
         8          4          0          0         96         68   libspace.o
        38          0          0          0          0         68   llshl.o
       138          0          0          0          0         80   lludiv10.o
        24          4          0          0          0         84   noretval__2printf.o
        40          6          0          0          0         84   noretval__2sprintf.o
        16          4          0          0          0         76   rt_ctype_table.o
         8          4          0          0          0         68   rt_errno_addr_intlibspace.o
         8          4          0          0          0         68   rt_locale_intlibspace.o
        68          0          0          0          0         68   rt_memclr.o
        78          0          0          0          0         80   rt_memclr_w.o
         2          0          0          0          0          0   rtexit.o
        10          0          0          0          0          0   rtexit2.o
      1188         12          0          0          0        148   scanf_fp.o
       792         14          0          0          0        100   scanf_hexfp.o
       308         16          0          0          0        100   scanf_infnan.o
       128          0          0          0          0         68   strcmpv7m.o
       160         12          0          0          0        120   strtod.o
        74          0          0          0          0         80   sys_stackheap_outer.o
         2          0          0          0          0         68   use_no_semi.o
         2          0          0          0          0         68   use_no_semi_2.o
        98          4          0          0          0         92   d2f.o
       804         16          0          0          0        272   daddsub_clz.o
        16          4          0          0          0         68   dcheck1.o
        24          0          0          0          0         68   dcmpi.o
       688        140          0          0          0        208   ddiv.o
       120          4          0          0          0         92   deqf.o
        90          4          0          0          0         92   dfixu.o
        84          0          0          0          0        136   dflt_clz.o
       120          4          0          0          0         92   dleqf.o
       340         12          0          0          0        104   dmul.o
       156          4          0          0          0         92   dnaninf.o
        12          0          0          0          0         68   dretinf.o
       108          0          0          0          0         80   drleqf.o
        86          4          0          0          0         84   f2d.o
       450          8          0          0          0        236   faddsub_clz.o
        24          0          0          0          0         68   fcmpi.o
       388         76          0          0          0         96   fdiv.o
        62          4          0          0          0         84   ffixu.o
        86          0          0          0          0        136   fflt_clz.o
       104          4          0          0          0         84   fleqf.o
       258          4          0          0          0         84   fmul.o
       140          4          0          0          0         84   fnaninf.o
         0          0          8          0          0          0   fpconst.o
        10          0          0          0          0         68   fretinf.o
        98          0          0          0          0         68   frleqf.o
         4          0          0          0          0         68   printf1.o
       100          0          0          0          0         68   retnan.o
        92          0          0          0          0         68   scalbn.o
         4          0          0          0          0         68   scanf1.o
         8          0          0          0          0         84   scanf2.o
        48          0          0          0          0         68   trapv.o
         0          0          0          0          0          0   usenofp.o
        42          0          0          0          0         84   atof.o
        30          6          0          0          0        136   dunder.o
        40          0          0          0          0         68   fpclassify.o
        88          8          0          0          0         76   frexp.o
       138          0          0          0          0        160   ldexp.o
       152          4          0          0          0        168   narrow.o

    ----------------------------------------------------------------------
     12692        590        474          0        100       7944   Library Totals
        28          2          1          0          4          0   (incl. Padding)

    ----------------------------------------------------------------------

      Code (inc. data)   RO Data    RW Data    ZI Data      Debug   Library Name

      7552        274        465          0         96       4272   c_w.l
      4622        296          8          0          0       2980   fz_ws.l
       490         18          0          0          0        692   m_ws.l

    ----------------------------------------------------------------------
     12692        590        474          0        100       7944   Library Totals

    ----------------------------------------------------------------------

==============================================================================


      Code (inc. data)   RO Data    RW Data    ZI Data      Debug   

     40910       2000       6890         92       2148     345255   Grand Totals
     40910       2000       6890         92       2148     345255   ELF Image Totals
     40910       2000       6890         92          0          0   ROM Totals

==============================================================================

    Total RO  Size (Code + RO Data)                47800 (  46.68kB)
    Total RW  Size (RW Data + ZI Data)              2240 (   2.19kB)
    Total ROM Size (Code + RO Data + RW Data)      47892 (  46.77kB)

==============================================================================

